[INFO] Scanning for projects...
[INFO] 
[INFO] ---------------------< com.example:order-mgmt-app >---------------------
[INFO] Building order-mgmt-app 0.0.1-SNAPSHOT
[INFO]   from pom.xml
[INFO] --------------------------------[ jar ]---------------------------------
[INFO] 
[INFO] >>> spring-boot:3.4.0:run (default-cli) > test-compile @ order-mgmt-app >>>
[INFO] 
[INFO] --- resources:3.3.1:resources (default-resources) @ order-mgmt-app ---
[INFO] Copying 3 resources from src/main/resources to target/classes
[INFO] Copying 5 resources from src/main/resources to target/classes
[INFO] 
[INFO] --- compiler:3.13.0:compile (default-compile) @ order-mgmt-app ---
[INFO] Nothing to compile - all classes are up to date.
[INFO] 
[INFO] --- resources:3.3.1:testResources (default-testResources) @ order-mgmt-app ---
[INFO] skip non existing resourceDirectory /Users/somanathkambar/IdeaProjects/OrderManagement/order-mgmt-app/src/test/resources
[INFO] 
[INFO] --- compiler:3.13.0:testCompile (default-testCompile) @ order-mgmt-app ---
[INFO] Nothing to compile - all classes are up to date.
[INFO] 
[INFO] <<< spring-boot:3.4.0:run (default-cli) < test-compile @ order-mgmt-app <<<
[INFO] 
[INFO] 
[INFO] --- spring-boot:3.4.0:run (default-cli) @ order-mgmt-app ---
[INFO] Attaching agents: []

  .   ____          _            __ _ _
 /\\ / ___'_ __ _ _(_)_ __  __ _ \ \ \ \
( ( )\___ | '_ | '_| | '_ \/ _` | \ \ \ \
 \\/  ___)| |_)| | | | | || (_| |  ) ) ) )
  '  |____| .__|_| |_|_| |_\__, | / / / /
 =========|_|==============|___/=/_/_/_/

 :: Spring Boot ::                (v3.4.0)

2026-01-04T20:47:57.851+05:30  INFO 7071 --- [OrderManagement] [           main] c.e.o.OrderManagementApplication         : Starting OrderManagementApplication using Java 17.0.17 with PID 7071 (/Users/somanathkambar/IdeaProjects/OrderManagement/order-mgmt-app/target/classes started by somanathkambar in /Users/somanathkambar/IdeaProjects/OrderManagement/order-mgmt-app)
2026-01-04T20:47:57.853+05:30  INFO 7071 --- [OrderManagement] [           main] c.e.o.OrderManagementApplication         : The following 1 profile is active: "dev"
2026-01-04T20:47:58.326+05:30  INFO 7071 --- [OrderManagement] [           main] .s.d.r.c.RepositoryConfigurationDelegate : Multiple Spring Data modules found, entering strict repository configuration mode
2026-01-04T20:47:58.327+05:30  INFO 7071 --- [OrderManagement] [           main] .s.d.r.c.RepositoryConfigurationDelegate : Bootstrapping Spring Data JPA repositories in DEFAULT mode.
2026-01-04T20:47:58.402+05:30  INFO 7071 --- [OrderManagement] [           main] .s.d.r.c.RepositoryConfigurationDelegate : Finished Spring Data repository scanning in 70 ms. Found 4 JPA repository interfaces.
2026-01-04T20:47:58.757+05:30  INFO 7071 --- [OrderManagement] [           main] o.s.b.w.embedded.tomcat.TomcatWebServer  : Tomcat initialized with port 8081 (http)
2026-01-04T20:47:58.763+05:30  INFO 7071 --- [OrderManagement] [           main] o.apache.catalina.core.StandardService   : Starting service [Tomcat]
2026-01-04T20:47:58.763+05:30  INFO 7071 --- [OrderManagement] [           main] o.apache.catalina.core.StandardEngine    : Starting Servlet engine: [Apache Tomcat/10.1.33]
2026-01-04T20:47:58.796+05:30  INFO 7071 --- [OrderManagement] [           main] o.a.c.c.C.[Tomcat].[localhost].[/]       : Initializing Spring embedded WebApplicationContext
2026-01-04T20:47:58.796+05:30  INFO 7071 --- [OrderManagement] [           main] w.s.c.ServletWebServerApplicationContext : Root WebApplicationContext: initialization completed in 923 ms
2026-01-04T20:47:58.850+05:30  INFO 7071 --- [OrderManagement] [           main] com.zaxxer.hikari.HikariDataSource       : HikariPool-1 - Starting...
2026-01-04T20:47:58.931+05:30  INFO 7071 --- [OrderManagement] [           main] com.zaxxer.hikari.pool.HikariPool        : HikariPool-1 - Added connection conn0: url=jdbc:h2:mem:ordermanagement user=SA
2026-01-04T20:47:58.931+05:30  INFO 7071 --- [OrderManagement] [           main] com.zaxxer.hikari.HikariDataSource       : HikariPool-1 - Start completed.
2026-01-04T20:47:58.936+05:30  INFO 7071 --- [OrderManagement] [           main] o.s.b.a.h2.H2ConsoleAutoConfiguration    : H2 console available at '/h2-console'. Database available at 'jdbc:h2:mem:ordermanagement'
2026-01-04T20:47:59.066+05:30  INFO 7071 --- [OrderManagement] [           main] org.flywaydb.core.FlywayExecutor         : Database: jdbc:h2:mem:ordermanagement (H2 2.3)
2026-01-04T20:47:59.070+05:30  WARN 7071 --- [OrderManagement] [           main] o.f.c.internal.database.base.Database    : Flyway upgrade recommended: H2 2.3.232 is newer than this version of Flyway and support has not been tested. The latest supported version of H2 is 2.2.224.
2026-01-04T20:47:59.080+05:30  INFO 7071 --- [OrderManagement] [           main] o.f.c.i.s.JdbcTableSchemaHistory         : Schema history table "PUBLIC"."flyway_schema_history" does not exist yet
2026-01-04T20:47:59.081+05:30  INFO 7071 --- [OrderManagement] [           main] o.f.core.internal.command.DbValidate     : Successfully validated 2 migrations (execution time 00:00.006s)
2026-01-04T20:47:59.084+05:30  INFO 7071 --- [OrderManagement] [           main] o.f.c.i.s.JdbcTableSchemaHistory         : Creating Schema History table "PUBLIC"."flyway_schema_history" ...
2026-01-04T20:47:59.101+05:30  INFO 7071 --- [OrderManagement] [           main] o.f.core.internal.command.DbMigrate      : Current version of schema "PUBLIC": << Empty Schema >>
2026-01-04T20:47:59.106+05:30  INFO 7071 --- [OrderManagement] [           main] o.f.core.internal.command.DbMigrate      : Migrating schema "PUBLIC" to version "1 - init schema"
2026-01-04T20:47:59.117+05:30  INFO 7071 --- [OrderManagement] [           main] o.f.core.internal.command.DbMigrate      : Migrating schema "PUBLIC" to version "2 - create outbox table"
2026-01-04T20:47:59.121+05:30  INFO 7071 --- [OrderManagement] [           main] o.f.core.internal.command.DbMigrate      : Successfully applied 2 migrations to schema "PUBLIC", now at version v2 (execution time 00:00.007s)
2026-01-04T20:47:59.172+05:30  INFO 7071 --- [OrderManagement] [           main] o.hibernate.jpa.internal.util.LogHelper  : HHH000204: Processing PersistenceUnitInfo [name: default]
2026-01-04T20:47:59.193+05:30  INFO 7071 --- [OrderManagement] [           main] org.hibernate.Version                    : HHH000412: Hibernate ORM core version 6.6.2.Final
2026-01-04T20:47:59.207+05:30  INFO 7071 --- [OrderManagement] [           main] o.h.c.internal.RegionFactoryInitiator    : HHH000026: Second-level cache disabled
2026-01-04T20:47:59.329+05:30  INFO 7071 --- [OrderManagement] [           main] o.s.o.j.p.SpringPersistenceUnitInfo      : No LoadTimeWeaver setup: ignoring JPA class transformer
2026-01-04T20:47:59.357+05:30  WARN 7071 --- [OrderManagement] [           main] org.hibernate.orm.deprecation            : HHH90000025: H2Dialect does not need to be specified explicitly using 'hibernate.dialect' (remove the property setting and it will be selected by default)
2026-01-04T20:47:59.364+05:30  INFO 7071 --- [OrderManagement] [           main] org.hibernate.orm.connections.pooling    : HHH10001005: Database info:
	Database JDBC URL [Connecting through datasource 'HikariDataSource (HikariPool-1)']
	Database driver: undefined/unknown
	Database version: 2.3.232
	Autocommit mode: undefined/unknown
	Isolation level: undefined/unknown
	Minimum pool size: undefined/unknown
	Maximum pool size: undefined/unknown
2026-01-04T20:47:59.819+05:30  INFO 7071 --- [OrderManagement] [           main] o.h.e.t.j.p.i.JtaPlatformInitiator       : HHH000489: No JTA platform available (set 'hibernate.transaction.jta.platform' to enable JTA platform integration)
2026-01-04T20:47:59.830+05:30  INFO 7071 --- [OrderManagement] [           main] j.LocalContainerEntityManagerFactoryBean : Initialized JPA EntityManagerFactory for persistence unit 'default'
2026-01-04T20:48:00.065+05:30  INFO 7071 --- [OrderManagement] [           main] o.s.d.j.r.query.QueryEnhancerFactory     : Hibernate is in classpath; If applicable, HQL parser will be used.
2026-01-04T20:48:00.764+05:30  INFO 7071 --- [OrderManagement] [           main] o.s.b.a.e.web.EndpointLinksResolver      : Exposing 3 endpoints beneath base path '/actuator'
2026-01-04T20:48:00.827+05:30  INFO 7071 --- [OrderManagement] [           main] o.s.b.w.embedded.tomcat.TomcatWebServer  : Tomcat started on port 8081 (http) with context path '/'
2026-01-04T20:48:00.845+05:30  INFO 7071 --- [OrderManagement] [           main] o.a.k.clients.consumer.ConsumerConfig    : ConsumerConfig values: 
	allow.auto.create.topics = true
	auto.commit.interval.ms = 5000
	auto.include.jmx.reporter = true
	auto.offset.reset = earliest
	bootstrap.servers = [localhost:9092]
	check.crcs = true
	client.dns.lookup = use_all_dns_ips
	client.id = consumer-order-management-group-1
	client.rack = 
	connections.max.idle.ms = 540000
	default.api.timeout.ms = 60000
	enable.auto.commit = false
	enable.metrics.push = true
	exclude.internal.topics = true
	fetch.max.bytes = 52428800
	fetch.max.wait.ms = 500
	fetch.min.bytes = 1
	group.id = order-management-group
	group.instance.id = null
	group.protocol = classic
	group.remote.assignor = null
	heartbeat.interval.ms = 3000
	interceptor.classes = []
	internal.leave.group.on.close = true
	internal.throw.on.fetch.stable.offset.unsupported = false
	isolation.level = read_uncommitted
	key.deserializer = class org.apache.kafka.common.serialization.StringDeserializer
	max.partition.fetch.bytes = 1048576
	max.poll.interval.ms = 300000
	max.poll.records = 500
	metadata.max.age.ms = 300000
	metadata.recovery.strategy = none
	metric.reporters = []
	metrics.num.samples = 2
	metrics.recording.level = INFO
	metrics.sample.window.ms = 30000
	partition.assignment.strategy = [class org.apache.kafka.clients.consumer.RangeAssignor, class org.apache.kafka.clients.consumer.CooperativeStickyAssignor]
	receive.buffer.bytes = 65536
	reconnect.backoff.max.ms = 1000
	reconnect.backoff.ms = 50
	request.timeout.ms = 30000
	retry.backoff.max.ms = 1000
	retry.backoff.ms = 100
	sasl.client.callback.handler.class = null
	sasl.jaas.config = null
	sasl.kerberos.kinit.cmd = /usr/bin/kinit
	sasl.kerberos.min.time.before.relogin = 60000
	sasl.kerberos.service.name = null
	sasl.kerberos.ticket.renew.jitter = 0.05
	sasl.kerberos.ticket.renew.window.factor = 0.8
	sasl.login.callback.handler.class = null
	sasl.login.class = null
	sasl.login.connect.timeout.ms = null
	sasl.login.read.timeout.ms = null
	sasl.login.refresh.buffer.seconds = 300
	sasl.login.refresh.min.period.seconds = 60
	sasl.login.refresh.window.factor = 0.8
	sasl.login.refresh.window.jitter = 0.05
	sasl.login.retry.backoff.max.ms = 10000
	sasl.login.retry.backoff.ms = 100
	sasl.mechanism = GSSAPI
	sasl.oauthbearer.clock.skew.seconds = 30
	sasl.oauthbearer.expected.audience = null
	sasl.oauthbearer.expected.issuer = null
	sasl.oauthbearer.jwks.endpoint.refresh.ms = 3600000
	sasl.oauthbearer.jwks.endpoint.retry.backoff.max.ms = 10000
	sasl.oauthbearer.jwks.endpoint.retry.backoff.ms = 100
	sasl.oauthbearer.jwks.endpoint.url = null
	sasl.oauthbearer.scope.claim.name = scope
	sasl.oauthbearer.sub.claim.name = sub
	sasl.oauthbearer.token.endpoint.url = null
	security.protocol = PLAINTEXT
	security.providers = null
	send.buffer.bytes = 131072
	session.timeout.ms = 45000
	socket.connection.setup.timeout.max.ms = 30000
	socket.connection.setup.timeout.ms = 10000
	ssl.cipher.suites = null
	ssl.enabled.protocols = [TLSv1.2, TLSv1.3]
	ssl.endpoint.identification.algorithm = https
	ssl.engine.factory.class = null
	ssl.key.password = null
	ssl.keymanager.algorithm = SunX509
	ssl.keystore.certificate.chain = null
	ssl.keystore.key = null
	ssl.keystore.location = null
	ssl.keystore.password = null
	ssl.keystore.type = JKS
	ssl.protocol = TLSv1.3
	ssl.provider = null
	ssl.secure.random.implementation = null
	ssl.trustmanager.algorithm = PKIX
	ssl.truststore.certificates = null
	ssl.truststore.location = null
	ssl.truststore.password = null
	ssl.truststore.type = JKS
	value.deserializer = class org.springframework.kafka.support.serializer.JsonDeserializer

2026-01-04T20:48:00.865+05:30  INFO 7071 --- [OrderManagement] [           main] o.a.k.c.t.i.KafkaMetricsCollector        : initializing Kafka metrics collector
2026-01-04T20:48:00.918+05:30  INFO 7071 --- [OrderManagement] [           main] o.a.kafka.common.utils.AppInfoParser     : Kafka version: 3.8.1
2026-01-04T20:48:00.918+05:30  INFO 7071 --- [OrderManagement] [           main] o.a.kafka.common.utils.AppInfoParser     : Kafka commitId: 70d6ff42debf7e17
2026-01-04T20:48:00.918+05:30  INFO 7071 --- [OrderManagement] [           main] o.a.kafka.common.utils.AppInfoParser     : Kafka startTimeMs: 1767539880917
2026-01-04T20:48:00.923+05:30  INFO 7071 --- [OrderManagement] [           main] o.a.k.c.c.internals.LegacyKafkaConsumer  : [Consumer clientId=consumer-order-management-group-1, groupId=order-management-group] Subscribed to topic(s): orders.events
2026-01-04T20:48:00.937+05:30  INFO 7071 --- [OrderManagement] [           main] c.e.o.OrderManagementApplication         : Started OrderManagementApplication in 3.269 seconds (process running for 3.404)
Hibernate: 
    select
        oe1_0.id,
        oe1_0.aggregate_id,
        oe1_0.aggregate_type,
        oe1_0.created_at,
        oe1_0.event_type,
        oe1_0.payload,
        oe1_0.processed_at,
        oe1_0.retry_count,
        oe1_0.status,
        oe1_0.topic 
    from
        outbox_events oe1_0 
    where
        oe1_0.status=? 
    order by
        oe1_0.created_at
2026-01-04T20:48:01.030+05:30  INFO 7071 --- [OrderManagement] [ntainer#0-0-C-1] org.apache.kafka.clients.NetworkClient   : [Consumer clientId=consumer-order-management-group-1, groupId=order-management-group] Node -1 disconnected.
2026-01-04T20:48:01.031+05:30  WARN 7071 --- [OrderManagement] [ntainer#0-0-C-1] org.apache.kafka.clients.NetworkClient   : [Consumer clientId=consumer-order-management-group-1, groupId=order-management-group] Connection to node -1 (localhost/127.0.0.1:9092) could not be established. Node may not be available.
2026-01-04T20:48:01.031+05:30  WARN 7071 --- [OrderManagement] [ntainer#0-0-C-1] org.apache.kafka.clients.NetworkClient   : [Consumer clientId=consumer-order-management-group-1, groupId=order-management-group] Bootstrap broker localhost:9092 (id: -1 rack: null) disconnected
2026-01-04T20:48:01.132+05:30  INFO 7071 --- [OrderManagement] [ntainer#0-0-C-1] org.apache.kafka.clients.NetworkClient   : [Consumer clientId=consumer-order-management-group-1, groupId=order-management-group] Node -1 disconnected.
2026-01-04T20:48:01.132+05:30  WARN 7071 --- [OrderManagement] [ntainer#0-0-C-1] org.apache.kafka.clients.NetworkClient   : [Consumer clientId=consumer-order-management-group-1, groupId=order-management-group] Connection to node -1 (localhost/127.0.0.1:9092) could not be established. Node may not be available.
2026-01-04T20:48:01.132+05:30  WARN 7071 --- [OrderManagement] [ntainer#0-0-C-1] org.apache.kafka.clients.NetworkClient   : [Consumer clientId=consumer-order-management-group-1, groupId=order-management-group] Bootstrap broker localhost:9092 (id: -1 rack: null) disconnected
2026-01-04T20:48:01.235+05:30  INFO 7071 --- [OrderManagement] [ntainer#0-0-C-1] org.apache.kafka.clients.NetworkClient   : [Consumer clientId=consumer-order-management-group-1, groupId=order-management-group] Node -1 disconnected.
2026-01-04T20:48:01.235+05:30  WARN 7071 --- [OrderManagement] [ntainer#0-0-C-1] org.apache.kafka.clients.NetworkClient   : [Consumer clientId=consumer-order-management-group-1, groupId=order-management-group] Connection to node -1 (localhost/127.0.0.1:9092) could not be established. Node may not be available.
2026-01-04T20:48:01.235+05:30  WARN 7071 --- [OrderManagement] [ntainer#0-0-C-1] org.apache.kafka.clients.NetworkClient   : [Consumer clientId=consumer-order-management-group-1, groupId=order-management-group] Bootstrap broker localhost:9092 (id: -1 rack: null) disconnected
2026-01-04T20:48:01.464+05:30  INFO 7071 --- [OrderManagement] [ntainer#0-0-C-1] org.apache.kafka.clients.NetworkClient   : [Consumer clientId=consumer-order-management-group-1, groupId=order-management-group] Node -1 disconnected.
2026-01-04T20:48:01.464+05:30  WARN 7071 --- [OrderManagement] [ntainer#0-0-C-1] org.apache.kafka.clients.NetworkClient   : [Consumer clientId=consumer-order-management-group-1, groupId=order-management-group] Connection to node -1 (localhost/127.0.0.1:9092) could not be established. Node may not be available.
2026-01-04T20:48:01.464+05:30  WARN 7071 --- [OrderManagement] [ntainer#0-0-C-1] org.apache.kafka.clients.NetworkClient   : [Consumer clientId=consumer-order-management-group-1, groupId=order-management-group] Bootstrap broker localhost:9092 (id: -1 rack: null) disconnected
2026-01-04T20:48:01.929+05:30  INFO 7071 --- [OrderManagement] [ntainer#0-0-C-1] org.apache.kafka.clients.NetworkClient   : [Consumer clientId=consumer-order-management-group-1, groupId=order-management-group] Node -1 disconnected.
2026-01-04T20:48:01.930+05:30  WARN 7071 --- [OrderManagement] [ntainer#0-0-C-1] org.apache.kafka.clients.NetworkClient   : [Consumer clientId=consumer-order-management-group-1, groupId=order-management-group] Connection to node -1 (localhost/127.0.0.1:9092) could not be established. Node may not be available.
2026-01-04T20:48:01.930+05:30  WARN 7071 --- [OrderManagement] [ntainer#0-0-C-1] org.apache.kafka.clients.NetworkClient   : [Consumer clientId=consumer-order-management-group-1, groupId=order-management-group] Bootstrap broker localhost:9092 (id: -1 rack: null) disconnected
2026-01-04T20:48:02.798+05:30  INFO 7071 --- [OrderManagement] [ntainer#0-0-C-1] org.apache.kafka.clients.NetworkClient   : [Consumer clientId=consumer-order-management-group-1, groupId=order-management-group] Node -1 disconnected.
2026-01-04T20:48:02.798+05:30  WARN 7071 --- [OrderManagement] [ntainer#0-0-C-1] org.apache.kafka.clients.NetworkClient   : [Consumer clientId=consumer-order-management-group-1, groupId=order-management-group] Connection to node -1 (localhost/127.0.0.1:9092) could not be established. Node may not be available.
2026-01-04T20:48:02.798+05:30  WARN 7071 --- [OrderManagement] [ntainer#0-0-C-1] org.apache.kafka.clients.NetworkClient   : [Consumer clientId=consumer-order-management-group-1, groupId=order-management-group] Bootstrap broker localhost:9092 (id: -1 rack: null) disconnected
Hibernate: 
    select
        oe1_0.id,
        oe1_0.aggregate_id,
        oe1_0.aggregate_type,
        oe1_0.created_at,
        oe1_0.event_type,
        oe1_0.payload,
        oe1_0.processed_at,
        oe1_0.retry_count,
        oe1_0.status,
        oe1_0.topic 
    from
        outbox_events oe1_0 
    where
        oe1_0.status=? 
    order by
        oe1_0.created_at
2026-01-04T20:48:03.820+05:30  INFO 7071 --- [OrderManagement] [ntainer#0-0-C-1] org.apache.kafka.clients.NetworkClient   : [Consumer clientId=consumer-order-management-group-1, groupId=order-management-group] Node -1 disconnected.
2026-01-04T20:48:03.820+05:30  WARN 7071 --- [OrderManagement] [ntainer#0-0-C-1] org.apache.kafka.clients.NetworkClient   : [Consumer clientId=consumer-order-management-group-1, groupId=order-management-group] Connection to node -1 (localhost/127.0.0.1:9092) could not be established. Node may not be available.
2026-01-04T20:48:03.820+05:30  WARN 7071 --- [OrderManagement] [ntainer#0-0-C-1] org.apache.kafka.clients.NetworkClient   : [Consumer clientId=consumer-order-management-group-1, groupId=order-management-group] Bootstrap broker localhost:9092 (id: -1 rack: null) disconnected
2026-01-04T20:48:04.821+05:30  INFO 7071 --- [OrderManagement] [ntainer#0-0-C-1] org.apache.kafka.clients.NetworkClient   : [Consumer clientId=consumer-order-management-group-1, groupId=order-management-group] Node -1 disconnected.
2026-01-04T20:48:04.822+05:30  WARN 7071 --- [OrderManagement] [ntainer#0-0-C-1] org.apache.kafka.clients.NetworkClient   : [Consumer clientId=consumer-order-management-group-1, groupId=order-management-group] Connection to node -1 (localhost/127.0.0.1:9092) could not be established. Node may not be available.
2026-01-04T20:48:04.822+05:30  WARN 7071 --- [OrderManagement] [ntainer#0-0-C-1] org.apache.kafka.clients.NetworkClient   : [Consumer clientId=consumer-order-management-group-1, groupId=order-management-group] Bootstrap broker localhost:9092 (id: -1 rack: null) disconnected
Hibernate: 
    select
        oe1_0.id,
        oe1_0.aggregate_id,
        oe1_0.aggregate_type,
        oe1_0.created_at,
        oe1_0.event_type,
        oe1_0.payload,
        oe1_0.processed_at,
        oe1_0.retry_count,
        oe1_0.status,
        oe1_0.topic 
    from
        outbox_events oe1_0 
    where
        oe1_0.status=? 
    order by
        oe1_0.created_at
2026-01-04T20:48:05.794+05:30  INFO 7071 --- [OrderManagement] [ntainer#0-0-C-1] org.apache.kafka.clients.NetworkClient   : [Consumer clientId=consumer-order-management-group-1, groupId=order-management-group] Node -1 disconnected.
2026-01-04T20:48:05.794+05:30  WARN 7071 --- [OrderManagement] [ntainer#0-0-C-1] org.apache.kafka.clients.NetworkClient   : [Consumer clientId=consumer-order-management-group-1, groupId=order-management-group] Connection to node -1 (localhost/127.0.0.1:9092) could not be established. Node may not be available.
2026-01-04T20:48:05.794+05:30  WARN 7071 --- [OrderManagement] [ntainer#0-0-C-1] org.apache.kafka.clients.NetworkClient   : [Consumer clientId=consumer-order-management-group-1, groupId=order-management-group] Bootstrap broker localhost:9092 (id: -1 rack: null) disconnected
2026-01-04T20:48:06.795+05:30  INFO 7071 --- [OrderManagement] [ntainer#0-0-C-1] org.apache.kafka.clients.NetworkClient   : [Consumer clientId=consumer-order-management-group-1, groupId=order-management-group] Node -1 disconnected.
2026-01-04T20:48:06.796+05:30  WARN 7071 --- [OrderManagement] [ntainer#0-0-C-1] org.apache.kafka.clients.NetworkClient   : [Consumer clientId=consumer-order-management-group-1, groupId=order-management-group] Connection to node -1 (localhost/127.0.0.1:9092) could not be established. Node may not be available.
2026-01-04T20:48:06.796+05:30  WARN 7071 --- [OrderManagement] [ntainer#0-0-C-1] org.apache.kafka.clients.NetworkClient   : [Consumer clientId=consumer-order-management-group-1, groupId=order-management-group] Bootstrap broker localhost:9092 (id: -1 rack: null) disconnected
Hibernate: 
    select
        oe1_0.id,
        oe1_0.aggregate_id,
        oe1_0.aggregate_type,
        oe1_0.created_at,
        oe1_0.event_type,
        oe1_0.payload,
        oe1_0.processed_at,
        oe1_0.retry_count,
        oe1_0.status,
        oe1_0.topic 
    from
        outbox_events oe1_0 
    where
        oe1_0.status=? 
    order by
        oe1_0.created_at
2026-01-04T20:48:07.796+05:30  INFO 7071 --- [OrderManagement] [ntainer#0-0-C-1] org.apache.kafka.clients.NetworkClient   : [Consumer clientId=consumer-order-management-group-1, groupId=order-management-group] Node -1 disconnected.
2026-01-04T20:48:07.796+05:30  WARN 7071 --- [OrderManagement] [ntainer#0-0-C-1] org.apache.kafka.clients.NetworkClient   : [Consumer clientId=consumer-order-management-group-1, groupId=order-management-group] Connection to node -1 (localhost/127.0.0.1:9092) could not be established. Node may not be available.
2026-01-04T20:48:07.796+05:30  WARN 7071 --- [OrderManagement] [ntainer#0-0-C-1] org.apache.kafka.clients.NetworkClient   : [Consumer clientId=consumer-order-management-group-1, groupId=order-management-group] Bootstrap broker localhost:9092 (id: -1 rack: null) disconnected
2026-01-04T20:48:08.655+05:30  INFO 7071 --- [OrderManagement] [ntainer#0-0-C-1] org.apache.kafka.clients.NetworkClient   : [Consumer clientId=consumer-order-management-group-1, groupId=order-management-group] Node -1 disconnected.
2026-01-04T20:48:08.655+05:30  WARN 7071 --- [OrderManagement] [ntainer#0-0-C-1] org.apache.kafka.clients.NetworkClient   : [Consumer clientId=consumer-order-management-group-1, groupId=order-management-group] Connection to node -1 (localhost/127.0.0.1:9092) could not be established. Node may not be available.
2026-01-04T20:48:08.655+05:30  WARN 7071 --- [OrderManagement] [ntainer#0-0-C-1] org.apache.kafka.clients.NetworkClient   : [Consumer clientId=consumer-order-management-group-1, groupId=order-management-group] Bootstrap broker localhost:9092 (id: -1 rack: null) disconnected
Hibernate: 
    select
        oe1_0.id,
        oe1_0.aggregate_id,
        oe1_0.aggregate_type,
        oe1_0.created_at,
        oe1_0.event_type,
        oe1_0.payload,
        oe1_0.processed_at,
        oe1_0.retry_count,
        oe1_0.status,
        oe1_0.topic 
    from
        outbox_events oe1_0 
    where
        oe1_0.status=? 
    order by
        oe1_0.created_at
2026-01-04T20:48:09.666+05:30  INFO 7071 --- [OrderManagement] [ntainer#0-0-C-1] org.apache.kafka.clients.NetworkClient   : [Consumer clientId=consumer-order-management-group-1, groupId=order-management-group] Node -1 disconnected.
2026-01-04T20:48:09.667+05:30  WARN 7071 --- [OrderManagement] [ntainer#0-0-C-1] org.apache.kafka.clients.NetworkClient   : [Consumer clientId=consumer-order-management-group-1, groupId=order-management-group] Connection to node -1 (localhost/127.0.0.1:9092) could not be established. Node may not be available.
2026-01-04T20:48:09.667+05:30  WARN 7071 --- [OrderManagement] [ntainer#0-0-C-1] org.apache.kafka.clients.NetworkClient   : [Consumer clientId=consumer-order-management-group-1, groupId=order-management-group] Bootstrap broker localhost:9092 (id: -1 rack: null) disconnected
2026-01-04T20:48:10.688+05:30  INFO 7071 --- [OrderManagement] [ntainer#0-0-C-1] org.apache.kafka.clients.NetworkClient   : [Consumer clientId=consumer-order-management-group-1, groupId=order-management-group] Node -1 disconnected.
2026-01-04T20:48:10.688+05:30  WARN 7071 --- [OrderManagement] [ntainer#0-0-C-1] org.apache.kafka.clients.NetworkClient   : [Consumer clientId=consumer-order-management-group-1, groupId=order-management-group] Connection to node -1 (localhost/127.0.0.1:9092) could not be established. Node may not be available.
2026-01-04T20:48:10.688+05:30  WARN 7071 --- [OrderManagement] [ntainer#0-0-C-1] org.apache.kafka.clients.NetworkClient   : [Consumer clientId=consumer-order-management-group-1, groupId=order-management-group] Bootstrap broker localhost:9092 (id: -1 rack: null) disconnected
Hibernate: 
    select
        oe1_0.id,
        oe1_0.aggregate_id,
        oe1_0.aggregate_type,
        oe1_0.created_at,
        oe1_0.event_type,
        oe1_0.payload,
        oe1_0.processed_at,
        oe1_0.retry_count,
        oe1_0.status,
        oe1_0.topic 
    from
        outbox_events oe1_0 
    where
        oe1_0.status=? 
    order by
        oe1_0.created_at
2026-01-04T20:48:11.652+05:30  INFO 7071 --- [OrderManagement] [ntainer#0-0-C-1] org.apache.kafka.clients.NetworkClient   : [Consumer clientId=consumer-order-management-group-1, groupId=order-management-group] Node -1 disconnected.
2026-01-04T20:48:11.652+05:30  WARN 7071 --- [OrderManagement] [ntainer#0-0-C-1] org.apache.kafka.clients.NetworkClient   : [Consumer clientId=consumer-order-management-group-1, groupId=order-management-group] Connection to node -1 (localhost/127.0.0.1:9092) could not be established. Node may not be available.
2026-01-04T20:48:11.652+05:30  WARN 7071 --- [OrderManagement] [ntainer#0-0-C-1] org.apache.kafka.clients.NetworkClient   : [Consumer clientId=consumer-order-management-group-1, groupId=order-management-group] Bootstrap broker localhost:9092 (id: -1 rack: null) disconnected
2026-01-04T20:48:12.660+05:30  INFO 7071 --- [OrderManagement] [ntainer#0-0-C-1] org.apache.kafka.clients.NetworkClient   : [Consumer clientId=consumer-order-management-group-1, groupId=order-management-group] Node -1 disconnected.
2026-01-04T20:48:12.660+05:30  WARN 7071 --- [OrderManagement] [ntainer#0-0-C-1] org.apache.kafka.clients.NetworkClient   : [Consumer clientId=consumer-order-management-group-1, groupId=order-management-group] Connection to node -1 (localhost/127.0.0.1:9092) could not be established. Node may not be available.
2026-01-04T20:48:12.660+05:30  WARN 7071 --- [OrderManagement] [ntainer#0-0-C-1] org.apache.kafka.clients.NetworkClient   : [Consumer clientId=consumer-order-management-group-1, groupId=order-management-group] Bootstrap broker localhost:9092 (id: -1 rack: null) disconnected
Hibernate: 
    select
        oe1_0.id,
        oe1_0.aggregate_id,
        oe1_0.aggregate_type,
        oe1_0.created_at,
        oe1_0.event_type,
        oe1_0.payload,
        oe1_0.processed_at,
        oe1_0.retry_count,
        oe1_0.status,
        oe1_0.topic 
    from
        outbox_events oe1_0 
    where
        oe1_0.status=? 
    order by
        oe1_0.created_at
2026-01-04T20:48:13.662+05:30  INFO 7071 --- [OrderManagement] [ntainer#0-0-C-1] org.apache.kafka.clients.NetworkClient   : [Consumer clientId=consumer-order-management-group-1, groupId=order-management-group] Node -1 disconnected.
2026-01-04T20:48:13.662+05:30  WARN 7071 --- [OrderManagement] [ntainer#0-0-C-1] org.apache.kafka.clients.NetworkClient   : [Consumer clientId=consumer-order-management-group-1, groupId=order-management-group] Connection to node -1 (localhost/127.0.0.1:9092) could not be established. Node may not be available.
2026-01-04T20:48:13.662+05:30  WARN 7071 --- [OrderManagement] [ntainer#0-0-C-1] org.apache.kafka.clients.NetworkClient   : [Consumer clientId=consumer-order-management-group-1, groupId=order-management-group] Bootstrap broker localhost:9092 (id: -1 rack: null) disconnected
2026-01-04T20:48:14.672+05:30  INFO 7071 --- [OrderManagement] [ntainer#0-0-C-1] org.apache.kafka.clients.NetworkClient   : [Consumer clientId=consumer-order-management-group-1, groupId=order-management-group] Node -1 disconnected.
2026-01-04T20:48:14.672+05:30  WARN 7071 --- [OrderManagement] [ntainer#0-0-C-1] org.apache.kafka.clients.NetworkClient   : [Consumer clientId=consumer-order-management-group-1, groupId=order-management-group] Connection to node -1 (localhost/127.0.0.1:9092) could not be established. Node may not be available.
2026-01-04T20:48:14.672+05:30  WARN 7071 --- [OrderManagement] [ntainer#0-0-C-1] org.apache.kafka.clients.NetworkClient   : [Consumer clientId=consumer-order-management-group-1, groupId=order-management-group] Bootstrap broker localhost:9092 (id: -1 rack: null) disconnected
Hibernate: 
    select
        oe1_0.id,
        oe1_0.aggregate_id,
        oe1_0.aggregate_type,
        oe1_0.created_at,
        oe1_0.event_type,
        oe1_0.payload,
        oe1_0.processed_at,
        oe1_0.retry_count,
        oe1_0.status,
        oe1_0.topic 
    from
        outbox_events oe1_0 
    where
        oe1_0.status=? 
    order by
        oe1_0.created_at
2026-01-04T20:48:15.702+05:30  INFO 7071 --- [OrderManagement] [ntainer#0-0-C-1] org.apache.kafka.clients.NetworkClient   : [Consumer clientId=consumer-order-management-group-1, groupId=order-management-group] Node -1 disconnected.
2026-01-04T20:48:15.702+05:30  WARN 7071 --- [OrderManagement] [ntainer#0-0-C-1] org.apache.kafka.clients.NetworkClient   : [Consumer clientId=consumer-order-management-group-1, groupId=order-management-group] Connection to node -1 (localhost/127.0.0.1:9092) could not be established. Node may not be available.
2026-01-04T20:48:15.702+05:30  WARN 7071 --- [OrderManagement] [ntainer#0-0-C-1] org.apache.kafka.clients.NetworkClient   : [Consumer clientId=consumer-order-management-group-1, groupId=order-management-group] Bootstrap broker localhost:9092 (id: -1 rack: null) disconnected
2026-01-04T20:48:16.704+05:30  INFO 7071 --- [OrderManagement] [ntainer#0-0-C-1] org.apache.kafka.clients.NetworkClient   : [Consumer clientId=consumer-order-management-group-1, groupId=order-management-group] Node -1 disconnected.
2026-01-04T20:48:16.704+05:30  WARN 7071 --- [OrderManagement] [ntainer#0-0-C-1] org.apache.kafka.clients.NetworkClient   : [Consumer clientId=consumer-order-management-group-1, groupId=order-management-group] Connection to node -1 (localhost/127.0.0.1:9092) could not be established. Node may not be available.
2026-01-04T20:48:16.704+05:30  WARN 7071 --- [OrderManagement] [ntainer#0-0-C-1] org.apache.kafka.clients.NetworkClient   : [Consumer clientId=consumer-order-management-group-1, groupId=order-management-group] Bootstrap broker localhost:9092 (id: -1 rack: null) disconnected
Hibernate: 
    select
        oe1_0.id,
        oe1_0.aggregate_id,
        oe1_0.aggregate_type,
        oe1_0.created_at,
        oe1_0.event_type,
        oe1_0.payload,
        oe1_0.processed_at,
        oe1_0.retry_count,
        oe1_0.status,
        oe1_0.topic 
    from
        outbox_events oe1_0 
    where
        oe1_0.status=? 
    order by
        oe1_0.created_at
2026-01-04T20:48:17.724+05:30  INFO 7071 --- [OrderManagement] [ntainer#0-0-C-1] org.apache.kafka.clients.NetworkClient   : [Consumer clientId=consumer-order-management-group-1, groupId=order-management-group] Node -1 disconnected.
2026-01-04T20:48:17.725+05:30  WARN 7071 --- [OrderManagement] [ntainer#0-0-C-1] org.apache.kafka.clients.NetworkClient   : [Consumer clientId=consumer-order-management-group-1, groupId=order-management-group] Connection to node -1 (localhost/127.0.0.1:9092) could not be established. Node may not be available.
2026-01-04T20:48:17.725+05:30  WARN 7071 --- [OrderManagement] [ntainer#0-0-C-1] org.apache.kafka.clients.NetworkClient   : [Consumer clientId=consumer-order-management-group-1, groupId=order-management-group] Bootstrap broker localhost:9092 (id: -1 rack: null) disconnected
2026-01-04T20:48:18.747+05:30  INFO 7071 --- [OrderManagement] [ntainer#0-0-C-1] org.apache.kafka.clients.NetworkClient   : [Consumer clientId=consumer-order-management-group-1, groupId=order-management-group] Node -1 disconnected.
2026-01-04T20:48:18.747+05:30  WARN 7071 --- [OrderManagement] [ntainer#0-0-C-1] org.apache.kafka.clients.NetworkClient   : [Consumer clientId=consumer-order-management-group-1, groupId=order-management-group] Connection to node -1 (localhost/127.0.0.1:9092) could not be established. Node may not be available.
2026-01-04T20:48:18.747+05:30  WARN 7071 --- [OrderManagement] [ntainer#0-0-C-1] org.apache.kafka.clients.NetworkClient   : [Consumer clientId=consumer-order-management-group-1, groupId=order-management-group] Bootstrap broker localhost:9092 (id: -1 rack: null) disconnected
Hibernate: 
    select
        oe1_0.id,
        oe1_0.aggregate_id,
        oe1_0.aggregate_type,
        oe1_0.created_at,
        oe1_0.event_type,
        oe1_0.payload,
        oe1_0.processed_at,
        oe1_0.retry_count,
        oe1_0.status,
        oe1_0.topic 
    from
        outbox_events oe1_0 
    where
        oe1_0.status=? 
    order by
        oe1_0.created_at
2026-01-04T20:48:19.748+05:30  INFO 7071 --- [OrderManagement] [ntainer#0-0-C-1] org.apache.kafka.clients.NetworkClient   : [Consumer clientId=consumer-order-management-group-1, groupId=order-management-group] Node -1 disconnected.
2026-01-04T20:48:19.748+05:30  WARN 7071 --- [OrderManagement] [ntainer#0-0-C-1] org.apache.kafka.clients.NetworkClient   : [Consumer clientId=consumer-order-management-group-1, groupId=order-management-group] Connection to node -1 (localhost/127.0.0.1:9092) could not be established. Node may not be available.
2026-01-04T20:48:19.748+05:30  WARN 7071 --- [OrderManagement] [ntainer#0-0-C-1] org.apache.kafka.clients.NetworkClient   : [Consumer clientId=consumer-order-management-group-1, groupId=order-management-group] Bootstrap broker localhost:9092 (id: -1 rack: null) disconnected
2026-01-04T20:48:20.770+05:30  INFO 7071 --- [OrderManagement] [ntainer#0-0-C-1] org.apache.kafka.clients.NetworkClient   : [Consumer clientId=consumer-order-management-group-1, groupId=order-management-group] Node -1 disconnected.
2026-01-04T20:48:20.770+05:30  WARN 7071 --- [OrderManagement] [ntainer#0-0-C-1] org.apache.kafka.clients.NetworkClient   : [Consumer clientId=consumer-order-management-group-1, groupId=order-management-group] Connection to node -1 (localhost/127.0.0.1:9092) could not be established. Node may not be available.
2026-01-04T20:48:20.770+05:30  WARN 7071 --- [OrderManagement] [ntainer#0-0-C-1] org.apache.kafka.clients.NetworkClient   : [Consumer clientId=consumer-order-management-group-1, groupId=order-management-group] Bootstrap broker localhost:9092 (id: -1 rack: null) disconnected
Hibernate: 
    select
        oe1_0.id,
        oe1_0.aggregate_id,
        oe1_0.aggregate_type,
        oe1_0.created_at,
        oe1_0.event_type,
        oe1_0.payload,
        oe1_0.processed_at,
        oe1_0.retry_count,
        oe1_0.status,
        oe1_0.topic 
    from
        outbox_events oe1_0 
    where
        oe1_0.status=? 
    order by
        oe1_0.created_at
2026-01-04T20:48:21.772+05:30  INFO 7071 --- [OrderManagement] [ntainer#0-0-C-1] org.apache.kafka.clients.NetworkClient   : [Consumer clientId=consumer-order-management-group-1, groupId=order-management-group] Node -1 disconnected.
2026-01-04T20:48:21.772+05:30  WARN 7071 --- [OrderManagement] [ntainer#0-0-C-1] org.apache.kafka.clients.NetworkClient   : [Consumer clientId=consumer-order-management-group-1, groupId=order-management-group] Connection to node -1 (localhost/127.0.0.1:9092) could not be established. Node may not be available.
2026-01-04T20:48:21.772+05:30  WARN 7071 --- [OrderManagement] [ntainer#0-0-C-1] org.apache.kafka.clients.NetworkClient   : [Consumer clientId=consumer-order-management-group-1, groupId=order-management-group] Bootstrap broker localhost:9092 (id: -1 rack: null) disconnected
2026-01-04T20:48:22.773+05:30  INFO 7071 --- [OrderManagement] [ntainer#0-0-C-1] org.apache.kafka.clients.NetworkClient   : [Consumer clientId=consumer-order-management-group-1, groupId=order-management-group] Node -1 disconnected.
2026-01-04T20:48:22.774+05:30  WARN 7071 --- [OrderManagement] [ntainer#0-0-C-1] org.apache.kafka.clients.NetworkClient   : [Consumer clientId=consumer-order-management-group-1, groupId=order-management-group] Connection to node -1 (localhost/127.0.0.1:9092) could not be established. Node may not be available.
2026-01-04T20:48:22.774+05:30  WARN 7071 --- [OrderManagement] [ntainer#0-0-C-1] org.apache.kafka.clients.NetworkClient   : [Consumer clientId=consumer-order-management-group-1, groupId=order-management-group] Bootstrap broker localhost:9092 (id: -1 rack: null) disconnected
Hibernate: 
    select
        oe1_0.id,
        oe1_0.aggregate_id,
        oe1_0.aggregate_type,
        oe1_0.created_at,
        oe1_0.event_type,
        oe1_0.payload,
        oe1_0.processed_at,
        oe1_0.retry_count,
        oe1_0.status,
        oe1_0.topic 
    from
        outbox_events oe1_0 
    where
        oe1_0.status=? 
    order by
        oe1_0.created_at
2026-01-04T20:48:23.640+05:30  INFO 7071 --- [OrderManagement] [ntainer#0-0-C-1] org.apache.kafka.clients.NetworkClient   : [Consumer clientId=consumer-order-management-group-1, groupId=order-management-group] Node -1 disconnected.
2026-01-04T20:48:23.640+05:30  WARN 7071 --- [OrderManagement] [ntainer#0-0-C-1] org.apache.kafka.clients.NetworkClient   : [Consumer clientId=consumer-order-management-group-1, groupId=order-management-group] Connection to node -1 (localhost/127.0.0.1:9092) could not be established. Node may not be available.
2026-01-04T20:48:23.640+05:30  WARN 7071 --- [OrderManagement] [ntainer#0-0-C-1] org.apache.kafka.clients.NetworkClient   : [Consumer clientId=consumer-order-management-group-1, groupId=order-management-group] Bootstrap broker localhost:9092 (id: -1 rack: null) disconnected
2026-01-04T20:48:24.641+05:30  INFO 7071 --- [OrderManagement] [ntainer#0-0-C-1] org.apache.kafka.clients.NetworkClient   : [Consumer clientId=consumer-order-management-group-1, groupId=order-management-group] Node -1 disconnected.
2026-01-04T20:48:24.641+05:30  WARN 7071 --- [OrderManagement] [ntainer#0-0-C-1] org.apache.kafka.clients.NetworkClient   : [Consumer clientId=consumer-order-management-group-1, groupId=order-management-group] Connection to node -1 (localhost/127.0.0.1:9092) could not be established. Node may not be available.
2026-01-04T20:48:24.641+05:30  WARN 7071 --- [OrderManagement] [ntainer#0-0-C-1] org.apache.kafka.clients.NetworkClient   : [Consumer clientId=consumer-order-management-group-1, groupId=order-management-group] Bootstrap broker localhost:9092 (id: -1 rack: null) disconnected
Hibernate: 
    select
        oe1_0.id,
        oe1_0.aggregate_id,
        oe1_0.aggregate_type,
        oe1_0.created_at,
        oe1_0.event_type,
        oe1_0.payload,
        oe1_0.processed_at,
        oe1_0.retry_count,
        oe1_0.status,
        oe1_0.topic 
    from
        outbox_events oe1_0 
    where
        oe1_0.status=? 
    order by
        oe1_0.created_at
2026-01-04T20:48:25.660+05:30  INFO 7071 --- [OrderManagement] [ntainer#0-0-C-1] org.apache.kafka.clients.NetworkClient   : [Consumer clientId=consumer-order-management-group-1, groupId=order-management-group] Node -1 disconnected.
2026-01-04T20:48:25.660+05:30  WARN 7071 --- [OrderManagement] [ntainer#0-0-C-1] org.apache.kafka.clients.NetworkClient   : [Consumer clientId=consumer-order-management-group-1, groupId=order-management-group] Connection to node -1 (localhost/127.0.0.1:9092) could not be established. Node may not be available.
2026-01-04T20:48:25.660+05:30  WARN 7071 --- [OrderManagement] [ntainer#0-0-C-1] org.apache.kafka.clients.NetworkClient   : [Consumer clientId=consumer-order-management-group-1, groupId=order-management-group] Bootstrap broker localhost:9092 (id: -1 rack: null) disconnected
2026-01-04T20:48:26.662+05:30  INFO 7071 --- [OrderManagement] [ntainer#0-0-C-1] org.apache.kafka.clients.NetworkClient   : [Consumer clientId=consumer-order-management-group-1, groupId=order-management-group] Node -1 disconnected.
2026-01-04T20:48:26.662+05:30  WARN 7071 --- [OrderManagement] [ntainer#0-0-C-1] org.apache.kafka.clients.NetworkClient   : [Consumer clientId=consumer-order-management-group-1, groupId=order-management-group] Connection to node -1 (localhost/127.0.0.1:9092) could not be established. Node may not be available.
2026-01-04T20:48:26.662+05:30  WARN 7071 --- [OrderManagement] [ntainer#0-0-C-1] org.apache.kafka.clients.NetworkClient   : [Consumer clientId=consumer-order-management-group-1, groupId=order-management-group] Bootstrap broker localhost:9092 (id: -1 rack: null) disconnected
Hibernate: 
    select
        oe1_0.id,
        oe1_0.aggregate_id,
        oe1_0.aggregate_type,
        oe1_0.created_at,
        oe1_0.event_type,
        oe1_0.payload,
        oe1_0.processed_at,
        oe1_0.retry_count,
        oe1_0.status,
        oe1_0.topic 
    from
        outbox_events oe1_0 
    where
        oe1_0.status=? 
    order by
        oe1_0.created_at
2026-01-04T20:48:27.663+05:30  INFO 7071 --- [OrderManagement] [ntainer#0-0-C-1] org.apache.kafka.clients.NetworkClient   : [Consumer clientId=consumer-order-management-group-1, groupId=order-management-group] Node -1 disconnected.
2026-01-04T20:48:27.663+05:30  WARN 7071 --- [OrderManagement] [ntainer#0-0-C-1] org.apache.kafka.clients.NetworkClient   : [Consumer clientId=consumer-order-management-group-1, groupId=order-management-group] Connection to node -1 (localhost/127.0.0.1:9092) could not be established. Node may not be available.
2026-01-04T20:48:27.663+05:30  WARN 7071 --- [OrderManagement] [ntainer#0-0-C-1] org.apache.kafka.clients.NetworkClient   : [Consumer clientId=consumer-order-management-group-1, groupId=order-management-group] Bootstrap broker localhost:9092 (id: -1 rack: null) disconnected
2026-01-04T20:48:28.684+05:30  INFO 7071 --- [OrderManagement] [ntainer#0-0-C-1] org.apache.kafka.clients.NetworkClient   : [Consumer clientId=consumer-order-management-group-1, groupId=order-management-group] Node -1 disconnected.
2026-01-04T20:48:28.684+05:30  WARN 7071 --- [OrderManagement] [ntainer#0-0-C-1] org.apache.kafka.clients.NetworkClient   : [Consumer clientId=consumer-order-management-group-1, groupId=order-management-group] Connection to node -1 (localhost/127.0.0.1:9092) could not be established. Node may not be available.
2026-01-04T20:48:28.684+05:30  WARN 7071 --- [OrderManagement] [ntainer#0-0-C-1] org.apache.kafka.clients.NetworkClient   : [Consumer clientId=consumer-order-management-group-1, groupId=order-management-group] Bootstrap broker localhost:9092 (id: -1 rack: null) disconnected
Hibernate: 
    select
        oe1_0.id,
        oe1_0.aggregate_id,
        oe1_0.aggregate_type,
        oe1_0.created_at,
        oe1_0.event_type,
        oe1_0.payload,
        oe1_0.processed_at,
        oe1_0.retry_count,
        oe1_0.status,
        oe1_0.topic 
    from
        outbox_events oe1_0 
    where
        oe1_0.status=? 
    order by
        oe1_0.created_at
2026-01-04T20:48:29.601+05:30  INFO 7071 --- [OrderManagement] [ntainer#0-0-C-1] org.apache.kafka.clients.NetworkClient   : [Consumer clientId=consumer-order-management-group-1, groupId=order-management-group] Node -1 disconnected.
2026-01-04T20:48:29.601+05:30  WARN 7071 --- [OrderManagement] [ntainer#0-0-C-1] org.apache.kafka.clients.NetworkClient   : [Consumer clientId=consumer-order-management-group-1, groupId=order-management-group] Connection to node -1 (localhost/127.0.0.1:9092) could not be established. Node may not be available.
2026-01-04T20:48:29.602+05:30  WARN 7071 --- [OrderManagement] [ntainer#0-0-C-1] org.apache.kafka.clients.NetworkClient   : [Consumer clientId=consumer-order-management-group-1, groupId=order-management-group] Bootstrap broker localhost:9092 (id: -1 rack: null) disconnected
2026-01-04T20:48:30.467+05:30  INFO 7071 --- [OrderManagement] [ntainer#0-0-C-1] org.apache.kafka.clients.NetworkClient   : [Consumer clientId=consumer-order-management-group-1, groupId=order-management-group] Node -1 disconnected.
2026-01-04T20:48:30.467+05:30  WARN 7071 --- [OrderManagement] [ntainer#0-0-C-1] org.apache.kafka.clients.NetworkClient   : [Consumer clientId=consumer-order-management-group-1, groupId=order-management-group] Connection to node -1 (localhost/127.0.0.1:9092) could not be established. Node may not be available.
2026-01-04T20:48:30.467+05:30  WARN 7071 --- [OrderManagement] [ntainer#0-0-C-1] org.apache.kafka.clients.NetworkClient   : [Consumer clientId=consumer-order-management-group-1, groupId=order-management-group] Bootstrap broker localhost:9092 (id: -1 rack: null) disconnected
Hibernate: 
    select
        oe1_0.id,
        oe1_0.aggregate_id,
        oe1_0.aggregate_type,
        oe1_0.created_at,
        oe1_0.event_type,
        oe1_0.payload,
        oe1_0.processed_at,
        oe1_0.retry_count,
        oe1_0.status,
        oe1_0.topic 
    from
        outbox_events oe1_0 
    where
        oe1_0.status=? 
    order by
        oe1_0.created_at
2026-01-04T20:48:31.464+05:30  INFO 7071 --- [OrderManagement] [ntainer#0-0-C-1] org.apache.kafka.clients.NetworkClient   : [Consumer clientId=consumer-order-management-group-1, groupId=order-management-group] Node -1 disconnected.
2026-01-04T20:48:31.465+05:30  WARN 7071 --- [OrderManagement] [ntainer#0-0-C-1] org.apache.kafka.clients.NetworkClient   : [Consumer clientId=consumer-order-management-group-1, groupId=order-management-group] Connection to node -1 (localhost/127.0.0.1:9092) could not be established. Node may not be available.
2026-01-04T20:48:31.465+05:30  WARN 7071 --- [OrderManagement] [ntainer#0-0-C-1] org.apache.kafka.clients.NetworkClient   : [Consumer clientId=consumer-order-management-group-1, groupId=order-management-group] Bootstrap broker localhost:9092 (id: -1 rack: null) disconnected
2026-01-04T20:48:32.465+05:30  INFO 7071 --- [OrderManagement] [ntainer#0-0-C-1] org.apache.kafka.clients.NetworkClient   : [Consumer clientId=consumer-order-management-group-1, groupId=order-management-group] Node -1 disconnected.
2026-01-04T20:48:32.465+05:30  WARN 7071 --- [OrderManagement] [ntainer#0-0-C-1] org.apache.kafka.clients.NetworkClient   : [Consumer clientId=consumer-order-management-group-1, groupId=order-management-group] Connection to node -1 (localhost/127.0.0.1:9092) could not be established. Node may not be available.
2026-01-04T20:48:32.465+05:30  WARN 7071 --- [OrderManagement] [ntainer#0-0-C-1] org.apache.kafka.clients.NetworkClient   : [Consumer clientId=consumer-order-management-group-1, groupId=order-management-group] Bootstrap broker localhost:9092 (id: -1 rack: null) disconnected
Hibernate: 
    select
        oe1_0.id,
        oe1_0.aggregate_id,
        oe1_0.aggregate_type,
        oe1_0.created_at,
        oe1_0.event_type,
        oe1_0.payload,
        oe1_0.processed_at,
        oe1_0.retry_count,
        oe1_0.status,
        oe1_0.topic 
    from
        outbox_events oe1_0 
    where
        oe1_0.status=? 
    order by
        oe1_0.created_at
2026-01-04T20:48:33.461+05:30  INFO 7071 --- [OrderManagement] [ntainer#0-0-C-1] org.apache.kafka.clients.NetworkClient   : [Consumer clientId=consumer-order-management-group-1, groupId=order-management-group] Node -1 disconnected.
2026-01-04T20:48:33.461+05:30  WARN 7071 --- [OrderManagement] [ntainer#0-0-C-1] org.apache.kafka.clients.NetworkClient   : [Consumer clientId=consumer-order-management-group-1, groupId=order-management-group] Connection to node -1 (localhost/127.0.0.1:9092) could not be established. Node may not be available.
2026-01-04T20:48:33.461+05:30  WARN 7071 --- [OrderManagement] [ntainer#0-0-C-1] org.apache.kafka.clients.NetworkClient   : [Consumer clientId=consumer-order-management-group-1, groupId=order-management-group] Bootstrap broker localhost:9092 (id: -1 rack: null) disconnected
2026-01-04T20:48:34.462+05:30  INFO 7071 --- [OrderManagement] [ntainer#0-0-C-1] org.apache.kafka.clients.NetworkClient   : [Consumer clientId=consumer-order-management-group-1, groupId=order-management-group] Node -1 disconnected.
2026-01-04T20:48:34.463+05:30  WARN 7071 --- [OrderManagement] [ntainer#0-0-C-1] org.apache.kafka.clients.NetworkClient   : [Consumer clientId=consumer-order-management-group-1, groupId=order-management-group] Connection to node -1 (localhost/127.0.0.1:9092) could not be established. Node may not be available.
2026-01-04T20:48:34.463+05:30  WARN 7071 --- [OrderManagement] [ntainer#0-0-C-1] org.apache.kafka.clients.NetworkClient   : [Consumer clientId=consumer-order-management-group-1, groupId=order-management-group] Bootstrap broker localhost:9092 (id: -1 rack: null) disconnected
Hibernate: 
    select
        oe1_0.id,
        oe1_0.aggregate_id,
        oe1_0.aggregate_type,
        oe1_0.created_at,
        oe1_0.event_type,
        oe1_0.payload,
        oe1_0.processed_at,
        oe1_0.retry_count,
        oe1_0.status,
        oe1_0.topic 
    from
        outbox_events oe1_0 
    where
        oe1_0.status=? 
    order by
        oe1_0.created_at
2026-01-04T20:48:35.279+05:30  INFO 7071 --- [OrderManagement] [ntainer#0-0-C-1] org.apache.kafka.clients.NetworkClient   : [Consumer clientId=consumer-order-management-group-1, groupId=order-management-group] Node -1 disconnected.
2026-01-04T20:48:35.279+05:30  WARN 7071 --- [OrderManagement] [ntainer#0-0-C-1] org.apache.kafka.clients.NetworkClient   : [Consumer clientId=consumer-order-management-group-1, groupId=order-management-group] Connection to node -1 (localhost/127.0.0.1:9092) could not be established. Node may not be available.
2026-01-04T20:48:35.279+05:30  WARN 7071 --- [OrderManagement] [ntainer#0-0-C-1] org.apache.kafka.clients.NetworkClient   : [Consumer clientId=consumer-order-management-group-1, groupId=order-management-group] Bootstrap broker localhost:9092 (id: -1 rack: null) disconnected
2026-01-04T20:48:36.319+05:30  INFO 7071 --- [OrderManagement] [ntainer#0-0-C-1] org.apache.kafka.clients.NetworkClient   : [Consumer clientId=consumer-order-management-group-1, groupId=order-management-group] Node -1 disconnected.
2026-01-04T20:48:36.319+05:30  WARN 7071 --- [OrderManagement] [ntainer#0-0-C-1] org.apache.kafka.clients.NetworkClient   : [Consumer clientId=consumer-order-management-group-1, groupId=order-management-group] Connection to node -1 (localhost/127.0.0.1:9092) could not be established. Node may not be available.
2026-01-04T20:48:36.319+05:30  WARN 7071 --- [OrderManagement] [ntainer#0-0-C-1] org.apache.kafka.clients.NetworkClient   : [Consumer clientId=consumer-order-management-group-1, groupId=order-management-group] Bootstrap broker localhost:9092 (id: -1 rack: null) disconnected
Hibernate: 
    select
        oe1_0.id,
        oe1_0.aggregate_id,
        oe1_0.aggregate_type,
        oe1_0.created_at,
        oe1_0.event_type,
        oe1_0.payload,
        oe1_0.processed_at,
        oe1_0.retry_count,
        oe1_0.status,
        oe1_0.topic 
    from
        outbox_events oe1_0 
    where
        oe1_0.status=? 
    order by
        oe1_0.created_at
2026-01-04T20:48:37.321+05:30  INFO 7071 --- [OrderManagement] [ntainer#0-0-C-1] org.apache.kafka.clients.NetworkClient   : [Consumer clientId=consumer-order-management-group-1, groupId=order-management-group] Node -1 disconnected.
2026-01-04T20:48:37.322+05:30  WARN 7071 --- [OrderManagement] [ntainer#0-0-C-1] org.apache.kafka.clients.NetworkClient   : [Consumer clientId=consumer-order-management-group-1, groupId=order-management-group] Connection to node -1 (localhost/127.0.0.1:9092) could not be established. Node may not be available.
2026-01-04T20:48:37.322+05:30  WARN 7071 --- [OrderManagement] [ntainer#0-0-C-1] org.apache.kafka.clients.NetworkClient   : [Consumer clientId=consumer-order-management-group-1, groupId=order-management-group] Bootstrap broker localhost:9092 (id: -1 rack: null) disconnected
2026-01-04T20:48:38.322+05:30  INFO 7071 --- [OrderManagement] [ntainer#0-0-C-1] org.apache.kafka.clients.NetworkClient   : [Consumer clientId=consumer-order-management-group-1, groupId=order-management-group] Node -1 disconnected.
2026-01-04T20:48:38.322+05:30  WARN 7071 --- [OrderManagement] [ntainer#0-0-C-1] org.apache.kafka.clients.NetworkClient   : [Consumer clientId=consumer-order-management-group-1, groupId=order-management-group] Connection to node -1 (localhost/127.0.0.1:9092) could not be established. Node may not be available.
2026-01-04T20:48:38.322+05:30  WARN 7071 --- [OrderManagement] [ntainer#0-0-C-1] org.apache.kafka.clients.NetworkClient   : [Consumer clientId=consumer-order-management-group-1, groupId=order-management-group] Bootstrap broker localhost:9092 (id: -1 rack: null) disconnected
Hibernate: 
    select
        oe1_0.id,
        oe1_0.aggregate_id,
        oe1_0.aggregate_type,
        oe1_0.created_at,
        oe1_0.event_type,
        oe1_0.payload,
        oe1_0.processed_at,
        oe1_0.retry_count,
        oe1_0.status,
        oe1_0.topic 
    from
        outbox_events oe1_0 
    where
        oe1_0.status=? 
    order by
        oe1_0.created_at
2026-01-04T20:48:39.325+05:30  INFO 7071 --- [OrderManagement] [ntainer#0-0-C-1] org.apache.kafka.clients.NetworkClient   : [Consumer clientId=consumer-order-management-group-1, groupId=order-management-group] Node -1 disconnected.
2026-01-04T20:48:39.326+05:30  WARN 7071 --- [OrderManagement] [ntainer#0-0-C-1] org.apache.kafka.clients.NetworkClient   : [Consumer clientId=consumer-order-management-group-1, groupId=order-management-group] Connection to node -1 (localhost/127.0.0.1:9092) could not be established. Node may not be available.
2026-01-04T20:48:39.326+05:30  WARN 7071 --- [OrderManagement] [ntainer#0-0-C-1] org.apache.kafka.clients.NetworkClient   : [Consumer clientId=consumer-order-management-group-1, groupId=order-management-group] Bootstrap broker localhost:9092 (id: -1 rack: null) disconnected
2026-01-04T20:48:40.194+05:30  INFO 7071 --- [OrderManagement] [ntainer#0-0-C-1] org.apache.kafka.clients.NetworkClient   : [Consumer clientId=consumer-order-management-group-1, groupId=order-management-group] Node -1 disconnected.
2026-01-04T20:48:40.194+05:30  WARN 7071 --- [OrderManagement] [ntainer#0-0-C-1] org.apache.kafka.clients.NetworkClient   : [Consumer clientId=consumer-order-management-group-1, groupId=order-management-group] Connection to node -1 (localhost/127.0.0.1:9092) could not be established. Node may not be available.
2026-01-04T20:48:40.194+05:30  WARN 7071 --- [OrderManagement] [ntainer#0-0-C-1] org.apache.kafka.clients.NetworkClient   : [Consumer clientId=consumer-order-management-group-1, groupId=order-management-group] Bootstrap broker localhost:9092 (id: -1 rack: null) disconnected
2026-01-04T20:48:40.274+05:30  INFO 7071 --- [OrderManagement] [nio-8081-exec-1] o.a.c.c.C.[Tomcat].[localhost].[/]       : Initializing Spring DispatcherServlet 'dispatcherServlet'
2026-01-04T20:48:40.275+05:30  INFO 7071 --- [OrderManagement] [nio-8081-exec-1] o.s.web.servlet.DispatcherServlet        : Initializing Servlet 'dispatcherServlet'
2026-01-04T20:48:40.276+05:30  INFO 7071 --- [OrderManagement] [nio-8081-exec-1] o.s.web.servlet.DispatcherServlet        : Completed initialization in 1 ms
2026-01-04T20:48:40.579+05:30  INFO 7071 --- [OrderManagement] [nio-8081-exec-1] o.springdoc.api.AbstractOpenApiResource  : Init duration for springdoc-openapi is: 278 ms
Hibernate: 
    select
        oe1_0.id,
        oe1_0.aggregate_id,
        oe1_0.aggregate_type,
        oe1_0.created_at,
        oe1_0.event_type,
        oe1_0.payload,
        oe1_0.processed_at,
        oe1_0.retry_count,
        oe1_0.status,
        oe1_0.topic 
    from
        outbox_events oe1_0 
    where
        oe1_0.status=? 
    order by
        oe1_0.created_at
2026-01-04T20:48:41.218+05:30  INFO 7071 --- [OrderManagement] [ntainer#0-0-C-1] org.apache.kafka.clients.NetworkClient   : [Consumer clientId=consumer-order-management-group-1, groupId=order-management-group] Node -1 disconnected.
2026-01-04T20:48:41.219+05:30  WARN 7071 --- [OrderManagement] [ntainer#0-0-C-1] org.apache.kafka.clients.NetworkClient   : [Consumer clientId=consumer-order-management-group-1, groupId=order-management-group] Connection to node -1 (localhost/127.0.0.1:9092) could not be established. Node may not be available.
2026-01-04T20:48:41.219+05:30  WARN 7071 --- [OrderManagement] [ntainer#0-0-C-1] org.apache.kafka.clients.NetworkClient   : [Consumer clientId=consumer-order-management-group-1, groupId=order-management-group] Bootstrap broker localhost:9092 (id: -1 rack: null) disconnected
2026-01-04T20:48:42.240+05:30  INFO 7071 --- [OrderManagement] [ntainer#0-0-C-1] org.apache.kafka.clients.NetworkClient   : [Consumer clientId=consumer-order-management-group-1, groupId=order-management-group] Node -1 disconnected.
2026-01-04T20:48:42.240+05:30  WARN 7071 --- [OrderManagement] [ntainer#0-0-C-1] org.apache.kafka.clients.NetworkClient   : [Consumer clientId=consumer-order-management-group-1, groupId=order-management-group] Connection to node -1 (localhost/127.0.0.1:9092) could not be established. Node may not be available.
2026-01-04T20:48:42.240+05:30  WARN 7071 --- [OrderManagement] [ntainer#0-0-C-1] org.apache.kafka.clients.NetworkClient   : [Consumer clientId=consumer-order-management-group-1, groupId=order-management-group] Bootstrap broker localhost:9092 (id: -1 rack: null) disconnected
Hibernate: 
    select
        oe1_0.id,
        oe1_0.aggregate_id,
        oe1_0.aggregate_type,
        oe1_0.created_at,
        oe1_0.event_type,
        oe1_0.payload,
        oe1_0.processed_at,
        oe1_0.retry_count,
        oe1_0.status,
        oe1_0.topic 
    from
        outbox_events oe1_0 
    where
        oe1_0.status=? 
    order by
        oe1_0.created_at
2026-01-04T20:48:43.243+05:30  INFO 7071 --- [OrderManagement] [ntainer#0-0-C-1] org.apache.kafka.clients.NetworkClient   : [Consumer clientId=consumer-order-management-group-1, groupId=order-management-group] Node -1 disconnected.
2026-01-04T20:48:43.243+05:30  WARN 7071 --- [OrderManagement] [ntainer#0-0-C-1] org.apache.kafka.clients.NetworkClient   : [Consumer clientId=consumer-order-management-group-1, groupId=order-management-group] Connection to node -1 (localhost/127.0.0.1:9092) could not be established. Node may not be available.
2026-01-04T20:48:43.243+05:30  WARN 7071 --- [OrderManagement] [ntainer#0-0-C-1] org.apache.kafka.clients.NetworkClient   : [Consumer clientId=consumer-order-management-group-1, groupId=order-management-group] Bootstrap broker localhost:9092 (id: -1 rack: null) disconnected
2026-01-04T20:48:44.246+05:30  INFO 7071 --- [OrderManagement] [ntainer#0-0-C-1] org.apache.kafka.clients.NetworkClient   : [Consumer clientId=consumer-order-management-group-1, groupId=order-management-group] Node -1 disconnected.
2026-01-04T20:48:44.246+05:30  WARN 7071 --- [OrderManagement] [ntainer#0-0-C-1] org.apache.kafka.clients.NetworkClient   : [Consumer clientId=consumer-order-management-group-1, groupId=order-management-group] Connection to node -1 (localhost/127.0.0.1:9092) could not be established. Node may not be available.
2026-01-04T20:48:44.246+05:30  WARN 7071 --- [OrderManagement] [ntainer#0-0-C-1] org.apache.kafka.clients.NetworkClient   : [Consumer clientId=consumer-order-management-group-1, groupId=order-management-group] Bootstrap broker localhost:9092 (id: -1 rack: null) disconnected
Hibernate: 
    select
        oe1_0.id,
        oe1_0.aggregate_id,
        oe1_0.aggregate_type,
        oe1_0.created_at,
        oe1_0.event_type,
        oe1_0.payload,
        oe1_0.processed_at,
        oe1_0.retry_count,
        oe1_0.status,
        oe1_0.topic 
    from
        outbox_events oe1_0 
    where
        oe1_0.status=? 
    order by
        oe1_0.created_at
2026-01-04T20:48:45.246+05:30  INFO 7071 --- [OrderManagement] [ntainer#0-0-C-1] org.apache.kafka.clients.NetworkClient   : [Consumer clientId=consumer-order-management-group-1, groupId=order-management-group] Node -1 disconnected.
2026-01-04T20:48:45.246+05:30  WARN 7071 --- [OrderManagement] [ntainer#0-0-C-1] org.apache.kafka.clients.NetworkClient   : [Consumer clientId=consumer-order-management-group-1, groupId=order-management-group] Connection to node -1 (localhost/127.0.0.1:9092) could not be established. Node may not be available.
2026-01-04T20:48:45.246+05:30  WARN 7071 --- [OrderManagement] [ntainer#0-0-C-1] org.apache.kafka.clients.NetworkClient   : [Consumer clientId=consumer-order-management-group-1, groupId=order-management-group] Bootstrap broker localhost:9092 (id: -1 rack: null) disconnected
2026-01-04T20:48:46.248+05:30  INFO 7071 --- [OrderManagement] [ntainer#0-0-C-1] org.apache.kafka.clients.NetworkClient   : [Consumer clientId=consumer-order-management-group-1, groupId=order-management-group] Node -1 disconnected.
2026-01-04T20:48:46.249+05:30  WARN 7071 --- [OrderManagement] [ntainer#0-0-C-1] org.apache.kafka.clients.NetworkClient   : [Consumer clientId=consumer-order-management-group-1, groupId=order-management-group] Connection to node -1 (localhost/127.0.0.1:9092) could not be established. Node may not be available.
2026-01-04T20:48:46.249+05:30  WARN 7071 --- [OrderManagement] [ntainer#0-0-C-1] org.apache.kafka.clients.NetworkClient   : [Consumer clientId=consumer-order-management-group-1, groupId=order-management-group] Bootstrap broker localhost:9092 (id: -1 rack: null) disconnected
Hibernate: 
    select
        oe1_0.id,
        oe1_0.aggregate_id,
        oe1_0.aggregate_type,
        oe1_0.created_at,
        oe1_0.event_type,
        oe1_0.payload,
        oe1_0.processed_at,
        oe1_0.retry_count,
        oe1_0.status,
        oe1_0.topic 
    from
        outbox_events oe1_0 
    where
        oe1_0.status=? 
    order by
        oe1_0.created_at
2026-01-04T20:48:47.250+05:30  INFO 7071 --- [OrderManagement] [ntainer#0-0-C-1] org.apache.kafka.clients.NetworkClient   : [Consumer clientId=consumer-order-management-group-1, groupId=order-management-group] Node -1 disconnected.
2026-01-04T20:48:47.250+05:30  WARN 7071 --- [OrderManagement] [ntainer#0-0-C-1] org.apache.kafka.clients.NetworkClient   : [Consumer clientId=consumer-order-management-group-1, groupId=order-management-group] Connection to node -1 (localhost/127.0.0.1:9092) could not be established. Node may not be available.
2026-01-04T20:48:47.251+05:30  WARN 7071 --- [OrderManagement] [ntainer#0-0-C-1] org.apache.kafka.clients.NetworkClient   : [Consumer clientId=consumer-order-management-group-1, groupId=order-management-group] Bootstrap broker localhost:9092 (id: -1 rack: null) disconnected
2026-01-04T20:48:48.252+05:30  INFO 7071 --- [OrderManagement] [ntainer#0-0-C-1] org.apache.kafka.clients.NetworkClient   : [Consumer clientId=consumer-order-management-group-1, groupId=order-management-group] Node -1 disconnected.
2026-01-04T20:48:48.253+05:30  WARN 7071 --- [OrderManagement] [ntainer#0-0-C-1] org.apache.kafka.clients.NetworkClient   : [Consumer clientId=consumer-order-management-group-1, groupId=order-management-group] Connection to node -1 (localhost/127.0.0.1:9092) could not be established. Node may not be available.
2026-01-04T20:48:48.253+05:30  WARN 7071 --- [OrderManagement] [ntainer#0-0-C-1] org.apache.kafka.clients.NetworkClient   : [Consumer clientId=consumer-order-management-group-1, groupId=order-management-group] Bootstrap broker localhost:9092 (id: -1 rack: null) disconnected
Hibernate: 
    select
        oe1_0.id,
        oe1_0.aggregate_id,
        oe1_0.aggregate_type,
        oe1_0.created_at,
        oe1_0.event_type,
        oe1_0.payload,
        oe1_0.processed_at,
        oe1_0.retry_count,
        oe1_0.status,
        oe1_0.topic 
    from
        outbox_events oe1_0 
    where
        oe1_0.status=? 
    order by
        oe1_0.created_at
2026-01-04T20:48:49.276+05:30  INFO 7071 --- [OrderManagement] [ntainer#0-0-C-1] org.apache.kafka.clients.NetworkClient   : [Consumer clientId=consumer-order-management-group-1, groupId=order-management-group] Node -1 disconnected.
2026-01-04T20:48:49.276+05:30  WARN 7071 --- [OrderManagement] [ntainer#0-0-C-1] org.apache.kafka.clients.NetworkClient   : [Consumer clientId=consumer-order-management-group-1, groupId=order-management-group] Connection to node -1 (localhost/127.0.0.1:9092) could not be established. Node may not be available.
2026-01-04T20:48:49.277+05:30  WARN 7071 --- [OrderManagement] [ntainer#0-0-C-1] org.apache.kafka.clients.NetworkClient   : [Consumer clientId=consumer-order-management-group-1, groupId=order-management-group] Bootstrap broker localhost:9092 (id: -1 rack: null) disconnected
2026-01-04T20:48:50.246+05:30  INFO 7071 --- [OrderManagement] [ntainer#0-0-C-1] org.apache.kafka.clients.NetworkClient   : [Consumer clientId=consumer-order-management-group-1, groupId=order-management-group] Node -1 disconnected.
2026-01-04T20:48:50.246+05:30  WARN 7071 --- [OrderManagement] [ntainer#0-0-C-1] org.apache.kafka.clients.NetworkClient   : [Consumer clientId=consumer-order-management-group-1, groupId=order-management-group] Connection to node -1 (localhost/127.0.0.1:9092) could not be established. Node may not be available.
2026-01-04T20:48:50.247+05:30  WARN 7071 --- [OrderManagement] [ntainer#0-0-C-1] org.apache.kafka.clients.NetworkClient   : [Consumer clientId=consumer-order-management-group-1, groupId=order-management-group] Bootstrap broker localhost:9092 (id: -1 rack: null) disconnected
Hibernate: 
    select
        oe1_0.id,
        oe1_0.aggregate_id,
        oe1_0.aggregate_type,
        oe1_0.created_at,
        oe1_0.event_type,
        oe1_0.payload,
        oe1_0.processed_at,
        oe1_0.retry_count,
        oe1_0.status,
        oe1_0.topic 
    from
        outbox_events oe1_0 
    where
        oe1_0.status=? 
    order by
        oe1_0.created_at
2026-01-04T20:48:51.248+05:30  INFO 7071 --- [OrderManagement] [ntainer#0-0-C-1] org.apache.kafka.clients.NetworkClient   : [Consumer clientId=consumer-order-management-group-1, groupId=order-management-group] Node -1 disconnected.
2026-01-04T20:48:51.248+05:30  WARN 7071 --- [OrderManagement] [ntainer#0-0-C-1] org.apache.kafka.clients.NetworkClient   : [Consumer clientId=consumer-order-management-group-1, groupId=order-management-group] Connection to node -1 (localhost/127.0.0.1:9092) could not be established. Node may not be available.
2026-01-04T20:48:51.248+05:30  WARN 7071 --- [OrderManagement] [ntainer#0-0-C-1] org.apache.kafka.clients.NetworkClient   : [Consumer clientId=consumer-order-management-group-1, groupId=order-management-group] Bootstrap broker localhost:9092 (id: -1 rack: null) disconnected
2026-01-04T20:48:51.615+05:30  INFO 7071 --- [OrderManagement] [ntainer#0-0-C-1] o.a.k.c.c.internals.ConsumerCoordinator  : [Consumer clientId=consumer-order-management-group-1, groupId=order-management-group] Resetting generation and member id due to: consumer pro-actively leaving the group
2026-01-04T20:48:51.615+05:30  INFO 7071 --- [OrderManagement] [ntainer#0-0-C-1] o.a.k.c.c.internals.ConsumerCoordinator  : [Consumer clientId=consumer-order-management-group-1, groupId=order-management-group] Request joining group due to: consumer pro-actively leaving the group
2026-01-04T20:48:51.616+05:30  INFO 7071 --- [OrderManagement] [ntainer#0-0-C-1] o.a.k.c.c.internals.LegacyKafkaConsumer  : [Consumer clientId=consumer-order-management-group-1, groupId=order-management-group] Unsubscribed all topics or patterns and assigned partitions
2026-01-04T20:48:51.617+05:30  INFO 7071 --- [OrderManagement] [ntainer#0-0-C-1] o.a.k.c.c.internals.ConsumerCoordinator  : [Consumer clientId=consumer-order-management-group-1, groupId=order-management-group] Resetting generation and member id due to: consumer pro-actively leaving the group
2026-01-04T20:48:51.617+05:30  INFO 7071 --- [OrderManagement] [ntainer#0-0-C-1] o.a.k.c.c.internals.ConsumerCoordinator  : [Consumer clientId=consumer-order-management-group-1, groupId=order-management-group] Request joining group due to: consumer pro-actively leaving the group
2026-01-04T20:48:51.619+05:30  INFO 7071 --- [OrderManagement] [ntainer#0-0-C-1] o.apache.kafka.common.metrics.Metrics    : Metrics scheduler closed
2026-01-04T20:48:51.619+05:30  INFO 7071 --- [OrderManagement] [ntainer#0-0-C-1] o.apache.kafka.common.metrics.Metrics    : Closing reporter org.apache.kafka.common.metrics.JmxReporter
2026-01-04T20:48:51.619+05:30  INFO 7071 --- [OrderManagement] [ntainer#0-0-C-1] o.apache.kafka.common.metrics.Metrics    : Closing reporter org.apache.kafka.common.telemetry.internals.ClientTelemetryReporter
2026-01-04T20:48:51.619+05:30  INFO 7071 --- [OrderManagement] [ntainer#0-0-C-1] o.apache.kafka.common.metrics.Metrics    : Metrics reporters closed
2026-01-04T20:48:51.622+05:30  INFO 7071 --- [OrderManagement] [ntainer#0-0-C-1] o.a.kafka.common.utils.AppInfoParser     : App info kafka.consumer for consumer-order-management-group-1 unregistered
2026-01-04T20:48:51.626+05:30  INFO 7071 --- [OrderManagement] [ntainer#0-0-C-1] o.s.k.l.KafkaMessageListenerContainer    : order-management-group: Consumer stopped
2026-01-04T20:48:51.627+05:30  INFO 7071 --- [OrderManagement] [ionShutdownHook] o.s.b.w.e.tomcat.GracefulShutdown        : Commencing graceful shutdown. Waiting for active requests to complete
2026-01-04T20:48:51.632+05:30  INFO 7071 --- [OrderManagement] [tomcat-shutdown] o.s.b.w.e.tomcat.GracefulShutdown        : Graceful shutdown complete
2026-01-04T20:48:51.634+05:30  INFO 7071 --- [OrderManagement] [ionShutdownHook] j.LocalContainerEntityManagerFactoryBean : Closing JPA EntityManagerFactory for persistence unit 'default'
2026-01-04T20:48:51.636+05:30  INFO 7071 --- [OrderManagement] [ionShutdownHook] com.zaxxer.hikari.HikariDataSource       : HikariPool-1 - Shutdown initiated...
2026-01-04T20:48:51.637+05:30  INFO 7071 --- [OrderManagement] [ionShutdownHook] com.zaxxer.hikari.HikariDataSource       : HikariPool-1 - Shutdown completed.
