[INFO] Scanning for projects...
[INFO] 
[INFO] ---------------------< com.example:order-mgmt-app >---------------------
[INFO] Building order-mgmt-app 0.0.1-SNAPSHOT
[INFO]   from pom.xml
[INFO] --------------------------------[ jar ]---------------------------------
[INFO] 
[INFO] >>> spring-boot:3.4.0:run (default-cli) > test-compile @ order-mgmt-app >>>
[INFO] 
[INFO] --- resources:3.3.1:resources (default-resources) @ order-mgmt-app ---
[INFO] Copying 3 resources from src/main/resources to target/classes
[INFO] Copying 5 resources from src/main/resources to target/classes
[INFO] 
[INFO] --- compiler:3.13.0:compile (default-compile) @ order-mgmt-app ---
[INFO] Nothing to compile - all classes are up to date.
[INFO] 
[INFO] --- resources:3.3.1:testResources (default-testResources) @ order-mgmt-app ---
[INFO] skip non existing resourceDirectory /Users/somanathkambar/IdeaProjects/OrderManagement/order-mgmt-app/src/test/resources
[INFO] 
[INFO] --- compiler:3.13.0:testCompile (default-testCompile) @ order-mgmt-app ---
[INFO] Nothing to compile - all classes are up to date.
[INFO] 
[INFO] <<< spring-boot:3.4.0:run (default-cli) < test-compile @ order-mgmt-app <<<
[INFO] 
[INFO] 
[INFO] --- spring-boot:3.4.0:run (default-cli) @ order-mgmt-app ---
[INFO] Attaching agents: []

  .   ____          _            __ _ _
 /\\ / ___'_ __ _ _(_)_ __  __ _ \ \ \ \
( ( )\___ | '_ | '_| | '_ \/ _` | \ \ \ \
 \\/  ___)| |_)| | | | | || (_| |  ) ) ) )
  '  |____| .__|_| |_|_| |_\__, | / / / /
 =========|_|==============|___/=/_/_/_/

 :: Spring Boot ::                (v3.4.0)

2026-01-04T20:46:56.934+05:30  INFO 6929 --- [OrderManagement] [           main] c.e.o.OrderManagementApplication         : Starting OrderManagementApplication using Java 17.0.17 with PID 6929 (/Users/somanathkambar/IdeaProjects/OrderManagement/order-mgmt-app/target/classes started by somanathkambar in /Users/somanathkambar/IdeaProjects/OrderManagement/order-mgmt-app)
2026-01-04T20:46:56.935+05:30  INFO 6929 --- [OrderManagement] [           main] c.e.o.OrderManagementApplication         : The following 1 profile is active: "dev"
2026-01-04T20:46:57.432+05:30  INFO 6929 --- [OrderManagement] [           main] .s.d.r.c.RepositoryConfigurationDelegate : Multiple Spring Data modules found, entering strict repository configuration mode
2026-01-04T20:46:57.433+05:30  INFO 6929 --- [OrderManagement] [           main] .s.d.r.c.RepositoryConfigurationDelegate : Bootstrapping Spring Data JPA repositories in DEFAULT mode.
2026-01-04T20:46:57.515+05:30  INFO 6929 --- [OrderManagement] [           main] .s.d.r.c.RepositoryConfigurationDelegate : Finished Spring Data repository scanning in 76 ms. Found 4 JPA repository interfaces.
2026-01-04T20:46:57.857+05:30  INFO 6929 --- [OrderManagement] [           main] o.s.b.w.embedded.tomcat.TomcatWebServer  : Tomcat initialized with port 8081 (http)
2026-01-04T20:46:57.863+05:30  INFO 6929 --- [OrderManagement] [           main] o.apache.catalina.core.StandardService   : Starting service [Tomcat]
2026-01-04T20:46:57.863+05:30  INFO 6929 --- [OrderManagement] [           main] o.apache.catalina.core.StandardEngine    : Starting Servlet engine: [Apache Tomcat/10.1.33]
2026-01-04T20:46:57.897+05:30  INFO 6929 --- [OrderManagement] [           main] o.a.c.c.C.[Tomcat].[localhost].[/]       : Initializing Spring embedded WebApplicationContext
2026-01-04T20:46:57.897+05:30  INFO 6929 --- [OrderManagement] [           main] w.s.c.ServletWebServerApplicationContext : Root WebApplicationContext: initialization completed in 942 ms
2026-01-04T20:46:57.955+05:30  INFO 6929 --- [OrderManagement] [           main] com.zaxxer.hikari.HikariDataSource       : HikariPool-1 - Starting...
2026-01-04T20:46:58.044+05:30  INFO 6929 --- [OrderManagement] [           main] com.zaxxer.hikari.pool.HikariPool        : HikariPool-1 - Added connection conn0: url=jdbc:h2:mem:ordermanagement user=SA
2026-01-04T20:46:58.045+05:30  INFO 6929 --- [OrderManagement] [           main] com.zaxxer.hikari.HikariDataSource       : HikariPool-1 - Start completed.
2026-01-04T20:46:58.049+05:30  INFO 6929 --- [OrderManagement] [           main] o.s.b.a.h2.H2ConsoleAutoConfiguration    : H2 console available at '/h2-console'. Database available at 'jdbc:h2:mem:ordermanagement'
2026-01-04T20:46:58.187+05:30  INFO 6929 --- [OrderManagement] [           main] org.flywaydb.core.FlywayExecutor         : Database: jdbc:h2:mem:ordermanagement (H2 2.3)
2026-01-04T20:46:58.191+05:30  WARN 6929 --- [OrderManagement] [           main] o.f.c.internal.database.base.Database    : Flyway upgrade recommended: H2 2.3.232 is newer than this version of Flyway and support has not been tested. The latest supported version of H2 is 2.2.224.
2026-01-04T20:46:58.202+05:30  INFO 6929 --- [OrderManagement] [           main] o.f.c.i.s.JdbcTableSchemaHistory         : Schema history table "PUBLIC"."flyway_schema_history" does not exist yet
2026-01-04T20:46:58.203+05:30  INFO 6929 --- [OrderManagement] [           main] o.f.core.internal.command.DbValidate     : Successfully validated 2 migrations (execution time 00:00.007s)
2026-01-04T20:46:58.207+05:30  INFO 6929 --- [OrderManagement] [           main] o.f.c.i.s.JdbcTableSchemaHistory         : Creating Schema History table "PUBLIC"."flyway_schema_history" ...
2026-01-04T20:46:58.223+05:30  INFO 6929 --- [OrderManagement] [           main] o.f.core.internal.command.DbMigrate      : Current version of schema "PUBLIC": << Empty Schema >>
2026-01-04T20:46:58.228+05:30  INFO 6929 --- [OrderManagement] [           main] o.f.core.internal.command.DbMigrate      : Migrating schema "PUBLIC" to version "1 - init schema"
2026-01-04T20:46:58.239+05:30  INFO 6929 --- [OrderManagement] [           main] o.f.core.internal.command.DbMigrate      : Migrating schema "PUBLIC" to version "2 - create outbox table"
2026-01-04T20:46:58.242+05:30  INFO 6929 --- [OrderManagement] [           main] o.f.core.internal.command.DbMigrate      : Successfully applied 2 migrations to schema "PUBLIC", now at version v2 (execution time 00:00.006s)
2026-01-04T20:46:58.299+05:30  INFO 6929 --- [OrderManagement] [           main] o.hibernate.jpa.internal.util.LogHelper  : HHH000204: Processing PersistenceUnitInfo [name: default]
2026-01-04T20:46:58.319+05:30  INFO 6929 --- [OrderManagement] [           main] org.hibernate.Version                    : HHH000412: Hibernate ORM core version 6.6.2.Final
2026-01-04T20:46:58.332+05:30  INFO 6929 --- [OrderManagement] [           main] o.h.c.internal.RegionFactoryInitiator    : HHH000026: Second-level cache disabled
2026-01-04T20:46:58.457+05:30  INFO 6929 --- [OrderManagement] [           main] o.s.o.j.p.SpringPersistenceUnitInfo      : No LoadTimeWeaver setup: ignoring JPA class transformer
2026-01-04T20:46:58.474+05:30  WARN 6929 --- [OrderManagement] [           main] org.hibernate.orm.deprecation            : HHH90000025: H2Dialect does not need to be specified explicitly using 'hibernate.dialect' (remove the property setting and it will be selected by default)
2026-01-04T20:46:58.480+05:30  INFO 6929 --- [OrderManagement] [           main] org.hibernate.orm.connections.pooling    : HHH10001005: Database info:
	Database JDBC URL [Connecting through datasource 'HikariDataSource (HikariPool-1)']
	Database driver: undefined/unknown
	Database version: 2.3.232
	Autocommit mode: undefined/unknown
	Isolation level: undefined/unknown
	Minimum pool size: undefined/unknown
	Maximum pool size: undefined/unknown
2026-01-04T20:46:58.947+05:30  INFO 6929 --- [OrderManagement] [           main] o.h.e.t.j.p.i.JtaPlatformInitiator       : HHH000489: No JTA platform available (set 'hibernate.transaction.jta.platform' to enable JTA platform integration)
2026-01-04T20:46:58.957+05:30  INFO 6929 --- [OrderManagement] [           main] j.LocalContainerEntityManagerFactoryBean : Initialized JPA EntityManagerFactory for persistence unit 'default'
2026-01-04T20:46:59.191+05:30  INFO 6929 --- [OrderManagement] [           main] o.s.d.j.r.query.QueryEnhancerFactory     : Hibernate is in classpath; If applicable, HQL parser will be used.
2026-01-04T20:46:59.894+05:30  INFO 6929 --- [OrderManagement] [           main] o.s.b.a.e.web.EndpointLinksResolver      : Exposing 3 endpoints beneath base path '/actuator'
2026-01-04T20:46:59.958+05:30  INFO 6929 --- [OrderManagement] [           main] o.s.b.w.embedded.tomcat.TomcatWebServer  : Tomcat started on port 8081 (http) with context path '/'
2026-01-04T20:46:59.975+05:30  INFO 6929 --- [OrderManagement] [           main] o.a.k.clients.consumer.ConsumerConfig    : ConsumerConfig values: 
	allow.auto.create.topics = true
	auto.commit.interval.ms = 5000
	auto.include.jmx.reporter = true
	auto.offset.reset = earliest
	bootstrap.servers = [localhost:9092]
	check.crcs = true
	client.dns.lookup = use_all_dns_ips
	client.id = consumer-order-management-group-1
	client.rack = 
	connections.max.idle.ms = 540000
	default.api.timeout.ms = 60000
	enable.auto.commit = false
	enable.metrics.push = true
	exclude.internal.topics = true
	fetch.max.bytes = 52428800
	fetch.max.wait.ms = 500
	fetch.min.bytes = 1
	group.id = order-management-group
	group.instance.id = null
	group.protocol = classic
	group.remote.assignor = null
	heartbeat.interval.ms = 3000
	interceptor.classes = []
	internal.leave.group.on.close = true
	internal.throw.on.fetch.stable.offset.unsupported = false
	isolation.level = read_uncommitted
	key.deserializer = class org.apache.kafka.common.serialization.StringDeserializer
	max.partition.fetch.bytes = 1048576
	max.poll.interval.ms = 300000
	max.poll.records = 500
	metadata.max.age.ms = 300000
	metadata.recovery.strategy = none
	metric.reporters = []
	metrics.num.samples = 2
	metrics.recording.level = INFO
	metrics.sample.window.ms = 30000
	partition.assignment.strategy = [class org.apache.kafka.clients.consumer.RangeAssignor, class org.apache.kafka.clients.consumer.CooperativeStickyAssignor]
	receive.buffer.bytes = 65536
	reconnect.backoff.max.ms = 1000
	reconnect.backoff.ms = 50
	request.timeout.ms = 30000
	retry.backoff.max.ms = 1000
	retry.backoff.ms = 100
	sasl.client.callback.handler.class = null
	sasl.jaas.config = null
	sasl.kerberos.kinit.cmd = /usr/bin/kinit
	sasl.kerberos.min.time.before.relogin = 60000
	sasl.kerberos.service.name = null
	sasl.kerberos.ticket.renew.jitter = 0.05
	sasl.kerberos.ticket.renew.window.factor = 0.8
	sasl.login.callback.handler.class = null
	sasl.login.class = null
	sasl.login.connect.timeout.ms = null
	sasl.login.read.timeout.ms = null
	sasl.login.refresh.buffer.seconds = 300
	sasl.login.refresh.min.period.seconds = 60
	sasl.login.refresh.window.factor = 0.8
	sasl.login.refresh.window.jitter = 0.05
	sasl.login.retry.backoff.max.ms = 10000
	sasl.login.retry.backoff.ms = 100
	sasl.mechanism = GSSAPI
	sasl.oauthbearer.clock.skew.seconds = 30
	sasl.oauthbearer.expected.audience = null
	sasl.oauthbearer.expected.issuer = null
	sasl.oauthbearer.jwks.endpoint.refresh.ms = 3600000
	sasl.oauthbearer.jwks.endpoint.retry.backoff.max.ms = 10000
	sasl.oauthbearer.jwks.endpoint.retry.backoff.ms = 100
	sasl.oauthbearer.jwks.endpoint.url = null
	sasl.oauthbearer.scope.claim.name = scope
	sasl.oauthbearer.sub.claim.name = sub
	sasl.oauthbearer.token.endpoint.url = null
	security.protocol = PLAINTEXT
	security.providers = null
	send.buffer.bytes = 131072
	session.timeout.ms = 45000
	socket.connection.setup.timeout.max.ms = 30000
	socket.connection.setup.timeout.ms = 10000
	ssl.cipher.suites = null
	ssl.enabled.protocols = [TLSv1.2, TLSv1.3]
	ssl.endpoint.identification.algorithm = https
	ssl.engine.factory.class = null
	ssl.key.password = null
	ssl.keymanager.algorithm = SunX509
	ssl.keystore.certificate.chain = null
	ssl.keystore.key = null
	ssl.keystore.location = null
	ssl.keystore.password = null
	ssl.keystore.type = JKS
	ssl.protocol = TLSv1.3
	ssl.provider = null
	ssl.secure.random.implementation = null
	ssl.trustmanager.algorithm = PKIX
	ssl.truststore.certificates = null
	ssl.truststore.location = null
	ssl.truststore.password = null
	ssl.truststore.type = JKS
	value.deserializer = class org.springframework.kafka.support.serializer.JsonDeserializer

2026-01-04T20:46:59.995+05:30  INFO 6929 --- [OrderManagement] [           main] o.a.k.c.t.i.KafkaMetricsCollector        : initializing Kafka metrics collector
2026-01-04T20:47:00.051+05:30  INFO 6929 --- [OrderManagement] [           main] o.a.kafka.common.utils.AppInfoParser     : Kafka version: 3.8.1
2026-01-04T20:47:00.052+05:30  INFO 6929 --- [OrderManagement] [           main] o.a.kafka.common.utils.AppInfoParser     : Kafka commitId: 70d6ff42debf7e17
2026-01-04T20:47:00.052+05:30  INFO 6929 --- [OrderManagement] [           main] o.a.kafka.common.utils.AppInfoParser     : Kafka startTimeMs: 1767539820051
2026-01-04T20:47:00.057+05:30  INFO 6929 --- [OrderManagement] [           main] o.a.k.c.c.internals.LegacyKafkaConsumer  : [Consumer clientId=consumer-order-management-group-1, groupId=order-management-group] Subscribed to topic(s): orders.events
2026-01-04T20:47:00.071+05:30  INFO 6929 --- [OrderManagement] [           main] c.e.o.OrderManagementApplication         : Started OrderManagementApplication in 3.326 seconds (process running for 3.484)
Hibernate: 
    select
        oe1_0.id,
        oe1_0.aggregate_id,
        oe1_0.aggregate_type,
        oe1_0.created_at,
        oe1_0.event_type,
        oe1_0.payload,
        oe1_0.processed_at,
        oe1_0.retry_count,
        oe1_0.status,
        oe1_0.topic 
    from
        outbox_events oe1_0 
    where
        oe1_0.status=? 
    order by
        oe1_0.created_at
2026-01-04T20:47:00.158+05:30  INFO 6929 --- [OrderManagement] [ntainer#0-0-C-1] org.apache.kafka.clients.NetworkClient   : [Consumer clientId=consumer-order-management-group-1, groupId=order-management-group] Node -1 disconnected.
2026-01-04T20:47:00.159+05:30  WARN 6929 --- [OrderManagement] [ntainer#0-0-C-1] org.apache.kafka.clients.NetworkClient   : [Consumer clientId=consumer-order-management-group-1, groupId=order-management-group] Connection to node -1 (localhost/127.0.0.1:9092) could not be established. Node may not be available.
2026-01-04T20:47:00.159+05:30  WARN 6929 --- [OrderManagement] [ntainer#0-0-C-1] org.apache.kafka.clients.NetworkClient   : [Consumer clientId=consumer-order-management-group-1, groupId=order-management-group] Bootstrap broker localhost:9092 (id: -1 rack: null) disconnected
2026-01-04T20:47:00.284+05:30  INFO 6929 --- [OrderManagement] [ntainer#0-0-C-1] org.apache.kafka.clients.NetworkClient   : [Consumer clientId=consumer-order-management-group-1, groupId=order-management-group] Node -1 disconnected.
2026-01-04T20:47:00.284+05:30  WARN 6929 --- [OrderManagement] [ntainer#0-0-C-1] org.apache.kafka.clients.NetworkClient   : [Consumer clientId=consumer-order-management-group-1, groupId=order-management-group] Connection to node -1 (localhost/127.0.0.1:9092) could not be established. Node may not be available.
2026-01-04T20:47:00.284+05:30  WARN 6929 --- [OrderManagement] [ntainer#0-0-C-1] org.apache.kafka.clients.NetworkClient   : [Consumer clientId=consumer-order-management-group-1, groupId=order-management-group] Bootstrap broker localhost:9092 (id: -1 rack: null) disconnected
2026-01-04T20:47:00.438+05:30  INFO 6929 --- [OrderManagement] [ntainer#0-0-C-1] org.apache.kafka.clients.NetworkClient   : [Consumer clientId=consumer-order-management-group-1, groupId=order-management-group] Node -1 disconnected.
2026-01-04T20:47:00.438+05:30  WARN 6929 --- [OrderManagement] [ntainer#0-0-C-1] org.apache.kafka.clients.NetworkClient   : [Consumer clientId=consumer-order-management-group-1, groupId=order-management-group] Connection to node -1 (localhost/127.0.0.1:9092) could not be established. Node may not be available.
2026-01-04T20:47:00.438+05:30  WARN 6929 --- [OrderManagement] [ntainer#0-0-C-1] org.apache.kafka.clients.NetworkClient   : [Consumer clientId=consumer-order-management-group-1, groupId=order-management-group] Bootstrap broker localhost:9092 (id: -1 rack: null) disconnected
2026-01-04T20:47:00.661+05:30  INFO 6929 --- [OrderManagement] [ntainer#0-0-C-1] org.apache.kafka.clients.NetworkClient   : [Consumer clientId=consumer-order-management-group-1, groupId=order-management-group] Node -1 disconnected.
2026-01-04T20:47:00.661+05:30  WARN 6929 --- [OrderManagement] [ntainer#0-0-C-1] org.apache.kafka.clients.NetworkClient   : [Consumer clientId=consumer-order-management-group-1, groupId=order-management-group] Connection to node -1 (localhost/127.0.0.1:9092) could not be established. Node may not be available.
2026-01-04T20:47:00.662+05:30  WARN 6929 --- [OrderManagement] [ntainer#0-0-C-1] org.apache.kafka.clients.NetworkClient   : [Consumer clientId=consumer-order-management-group-1, groupId=order-management-group] Bootstrap broker localhost:9092 (id: -1 rack: null) disconnected
2026-01-04T20:47:01.072+05:30  INFO 6929 --- [OrderManagement] [ntainer#0-0-C-1] org.apache.kafka.clients.NetworkClient   : [Consumer clientId=consumer-order-management-group-1, groupId=order-management-group] Node -1 disconnected.
2026-01-04T20:47:01.072+05:30  WARN 6929 --- [OrderManagement] [ntainer#0-0-C-1] org.apache.kafka.clients.NetworkClient   : [Consumer clientId=consumer-order-management-group-1, groupId=order-management-group] Connection to node -1 (localhost/127.0.0.1:9092) could not be established. Node may not be available.
2026-01-04T20:47:01.072+05:30  WARN 6929 --- [OrderManagement] [ntainer#0-0-C-1] org.apache.kafka.clients.NetworkClient   : [Consumer clientId=consumer-order-management-group-1, groupId=order-management-group] Bootstrap broker localhost:9092 (id: -1 rack: null) disconnected
2026-01-04T20:47:01.993+05:30  INFO 6929 --- [OrderManagement] [ntainer#0-0-C-1] org.apache.kafka.clients.NetworkClient   : [Consumer clientId=consumer-order-management-group-1, groupId=order-management-group] Node -1 disconnected.
2026-01-04T20:47:01.993+05:30  WARN 6929 --- [OrderManagement] [ntainer#0-0-C-1] org.apache.kafka.clients.NetworkClient   : [Consumer clientId=consumer-order-management-group-1, groupId=order-management-group] Connection to node -1 (localhost/127.0.0.1:9092) could not be established. Node may not be available.
2026-01-04T20:47:01.993+05:30  WARN 6929 --- [OrderManagement] [ntainer#0-0-C-1] org.apache.kafka.clients.NetworkClient   : [Consumer clientId=consumer-order-management-group-1, groupId=order-management-group] Bootstrap broker localhost:9092 (id: -1 rack: null) disconnected
Hibernate: 
    select
        oe1_0.id,
        oe1_0.aggregate_id,
        oe1_0.aggregate_type,
        oe1_0.created_at,
        oe1_0.event_type,
        oe1_0.payload,
        oe1_0.processed_at,
        oe1_0.retry_count,
        oe1_0.status,
        oe1_0.topic 
    from
        outbox_events oe1_0 
    where
        oe1_0.status=? 
    order by
        oe1_0.created_at
2026-01-04T20:47:02.925+05:30  INFO 6929 --- [OrderManagement] [ntainer#0-0-C-1] org.apache.kafka.clients.NetworkClient   : [Consumer clientId=consumer-order-management-group-1, groupId=order-management-group] Node -1 disconnected.
2026-01-04T20:47:02.925+05:30  WARN 6929 --- [OrderManagement] [ntainer#0-0-C-1] org.apache.kafka.clients.NetworkClient   : [Consumer clientId=consumer-order-management-group-1, groupId=order-management-group] Connection to node -1 (localhost/127.0.0.1:9092) could not be established. Node may not be available.
2026-01-04T20:47:02.926+05:30  WARN 6929 --- [OrderManagement] [ntainer#0-0-C-1] org.apache.kafka.clients.NetworkClient   : [Consumer clientId=consumer-order-management-group-1, groupId=order-management-group] Bootstrap broker localhost:9092 (id: -1 rack: null) disconnected
2026-01-04T20:47:03.876+05:30  INFO 6929 --- [OrderManagement] [ntainer#0-0-C-1] org.apache.kafka.clients.NetworkClient   : [Consumer clientId=consumer-order-management-group-1, groupId=order-management-group] Node -1 disconnected.
2026-01-04T20:47:03.876+05:30  WARN 6929 --- [OrderManagement] [ntainer#0-0-C-1] org.apache.kafka.clients.NetworkClient   : [Consumer clientId=consumer-order-management-group-1, groupId=order-management-group] Connection to node -1 (localhost/127.0.0.1:9092) could not be established. Node may not be available.
2026-01-04T20:47:03.876+05:30  WARN 6929 --- [OrderManagement] [ntainer#0-0-C-1] org.apache.kafka.clients.NetworkClient   : [Consumer clientId=consumer-order-management-group-1, groupId=order-management-group] Bootstrap broker localhost:9092 (id: -1 rack: null) disconnected
Hibernate: 
    select
        oe1_0.id,
        oe1_0.aggregate_id,
        oe1_0.aggregate_type,
        oe1_0.created_at,
        oe1_0.event_type,
        oe1_0.payload,
        oe1_0.processed_at,
        oe1_0.retry_count,
        oe1_0.status,
        oe1_0.topic 
    from
        outbox_events oe1_0 
    where
        oe1_0.status=? 
    order by
        oe1_0.created_at
2026-01-04T20:47:04.797+05:30  INFO 6929 --- [OrderManagement] [ntainer#0-0-C-1] org.apache.kafka.clients.NetworkClient   : [Consumer clientId=consumer-order-management-group-1, groupId=order-management-group] Node -1 disconnected.
2026-01-04T20:47:04.797+05:30  WARN 6929 --- [OrderManagement] [ntainer#0-0-C-1] org.apache.kafka.clients.NetworkClient   : [Consumer clientId=consumer-order-management-group-1, groupId=order-management-group] Connection to node -1 (localhost/127.0.0.1:9092) could not be established. Node may not be available.
2026-01-04T20:47:04.797+05:30  WARN 6929 --- [OrderManagement] [ntainer#0-0-C-1] org.apache.kafka.clients.NetworkClient   : [Consumer clientId=consumer-order-management-group-1, groupId=order-management-group] Bootstrap broker localhost:9092 (id: -1 rack: null) disconnected
2026-01-04T20:47:05.798+05:30  INFO 6929 --- [OrderManagement] [ntainer#0-0-C-1] org.apache.kafka.clients.NetworkClient   : [Consumer clientId=consumer-order-management-group-1, groupId=order-management-group] Node -1 disconnected.
2026-01-04T20:47:05.798+05:30  WARN 6929 --- [OrderManagement] [ntainer#0-0-C-1] org.apache.kafka.clients.NetworkClient   : [Consumer clientId=consumer-order-management-group-1, groupId=order-management-group] Connection to node -1 (localhost/127.0.0.1:9092) could not be established. Node may not be available.
2026-01-04T20:47:05.798+05:30  WARN 6929 --- [OrderManagement] [ntainer#0-0-C-1] org.apache.kafka.clients.NetworkClient   : [Consumer clientId=consumer-order-management-group-1, groupId=order-management-group] Bootstrap broker localhost:9092 (id: -1 rack: null) disconnected
Hibernate: 
    select
        oe1_0.id,
        oe1_0.aggregate_id,
        oe1_0.aggregate_type,
        oe1_0.created_at,
        oe1_0.event_type,
        oe1_0.payload,
        oe1_0.processed_at,
        oe1_0.retry_count,
        oe1_0.status,
        oe1_0.topic 
    from
        outbox_events oe1_0 
    where
        oe1_0.status=? 
    order by
        oe1_0.created_at
2026-01-04T20:47:06.813+05:30  INFO 6929 --- [OrderManagement] [ntainer#0-0-C-1] org.apache.kafka.clients.NetworkClient   : [Consumer clientId=consumer-order-management-group-1, groupId=order-management-group] Node -1 disconnected.
2026-01-04T20:47:06.813+05:30  WARN 6929 --- [OrderManagement] [ntainer#0-0-C-1] org.apache.kafka.clients.NetworkClient   : [Consumer clientId=consumer-order-management-group-1, groupId=order-management-group] Connection to node -1 (localhost/127.0.0.1:9092) could not be established. Node may not be available.
2026-01-04T20:47:06.813+05:30  WARN 6929 --- [OrderManagement] [ntainer#0-0-C-1] org.apache.kafka.clients.NetworkClient   : [Consumer clientId=consumer-order-management-group-1, groupId=order-management-group] Bootstrap broker localhost:9092 (id: -1 rack: null) disconnected
2026-01-04T20:47:07.817+05:30  INFO 6929 --- [OrderManagement] [ntainer#0-0-C-1] org.apache.kafka.clients.NetworkClient   : [Consumer clientId=consumer-order-management-group-1, groupId=order-management-group] Node -1 disconnected.
2026-01-04T20:47:07.817+05:30  WARN 6929 --- [OrderManagement] [ntainer#0-0-C-1] org.apache.kafka.clients.NetworkClient   : [Consumer clientId=consumer-order-management-group-1, groupId=order-management-group] Connection to node -1 (localhost/127.0.0.1:9092) could not be established. Node may not be available.
2026-01-04T20:47:07.817+05:30  WARN 6929 --- [OrderManagement] [ntainer#0-0-C-1] org.apache.kafka.clients.NetworkClient   : [Consumer clientId=consumer-order-management-group-1, groupId=order-management-group] Bootstrap broker localhost:9092 (id: -1 rack: null) disconnected
Hibernate: 
    select
        oe1_0.id,
        oe1_0.aggregate_id,
        oe1_0.aggregate_type,
        oe1_0.created_at,
        oe1_0.event_type,
        oe1_0.payload,
        oe1_0.processed_at,
        oe1_0.retry_count,
        oe1_0.status,
        oe1_0.topic 
    from
        outbox_events oe1_0 
    where
        oe1_0.status=? 
    order by
        oe1_0.created_at
2026-01-04T20:47:08.864+05:30  INFO 6929 --- [OrderManagement] [ntainer#0-0-C-1] org.apache.kafka.clients.NetworkClient   : [Consumer clientId=consumer-order-management-group-1, groupId=order-management-group] Node -1 disconnected.
2026-01-04T20:47:08.864+05:30  WARN 6929 --- [OrderManagement] [ntainer#0-0-C-1] org.apache.kafka.clients.NetworkClient   : [Consumer clientId=consumer-order-management-group-1, groupId=order-management-group] Connection to node -1 (localhost/127.0.0.1:9092) could not be established. Node may not be available.
2026-01-04T20:47:08.864+05:30  WARN 6929 --- [OrderManagement] [ntainer#0-0-C-1] org.apache.kafka.clients.NetworkClient   : [Consumer clientId=consumer-order-management-group-1, groupId=order-management-group] Bootstrap broker localhost:9092 (id: -1 rack: null) disconnected
2026-01-04T20:47:09.884+05:30  INFO 6929 --- [OrderManagement] [ntainer#0-0-C-1] org.apache.kafka.clients.NetworkClient   : [Consumer clientId=consumer-order-management-group-1, groupId=order-management-group] Node -1 disconnected.
2026-01-04T20:47:09.885+05:30  WARN 6929 --- [OrderManagement] [ntainer#0-0-C-1] org.apache.kafka.clients.NetworkClient   : [Consumer clientId=consumer-order-management-group-1, groupId=order-management-group] Connection to node -1 (localhost/127.0.0.1:9092) could not be established. Node may not be available.
2026-01-04T20:47:09.885+05:30  WARN 6929 --- [OrderManagement] [ntainer#0-0-C-1] org.apache.kafka.clients.NetworkClient   : [Consumer clientId=consumer-order-management-group-1, groupId=order-management-group] Bootstrap broker localhost:9092 (id: -1 rack: null) disconnected
Hibernate: 
    select
        oe1_0.id,
        oe1_0.aggregate_id,
        oe1_0.aggregate_type,
        oe1_0.created_at,
        oe1_0.event_type,
        oe1_0.payload,
        oe1_0.processed_at,
        oe1_0.retry_count,
        oe1_0.status,
        oe1_0.topic 
    from
        outbox_events oe1_0 
    where
        oe1_0.status=? 
    order by
        oe1_0.created_at
2026-01-04T20:47:10.933+05:30  INFO 6929 --- [OrderManagement] [ntainer#0-0-C-1] org.apache.kafka.clients.NetworkClient   : [Consumer clientId=consumer-order-management-group-1, groupId=order-management-group] Node -1 disconnected.
2026-01-04T20:47:10.934+05:30  WARN 6929 --- [OrderManagement] [ntainer#0-0-C-1] org.apache.kafka.clients.NetworkClient   : [Consumer clientId=consumer-order-management-group-1, groupId=order-management-group] Connection to node -1 (localhost/127.0.0.1:9092) could not be established. Node may not be available.
2026-01-04T20:47:10.934+05:30  WARN 6929 --- [OrderManagement] [ntainer#0-0-C-1] org.apache.kafka.clients.NetworkClient   : [Consumer clientId=consumer-order-management-group-1, groupId=order-management-group] Bootstrap broker localhost:9092 (id: -1 rack: null) disconnected
2026-01-04T20:47:11.905+05:30  INFO 6929 --- [OrderManagement] [ntainer#0-0-C-1] org.apache.kafka.clients.NetworkClient   : [Consumer clientId=consumer-order-management-group-1, groupId=order-management-group] Node -1 disconnected.
2026-01-04T20:47:11.905+05:30  WARN 6929 --- [OrderManagement] [ntainer#0-0-C-1] org.apache.kafka.clients.NetworkClient   : [Consumer clientId=consumer-order-management-group-1, groupId=order-management-group] Connection to node -1 (localhost/127.0.0.1:9092) could not be established. Node may not be available.
2026-01-04T20:47:11.905+05:30  WARN 6929 --- [OrderManagement] [ntainer#0-0-C-1] org.apache.kafka.clients.NetworkClient   : [Consumer clientId=consumer-order-management-group-1, groupId=order-management-group] Bootstrap broker localhost:9092 (id: -1 rack: null) disconnected
Hibernate: 
    select
        oe1_0.id,
        oe1_0.aggregate_id,
        oe1_0.aggregate_type,
        oe1_0.created_at,
        oe1_0.event_type,
        oe1_0.payload,
        oe1_0.processed_at,
        oe1_0.retry_count,
        oe1_0.status,
        oe1_0.topic 
    from
        outbox_events oe1_0 
    where
        oe1_0.status=? 
    order by
        oe1_0.created_at
2026-01-04T20:47:12.953+05:30  INFO 6929 --- [OrderManagement] [ntainer#0-0-C-1] org.apache.kafka.clients.NetworkClient   : [Consumer clientId=consumer-order-management-group-1, groupId=order-management-group] Node -1 disconnected.
2026-01-04T20:47:12.954+05:30  WARN 6929 --- [OrderManagement] [ntainer#0-0-C-1] org.apache.kafka.clients.NetworkClient   : [Consumer clientId=consumer-order-management-group-1, groupId=order-management-group] Connection to node -1 (localhost/127.0.0.1:9092) could not be established. Node may not be available.
2026-01-04T20:47:12.954+05:30  WARN 6929 --- [OrderManagement] [ntainer#0-0-C-1] org.apache.kafka.clients.NetworkClient   : [Consumer clientId=consumer-order-management-group-1, groupId=order-management-group] Bootstrap broker localhost:9092 (id: -1 rack: null) disconnected
2026-01-04T20:47:13.816+05:30  INFO 6929 --- [OrderManagement] [ntainer#0-0-C-1] org.apache.kafka.clients.NetworkClient   : [Consumer clientId=consumer-order-management-group-1, groupId=order-management-group] Node -1 disconnected.
2026-01-04T20:47:13.816+05:30  WARN 6929 --- [OrderManagement] [ntainer#0-0-C-1] org.apache.kafka.clients.NetworkClient   : [Consumer clientId=consumer-order-management-group-1, groupId=order-management-group] Connection to node -1 (localhost/127.0.0.1:9092) could not be established. Node may not be available.
2026-01-04T20:47:13.816+05:30  WARN 6929 --- [OrderManagement] [ntainer#0-0-C-1] org.apache.kafka.clients.NetworkClient   : [Consumer clientId=consumer-order-management-group-1, groupId=order-management-group] Bootstrap broker localhost:9092 (id: -1 rack: null) disconnected
Hibernate: 
    select
        oe1_0.id,
        oe1_0.aggregate_id,
        oe1_0.aggregate_type,
        oe1_0.created_at,
        oe1_0.event_type,
        oe1_0.payload,
        oe1_0.processed_at,
        oe1_0.retry_count,
        oe1_0.status,
        oe1_0.topic 
    from
        outbox_events oe1_0 
    where
        oe1_0.status=? 
    order by
        oe1_0.created_at
2026-01-04T20:47:14.803+05:30  INFO 6929 --- [OrderManagement] [ntainer#0-0-C-1] org.apache.kafka.clients.NetworkClient   : [Consumer clientId=consumer-order-management-group-1, groupId=order-management-group] Node -1 disconnected.
2026-01-04T20:47:14.803+05:30  WARN 6929 --- [OrderManagement] [ntainer#0-0-C-1] org.apache.kafka.clients.NetworkClient   : [Consumer clientId=consumer-order-management-group-1, groupId=order-management-group] Connection to node -1 (localhost/127.0.0.1:9092) could not be established. Node may not be available.
2026-01-04T20:47:14.803+05:30  WARN 6929 --- [OrderManagement] [ntainer#0-0-C-1] org.apache.kafka.clients.NetworkClient   : [Consumer clientId=consumer-order-management-group-1, groupId=order-management-group] Bootstrap broker localhost:9092 (id: -1 rack: null) disconnected
2026-01-04T20:47:15.690+05:30  INFO 6929 --- [OrderManagement] [ntainer#0-0-C-1] org.apache.kafka.clients.NetworkClient   : [Consumer clientId=consumer-order-management-group-1, groupId=order-management-group] Node -1 disconnected.
2026-01-04T20:47:15.690+05:30  WARN 6929 --- [OrderManagement] [ntainer#0-0-C-1] org.apache.kafka.clients.NetworkClient   : [Consumer clientId=consumer-order-management-group-1, groupId=order-management-group] Connection to node -1 (localhost/127.0.0.1:9092) could not be established. Node may not be available.
2026-01-04T20:47:15.690+05:30  WARN 6929 --- [OrderManagement] [ntainer#0-0-C-1] org.apache.kafka.clients.NetworkClient   : [Consumer clientId=consumer-order-management-group-1, groupId=order-management-group] Bootstrap broker localhost:9092 (id: -1 rack: null) disconnected
Hibernate: 
    select
        oe1_0.id,
        oe1_0.aggregate_id,
        oe1_0.aggregate_type,
        oe1_0.created_at,
        oe1_0.event_type,
        oe1_0.payload,
        oe1_0.processed_at,
        oe1_0.retry_count,
        oe1_0.status,
        oe1_0.topic 
    from
        outbox_events oe1_0 
    where
        oe1_0.status=? 
    order by
        oe1_0.created_at
2026-01-04T20:47:16.722+05:30  INFO 6929 --- [OrderManagement] [ntainer#0-0-C-1] org.apache.kafka.clients.NetworkClient   : [Consumer clientId=consumer-order-management-group-1, groupId=order-management-group] Node -1 disconnected.
2026-01-04T20:47:16.722+05:30  WARN 6929 --- [OrderManagement] [ntainer#0-0-C-1] org.apache.kafka.clients.NetworkClient   : [Consumer clientId=consumer-order-management-group-1, groupId=order-management-group] Connection to node -1 (localhost/127.0.0.1:9092) could not be established. Node may not be available.
2026-01-04T20:47:16.722+05:30  WARN 6929 --- [OrderManagement] [ntainer#0-0-C-1] org.apache.kafka.clients.NetworkClient   : [Consumer clientId=consumer-order-management-group-1, groupId=order-management-group] Bootstrap broker localhost:9092 (id: -1 rack: null) disconnected
2026-01-04T20:47:17.755+05:30  INFO 6929 --- [OrderManagement] [ntainer#0-0-C-1] org.apache.kafka.clients.NetworkClient   : [Consumer clientId=consumer-order-management-group-1, groupId=order-management-group] Node -1 disconnected.
2026-01-04T20:47:17.755+05:30  WARN 6929 --- [OrderManagement] [ntainer#0-0-C-1] org.apache.kafka.clients.NetworkClient   : [Consumer clientId=consumer-order-management-group-1, groupId=order-management-group] Connection to node -1 (localhost/127.0.0.1:9092) could not be established. Node may not be available.
2026-01-04T20:47:17.755+05:30  WARN 6929 --- [OrderManagement] [ntainer#0-0-C-1] org.apache.kafka.clients.NetworkClient   : [Consumer clientId=consumer-order-management-group-1, groupId=order-management-group] Bootstrap broker localhost:9092 (id: -1 rack: null) disconnected
Hibernate: 
    select
        oe1_0.id,
        oe1_0.aggregate_id,
        oe1_0.aggregate_type,
        oe1_0.created_at,
        oe1_0.event_type,
        oe1_0.payload,
        oe1_0.processed_at,
        oe1_0.retry_count,
        oe1_0.status,
        oe1_0.topic 
    from
        outbox_events oe1_0 
    where
        oe1_0.status=? 
    order by
        oe1_0.created_at
2026-01-04T20:47:18.756+05:30  INFO 6929 --- [OrderManagement] [ntainer#0-0-C-1] org.apache.kafka.clients.NetworkClient   : [Consumer clientId=consumer-order-management-group-1, groupId=order-management-group] Node -1 disconnected.
2026-01-04T20:47:18.756+05:30  WARN 6929 --- [OrderManagement] [ntainer#0-0-C-1] org.apache.kafka.clients.NetworkClient   : [Consumer clientId=consumer-order-management-group-1, groupId=order-management-group] Connection to node -1 (localhost/127.0.0.1:9092) could not be established. Node may not be available.
2026-01-04T20:47:18.756+05:30  WARN 6929 --- [OrderManagement] [ntainer#0-0-C-1] org.apache.kafka.clients.NetworkClient   : [Consumer clientId=consumer-order-management-group-1, groupId=order-management-group] Bootstrap broker localhost:9092 (id: -1 rack: null) disconnected
2026-01-04T20:47:19.779+05:30  INFO 6929 --- [OrderManagement] [ntainer#0-0-C-1] org.apache.kafka.clients.NetworkClient   : [Consumer clientId=consumer-order-management-group-1, groupId=order-management-group] Node -1 disconnected.
2026-01-04T20:47:19.780+05:30  WARN 6929 --- [OrderManagement] [ntainer#0-0-C-1] org.apache.kafka.clients.NetworkClient   : [Consumer clientId=consumer-order-management-group-1, groupId=order-management-group] Connection to node -1 (localhost/127.0.0.1:9092) could not be established. Node may not be available.
2026-01-04T20:47:19.780+05:30  WARN 6929 --- [OrderManagement] [ntainer#0-0-C-1] org.apache.kafka.clients.NetworkClient   : [Consumer clientId=consumer-order-management-group-1, groupId=order-management-group] Bootstrap broker localhost:9092 (id: -1 rack: null) disconnected
Hibernate: 
    select
        oe1_0.id,
        oe1_0.aggregate_id,
        oe1_0.aggregate_type,
        oe1_0.created_at,
        oe1_0.event_type,
        oe1_0.payload,
        oe1_0.processed_at,
        oe1_0.retry_count,
        oe1_0.status,
        oe1_0.topic 
    from
        outbox_events oe1_0 
    where
        oe1_0.status=? 
    order by
        oe1_0.created_at
2026-01-04T20:47:20.781+05:30  INFO 6929 --- [OrderManagement] [ntainer#0-0-C-1] org.apache.kafka.clients.NetworkClient   : [Consumer clientId=consumer-order-management-group-1, groupId=order-management-group] Node -1 disconnected.
2026-01-04T20:47:20.781+05:30  WARN 6929 --- [OrderManagement] [ntainer#0-0-C-1] org.apache.kafka.clients.NetworkClient   : [Consumer clientId=consumer-order-management-group-1, groupId=order-management-group] Connection to node -1 (localhost/127.0.0.1:9092) could not be established. Node may not be available.
2026-01-04T20:47:20.781+05:30  WARN 6929 --- [OrderManagement] [ntainer#0-0-C-1] org.apache.kafka.clients.NetworkClient   : [Consumer clientId=consumer-order-management-group-1, groupId=order-management-group] Bootstrap broker localhost:9092 (id: -1 rack: null) disconnected
2026-01-04T20:47:21.783+05:30  INFO 6929 --- [OrderManagement] [ntainer#0-0-C-1] org.apache.kafka.clients.NetworkClient   : [Consumer clientId=consumer-order-management-group-1, groupId=order-management-group] Node -1 disconnected.
2026-01-04T20:47:21.783+05:30  WARN 6929 --- [OrderManagement] [ntainer#0-0-C-1] org.apache.kafka.clients.NetworkClient   : [Consumer clientId=consumer-order-management-group-1, groupId=order-management-group] Connection to node -1 (localhost/127.0.0.1:9092) could not be established. Node may not be available.
2026-01-04T20:47:21.783+05:30  WARN 6929 --- [OrderManagement] [ntainer#0-0-C-1] org.apache.kafka.clients.NetworkClient   : [Consumer clientId=consumer-order-management-group-1, groupId=order-management-group] Bootstrap broker localhost:9092 (id: -1 rack: null) disconnected
Hibernate: 
    select
        oe1_0.id,
        oe1_0.aggregate_id,
        oe1_0.aggregate_type,
        oe1_0.created_at,
        oe1_0.event_type,
        oe1_0.payload,
        oe1_0.processed_at,
        oe1_0.retry_count,
        oe1_0.status,
        oe1_0.topic 
    from
        outbox_events oe1_0 
    where
        oe1_0.status=? 
    order by
        oe1_0.created_at
2026-01-04T20:47:22.803+05:30  INFO 6929 --- [OrderManagement] [ntainer#0-0-C-1] org.apache.kafka.clients.NetworkClient   : [Consumer clientId=consumer-order-management-group-1, groupId=order-management-group] Node -1 disconnected.
2026-01-04T20:47:22.803+05:30  WARN 6929 --- [OrderManagement] [ntainer#0-0-C-1] org.apache.kafka.clients.NetworkClient   : [Consumer clientId=consumer-order-management-group-1, groupId=order-management-group] Connection to node -1 (localhost/127.0.0.1:9092) could not be established. Node may not be available.
2026-01-04T20:47:22.803+05:30  WARN 6929 --- [OrderManagement] [ntainer#0-0-C-1] org.apache.kafka.clients.NetworkClient   : [Consumer clientId=consumer-order-management-group-1, groupId=order-management-group] Bootstrap broker localhost:9092 (id: -1 rack: null) disconnected
2026-01-04T20:47:23.829+05:30  INFO 6929 --- [OrderManagement] [ntainer#0-0-C-1] org.apache.kafka.clients.NetworkClient   : [Consumer clientId=consumer-order-management-group-1, groupId=order-management-group] Node -1 disconnected.
2026-01-04T20:47:23.829+05:30  WARN 6929 --- [OrderManagement] [ntainer#0-0-C-1] org.apache.kafka.clients.NetworkClient   : [Consumer clientId=consumer-order-management-group-1, groupId=order-management-group] Connection to node -1 (localhost/127.0.0.1:9092) could not be established. Node may not be available.
2026-01-04T20:47:23.829+05:30  WARN 6929 --- [OrderManagement] [ntainer#0-0-C-1] org.apache.kafka.clients.NetworkClient   : [Consumer clientId=consumer-order-management-group-1, groupId=order-management-group] Bootstrap broker localhost:9092 (id: -1 rack: null) disconnected
Hibernate: 
    select
        oe1_0.id,
        oe1_0.aggregate_id,
        oe1_0.aggregate_type,
        oe1_0.created_at,
        oe1_0.event_type,
        oe1_0.payload,
        oe1_0.processed_at,
        oe1_0.retry_count,
        oe1_0.status,
        oe1_0.topic 
    from
        outbox_events oe1_0 
    where
        oe1_0.status=? 
    order by
        oe1_0.created_at
2026-01-04T20:47:24.830+05:30  INFO 6929 --- [OrderManagement] [ntainer#0-0-C-1] o.a.k.c.c.internals.ConsumerCoordinator  : [Consumer clientId=consumer-order-management-group-1, groupId=order-management-group] Resetting generation and member id due to: consumer pro-actively leaving the group
2026-01-04T20:47:24.830+05:30  INFO 6929 --- [OrderManagement] [ntainer#0-0-C-1] o.a.k.c.c.internals.ConsumerCoordinator  : [Consumer clientId=consumer-order-management-group-1, groupId=order-management-group] Request joining group due to: consumer pro-actively leaving the group
2026-01-04T20:47:24.830+05:30  INFO 6929 --- [OrderManagement] [ntainer#0-0-C-1] o.a.k.c.c.internals.LegacyKafkaConsumer  : [Consumer clientId=consumer-order-management-group-1, groupId=order-management-group] Unsubscribed all topics or patterns and assigned partitions
2026-01-04T20:47:24.831+05:30  INFO 6929 --- [OrderManagement] [ntainer#0-0-C-1] o.a.k.c.c.internals.ConsumerCoordinator  : [Consumer clientId=consumer-order-management-group-1, groupId=order-management-group] Resetting generation and member id due to: consumer pro-actively leaving the group
2026-01-04T20:47:24.831+05:30  INFO 6929 --- [OrderManagement] [ntainer#0-0-C-1] o.a.k.c.c.internals.ConsumerCoordinator  : [Consumer clientId=consumer-order-management-group-1, groupId=order-management-group] Request joining group due to: consumer pro-actively leaving the group
2026-01-04T20:47:24.833+05:30  INFO 6929 --- [OrderManagement] [ntainer#0-0-C-1] o.apache.kafka.common.metrics.Metrics    : Metrics scheduler closed
2026-01-04T20:47:24.833+05:30  INFO 6929 --- [OrderManagement] [ntainer#0-0-C-1] o.apache.kafka.common.metrics.Metrics    : Closing reporter org.apache.kafka.common.metrics.JmxReporter
2026-01-04T20:47:24.833+05:30  INFO 6929 --- [OrderManagement] [ntainer#0-0-C-1] o.apache.kafka.common.metrics.Metrics    : Closing reporter org.apache.kafka.common.telemetry.internals.ClientTelemetryReporter
2026-01-04T20:47:24.833+05:30  INFO 6929 --- [OrderManagement] [ntainer#0-0-C-1] o.apache.kafka.common.metrics.Metrics    : Metrics reporters closed
2026-01-04T20:47:24.835+05:30  INFO 6929 --- [OrderManagement] [ntainer#0-0-C-1] o.a.kafka.common.utils.AppInfoParser     : App info kafka.consumer for consumer-order-management-group-1 unregistered
2026-01-04T20:47:24.839+05:30  INFO 6929 --- [OrderManagement] [ntainer#0-0-C-1] o.s.k.l.KafkaMessageListenerContainer    : order-management-group: Consumer stopped
2026-01-04T20:47:24.840+05:30  INFO 6929 --- [OrderManagement] [ionShutdownHook] o.s.b.w.e.tomcat.GracefulShutdown        : Commencing graceful shutdown. Waiting for active requests to complete
2026-01-04T20:47:24.845+05:30  INFO 6929 --- [OrderManagement] [tomcat-shutdown] o.s.b.w.e.tomcat.GracefulShutdown        : Graceful shutdown complete
2026-01-04T20:47:24.848+05:30  INFO 6929 --- [OrderManagement] [ionShutdownHook] j.LocalContainerEntityManagerFactoryBean : Closing JPA EntityManagerFactory for persistence unit 'default'
2026-01-04T20:47:24.849+05:30  INFO 6929 --- [OrderManagement] [ionShutdownHook] com.zaxxer.hikari.HikariDataSource       : HikariPool-1 - Shutdown initiated...
2026-01-04T20:47:24.850+05:30  INFO 6929 --- [OrderManagement] [ionShutdownHook] com.zaxxer.hikari.HikariDataSource       : HikariPool-1 - Shutdown completed.
