0 verbose cli /usr/local/bin/node /usr/local/bin/npm
1 info using npm@11.6.2
2 info using node@v24.12.0
3 silly config load:file:/usr/local/lib/node_modules/npm/npmrc
4 silly config load:file:/Users/somanathkambar/IdeaProjects/OrderManagement/.npmrc
5 silly config load:file:/Users/somanathkambar/.npmrc
6 silly config load:file:/usr/local/etc/npmrc
7 verbose title npm install @tailwindcss/postcss
8 verbose argv "install" "@tailwindcss/postcss"
9 verbose logfile logs-max:10 dir:/Users/somanathkambar/IdeaProjects/OrderManagement/.npm-cache/_logs/2026-01-05T17_18_19_566Z-
10 verbose logfile /Users/somanathkambar/IdeaProjects/OrderManagement/.npm-cache/_logs/2026-01-05T17_18_19_566Z-debug-0.log
11 silly logfile done cleaning log files
12 silly packumentCache heap:4496293888 maxSize:1124073472 maxEntrySize:562036736
13 verbose shrinkwrap failed to load node_modules/.package-lock.json out of date, updated: node_modules
14 silly idealTree buildDeps
15 silly fetch manifest @tailwindcss/postcss@*
16 silly packumentCache full:https://registry.npmjs.org/@tailwindcss%2fpostcss cache-miss
17 http fetch GET 200 https://registry.npmjs.org/@tailwindcss%2fpostcss 763ms (cache miss)
18 silly packumentCache full:https://registry.npmjs.org/@tailwindcss%2fpostcss set size:undefined disposed:false
19 silly placeDep ROOT @tailwindcss/postcss@4.1.18 OK for: oms-monorepo@0.0.0 want: *
20 silly fetch manifest @alloc/quick-lru@^5.2.0
21 silly packumentCache full:https://registry.npmjs.org/@alloc%2fquick-lru cache-miss
22 silly fetch manifest @tailwindcss/node@4.1.18
23 silly packumentCache full:https://registry.npmjs.org/@tailwindcss%2fnode cache-miss
24 silly fetch manifest @tailwindcss/oxide@4.1.18
25 silly packumentCache full:https://registry.npmjs.org/@tailwindcss%2foxide cache-miss
26 http fetch GET 200 https://registry.npmjs.org/@alloc%2fquick-lru 111ms (cache miss)
27 silly packumentCache full:https://registry.npmjs.org/@alloc%2fquick-lru set size:undefined disposed:false
28 http fetch GET 200 https://registry.npmjs.org/@tailwindcss%2fnode 640ms (cache miss)
29 silly packumentCache full:https://registry.npmjs.org/@tailwindcss%2fnode set size:undefined disposed:false
30 http fetch GET 200 https://registry.npmjs.org/@tailwindcss%2foxide 1280ms (cache miss)
31 silly packumentCache full:https://registry.npmjs.org/@tailwindcss%2foxide set size:undefined disposed:false
32 silly placeDep ROOT @alloc/quick-lru@5.2.0 OK for: @tailwindcss/postcss@4.1.18 want: ^5.2.0
33 silly placeDep ROOT @tailwindcss/node@4.1.18 OK for: @tailwindcss/postcss@4.1.18 want: 4.1.18
34 silly placeDep ROOT @tailwindcss/oxide@4.1.18 OK for: @tailwindcss/postcss@4.1.18 want: 4.1.18
35 silly fetch manifest jiti@^2.6.1
36 silly packumentCache full:https://registry.npmjs.org/jiti cache-miss
37 silly fetch manifest lightningcss@1.30.2
38 silly packumentCache full:https://registry.npmjs.org/lightningcss cache-miss
39 silly fetch manifest magic-string@^0.30.21
40 silly packumentCache full:https://registry.npmjs.org/magic-string cache-miss
41 silly fetch manifest @tailwindcss/oxide-darwin-x64@4.1.18
42 silly packumentCache full:https://registry.npmjs.org/@tailwindcss%2foxide-darwin-x64 cache-miss
43 silly fetch manifest @tailwindcss/oxide-freebsd-x64@4.1.18
44 silly packumentCache full:https://registry.npmjs.org/@tailwindcss%2foxide-freebsd-x64 cache-miss
45 silly fetch manifest @tailwindcss/oxide-wasm32-wasi@4.1.18
46 silly packumentCache full:https://registry.npmjs.org/@tailwindcss%2foxide-wasm32-wasi cache-miss
47 silly fetch manifest @tailwindcss/oxide-darwin-arm64@4.1.18
48 silly packumentCache full:https://registry.npmjs.org/@tailwindcss%2foxide-darwin-arm64 cache-miss
49 silly fetch manifest @tailwindcss/oxide-android-arm64@4.1.18
50 silly packumentCache full:https://registry.npmjs.org/@tailwindcss%2foxide-android-arm64 cache-miss
51 silly fetch manifest @tailwindcss/oxide-linux-x64-gnu@4.1.18
52 silly packumentCache full:https://registry.npmjs.org/@tailwindcss%2foxide-linux-x64-gnu cache-miss
53 silly fetch manifest @tailwindcss/oxide-linux-x64-musl@4.1.18
54 silly packumentCache full:https://registry.npmjs.org/@tailwindcss%2foxide-linux-x64-musl cache-miss
55 silly fetch manifest @tailwindcss/oxide-win32-x64-msvc@4.1.18
56 silly packumentCache full:https://registry.npmjs.org/@tailwindcss%2foxide-win32-x64-msvc cache-miss
57 http cache https://registry.npmjs.org/jiti 10ms (cache hit)
58 silly packumentCache full:https://registry.npmjs.org/jiti set size:382310 disposed:false
59 silly fetch manifest @tailwindcss/oxide-linux-arm64-gnu@4.1.18
60 silly packumentCache full:https://registry.npmjs.org/@tailwindcss%2foxide-linux-arm64-gnu cache-miss
61 http cache https://registry.npmjs.org/lightningcss 12ms (cache hit)
62 silly packumentCache full:https://registry.npmjs.org/lightningcss set size:173815 disposed:false
63 silly fetch manifest @tailwindcss/oxide-linux-arm64-musl@4.1.18
64 silly packumentCache full:https://registry.npmjs.org/@tailwindcss%2foxide-linux-arm64-musl cache-miss
65 http fetch GET 200 https://registry.npmjs.org/@tailwindcss%2foxide-wasm32-wasi 295ms (cache miss)
66 silly packumentCache full:https://registry.npmjs.org/@tailwindcss%2foxide-wasm32-wasi set size:undefined disposed:false
67 silly fetch manifest @tailwindcss/oxide-win32-arm64-msvc@4.1.18
68 silly packumentCache full:https://registry.npmjs.org/@tailwindcss%2foxide-win32-arm64-msvc cache-miss
69 http fetch GET 200 https://registry.npmjs.org/@tailwindcss%2foxide-win32-arm64-msvc 765ms (cache miss)
70 silly packumentCache full:https://registry.npmjs.org/@tailwindcss%2foxide-win32-arm64-msvc set size:undefined disposed:false
71 silly fetch manifest @tailwindcss/oxide-linux-arm-gnueabihf@4.1.18
72 silly packumentCache full:https://registry.npmjs.org/@tailwindcss%2foxide-linux-arm-gnueabihf cache-miss
73 http fetch GET 200 https://registry.npmjs.org/@tailwindcss%2foxide-darwin-x64 1078ms (cache miss)
74 silly packumentCache full:https://registry.npmjs.org/@tailwindcss%2foxide-darwin-x64 set size:undefined disposed:false
75 http fetch GET 200 https://registry.npmjs.org/@tailwindcss%2foxide-freebsd-x64 1089ms (cache miss)
76 silly packumentCache full:https://registry.npmjs.org/@tailwindcss%2foxide-freebsd-x64 set size:undefined disposed:false
77 http fetch GET 200 https://registry.npmjs.org/magic-string 1181ms (cache revalidated)
78 silly packumentCache full:https://registry.npmjs.org/magic-string set size:331817 disposed:false
79 http fetch GET 200 https://registry.npmjs.org/@tailwindcss%2foxide-android-arm64 1632ms (cache miss)
80 silly packumentCache full:https://registry.npmjs.org/@tailwindcss%2foxide-android-arm64 set size:undefined disposed:false
81 http fetch GET 200 https://registry.npmjs.org/@tailwindcss%2foxide-linux-arm-gnueabihf 644ms (cache miss)
82 silly packumentCache full:https://registry.npmjs.org/@tailwindcss%2foxide-linux-arm-gnueabihf set size:undefined disposed:false
83 http fetch GET 200 https://registry.npmjs.org/@tailwindcss%2foxide-linux-arm64-gnu 2685ms (cache miss)
84 silly packumentCache full:https://registry.npmjs.org/@tailwindcss%2foxide-linux-arm64-gnu set size:undefined disposed:false
85 http fetch GET 200 https://registry.npmjs.org/@tailwindcss%2foxide-linux-x64-musl 2814ms (cache miss)
86 silly packumentCache full:https://registry.npmjs.org/@tailwindcss%2foxide-linux-x64-musl set size:undefined disposed:false
87 http fetch GET 200 https://registry.npmjs.org/@tailwindcss%2foxide-darwin-arm64 2992ms (cache miss)
88 silly packumentCache full:https://registry.npmjs.org/@tailwindcss%2foxide-darwin-arm64 set size:undefined disposed:false
89 http fetch GET 200 https://registry.npmjs.org/@tailwindcss%2foxide-win32-x64-msvc 3098ms (cache miss)
90 silly packumentCache full:https://registry.npmjs.org/@tailwindcss%2foxide-win32-x64-msvc set size:undefined disposed:false
91 http fetch GET 200 https://registry.npmjs.org/@tailwindcss%2foxide-linux-x64-gnu 3107ms (cache miss)
92 silly packumentCache full:https://registry.npmjs.org/@tailwindcss%2foxide-linux-x64-gnu set size:undefined disposed:false
93 http fetch GET 200 https://registry.npmjs.org/@tailwindcss%2foxide-linux-arm64-musl 3384ms (cache miss)
94 silly packumentCache full:https://registry.npmjs.org/@tailwindcss%2foxide-linux-arm64-musl set size:undefined disposed:false
95 silly placeDep node_modules/@tailwindcss/node jiti@2.6.1 OK for: @tailwindcss/node@4.1.18 want: ^2.6.1
96 silly placeDep ROOT lightningcss@1.30.2 OK for: @tailwindcss/node@4.1.18 want: 1.30.2
97 silly placeDep node_modules/@tailwindcss/node magic-string@0.30.21 OK for: @tailwindcss/node@4.1.18 want: ^0.30.21
98 silly fetch manifest detect-libc@^2.0.3
99 silly packumentCache full:https://registry.npmjs.org/detect-libc cache-miss
100 silly fetch manifest lightningcss-darwin-x64@1.30.2
101 silly packumentCache full:https://registry.npmjs.org/lightningcss-darwin-x64 cache-miss
102 silly fetch manifest lightningcss-linux-x64-gnu@1.30.2
103 silly packumentCache full:https://registry.npmjs.org/lightningcss-linux-x64-gnu cache-miss
104 silly fetch manifest lightningcss-win32-x64-msvc@1.30.2
105 silly packumentCache full:https://registry.npmjs.org/lightningcss-win32-x64-msvc cache-miss
106 silly fetch manifest lightningcss-win32-arm64-msvc@1.30.2
107 silly packumentCache full:https://registry.npmjs.org/lightningcss-win32-arm64-msvc cache-miss
108 silly fetch manifest lightningcss-darwin-arm64@1.30.2
109 silly packumentCache full:https://registry.npmjs.org/lightningcss-darwin-arm64 cache-miss
110 silly fetch manifest lightningcss-linux-arm64-gnu@1.30.2
111 silly packumentCache full:https://registry.npmjs.org/lightningcss-linux-arm64-gnu cache-miss
112 silly fetch manifest lightningcss-linux-arm-gnueabihf@1.30.2
113 silly packumentCache full:https://registry.npmjs.org/lightningcss-linux-arm-gnueabihf cache-miss
114 silly fetch manifest lightningcss-linux-arm64-musl@1.30.2
115 silly packumentCache full:https://registry.npmjs.org/lightningcss-linux-arm64-musl cache-miss
116 silly fetch manifest lightningcss-linux-x64-musl@1.30.2
117 silly packumentCache full:https://registry.npmjs.org/lightningcss-linux-x64-musl cache-miss
118 silly fetch manifest lightningcss-freebsd-x64@1.30.2
119 silly packumentCache full:https://registry.npmjs.org/lightningcss-freebsd-x64 cache-miss
120 http fetch GET 200 https://registry.npmjs.org/lightningcss-linux-x64-gnu 95ms (cache miss)
121 silly packumentCache full:https://registry.npmjs.org/lightningcss-linux-x64-gnu set size:undefined disposed:false
122 silly fetch manifest lightningcss-android-arm64@1.30.2
123 silly packumentCache full:https://registry.npmjs.org/lightningcss-android-arm64 cache-miss
124 http fetch GET 200 https://registry.npmjs.org/lightningcss-darwin-x64 101ms (cache miss)
125 silly packumentCache full:https://registry.npmjs.org/lightningcss-darwin-x64 set size:undefined disposed:false
126 http fetch GET 200 https://registry.npmjs.org/lightningcss-darwin-arm64 107ms (cache miss)
127 silly packumentCache full:https://registry.npmjs.org/lightningcss-darwin-arm64 set size:undefined disposed:false
128 http fetch GET 200 https://registry.npmjs.org/lightningcss-linux-arm64-gnu 112ms (cache miss)
129 silly packumentCache full:https://registry.npmjs.org/lightningcss-linux-arm64-gnu set size:undefined disposed:false
130 http fetch GET 200 https://registry.npmjs.org/lightningcss-win32-x64-msvc 136ms (cache miss)
131 silly packumentCache full:https://registry.npmjs.org/lightningcss-win32-x64-msvc set size:undefined disposed:false
132 http fetch GET 200 https://registry.npmjs.org/lightningcss-linux-arm-gnueabihf 145ms (cache miss)
133 silly packumentCache full:https://registry.npmjs.org/lightningcss-linux-arm-gnueabihf set size:undefined disposed:false
134 http fetch GET 200 https://registry.npmjs.org/lightningcss-linux-arm64-musl 151ms (cache miss)
135 silly packumentCache full:https://registry.npmjs.org/lightningcss-linux-arm64-musl set size:undefined disposed:false
136 http fetch GET 200 https://registry.npmjs.org/lightningcss-win32-arm64-msvc 157ms (cache miss)
137 silly packumentCache full:https://registry.npmjs.org/lightningcss-win32-arm64-msvc set size:undefined disposed:false
138 http fetch GET 200 https://registry.npmjs.org/detect-libc 171ms (cache revalidated)
139 silly packumentCache full:https://registry.npmjs.org/detect-libc set size:47861 disposed:false
140 http fetch GET 200 https://registry.npmjs.org/lightningcss-freebsd-x64 171ms (cache miss)
141 silly packumentCache full:https://registry.npmjs.org/lightningcss-freebsd-x64 set size:undefined disposed:false
142 http fetch GET 200 https://registry.npmjs.org/lightningcss-linux-x64-musl 175ms (cache miss)
143 silly packumentCache full:https://registry.npmjs.org/lightningcss-linux-x64-musl set size:undefined disposed:false
144 http fetch GET 200 https://registry.npmjs.org/lightningcss-android-arm64 511ms (cache miss)
145 silly packumentCache full:https://registry.npmjs.org/lightningcss-android-arm64 set size:undefined disposed:false
146 silly placeDep ROOT @tailwindcss/oxide-android-arm64@4.1.18 OK for: @tailwindcss/oxide@4.1.18 want: 4.1.18
147 silly placeDep ROOT @tailwindcss/oxide-darwin-arm64@4.1.18 OK for: @tailwindcss/oxide@4.1.18 want: 4.1.18
148 silly placeDep ROOT @tailwindcss/oxide-darwin-x64@4.1.18 OK for: @tailwindcss/oxide@4.1.18 want: 4.1.18
149 silly placeDep ROOT @tailwindcss/oxide-freebsd-x64@4.1.18 OK for: @tailwindcss/oxide@4.1.18 want: 4.1.18
150 silly placeDep ROOT @tailwindcss/oxide-linux-arm-gnueabihf@4.1.18 OK for: @tailwindcss/oxide@4.1.18 want: 4.1.18
151 silly placeDep ROOT @tailwindcss/oxide-linux-arm64-gnu@4.1.18 OK for: @tailwindcss/oxide@4.1.18 want: 4.1.18
152 silly placeDep ROOT @tailwindcss/oxide-linux-arm64-musl@4.1.18 OK for: @tailwindcss/oxide@4.1.18 want: 4.1.18
153 silly placeDep ROOT @tailwindcss/oxide-linux-x64-gnu@4.1.18 OK for: @tailwindcss/oxide@4.1.18 want: 4.1.18
154 silly placeDep ROOT @tailwindcss/oxide-linux-x64-musl@4.1.18 OK for: @tailwindcss/oxide@4.1.18 want: 4.1.18
155 silly placeDep ROOT @tailwindcss/oxide-wasm32-wasi@4.1.18 OK for: @tailwindcss/oxide@4.1.18 want: 4.1.18
156 silly placeDep ROOT @tailwindcss/oxide-win32-arm64-msvc@4.1.18 OK for: @tailwindcss/oxide@4.1.18 want: 4.1.18
157 silly placeDep ROOT @tailwindcss/oxide-win32-x64-msvc@4.1.18 OK for: @tailwindcss/oxide@4.1.18 want: 4.1.18
158 silly placeDep node_modules/lightningcss detect-libc@2.1.2 OK for: lightningcss@1.30.2 want: ^2.0.3
159 silly placeDep ROOT lightningcss-android-arm64@1.30.2 OK for: lightningcss@1.30.2 want: 1.30.2
160 silly placeDep ROOT lightningcss-darwin-arm64@1.30.2 OK for: lightningcss@1.30.2 want: 1.30.2
161 silly placeDep ROOT lightningcss-darwin-x64@1.30.2 OK for: lightningcss@1.30.2 want: 1.30.2
162 silly placeDep ROOT lightningcss-freebsd-x64@1.30.2 OK for: lightningcss@1.30.2 want: 1.30.2
163 silly placeDep ROOT lightningcss-linux-arm-gnueabihf@1.30.2 OK for: lightningcss@1.30.2 want: 1.30.2
164 silly placeDep ROOT lightningcss-linux-arm64-gnu@1.30.2 OK for: lightningcss@1.30.2 want: 1.30.2
165 silly placeDep ROOT lightningcss-linux-arm64-musl@1.30.2 OK for: lightningcss@1.30.2 want: 1.30.2
166 silly placeDep ROOT lightningcss-linux-x64-gnu@1.30.2 OK for: lightningcss@1.30.2 want: 1.30.2
167 silly placeDep ROOT lightningcss-linux-x64-musl@1.30.2 OK for: lightningcss@1.30.2 want: 1.30.2
168 silly placeDep ROOT lightningcss-win32-arm64-msvc@1.30.2 OK for: lightningcss@1.30.2 want: 1.30.2
169 silly placeDep ROOT lightningcss-win32-x64-msvc@1.30.2 OK for: lightningcss@1.30.2 want: 1.30.2
170 silly fetch manifest @swc/core@>= 1.13.3
171 silly packumentCache full:https://registry.npmjs.org/@swc%2fcore cache-miss
172 http cache https://registry.npmjs.org/@swc%2fcore 6ms (cache hit)
173 silly packumentCache full:https://registry.npmjs.org/@swc%2fcore set size:3897881 disposed:false
174 silly fetch manifest @swc/helpers@>=0.5.17
175 silly packumentCache full:https://registry.npmjs.org/@swc%2fhelpers cache-miss
176 http cache https://registry.npmjs.org/@swc%2fhelpers 3ms (cache hit)
177 silly packumentCache full:https://registry.npmjs.org/@swc%2fhelpers set size:655395 disposed:false
178 warn ERESOLVE overriding peer dependency {
178 warn ERESOLVE   code: 'ERESOLVE',
178 warn ERESOLVE   edge: {
178 warn ERESOLVE     type: 'peer',
178 warn ERESOLVE     name: '@swc/core',
178 warn ERESOLVE     spec: '>= 1.13.3',
178 warn ERESOLVE     error: 'INVALID',
178 warn ERESOLVE     from: {
178 warn ERESOLVE       name: '@swc-node/core',
178 warn ERESOLVE       version: '1.14.1',
178 warn ERESOLVE       location: 'node_modules/@swc-node/register/node_modules/@swc-node/core',
178 warn ERESOLVE       isWorkspace: false,
178 warn ERESOLVE       dependents: [Array]
178 warn ERESOLVE     }
178 warn ERESOLVE   },
178 warn ERESOLVE   dep: {
178 warn ERESOLVE     name: '@swc/core',
178 warn ERESOLVE     version: '1.15.8',
178 warn ERESOLVE     whileInstalling: {
178 warn ERESOLVE       name: '@swc-node/core',
178 warn ERESOLVE       version: '1.14.1',
178 warn ERESOLVE       path: '/Users/somanathkambar/IdeaProjects/OrderManagement/node_modules/@swc-node/register/node_modules/@swc-node/core'
178 warn ERESOLVE     },
178 warn ERESOLVE     location: 'node_modules/@swc/core',
178 warn ERESOLVE     isWorkspace: false,
178 warn ERESOLVE     dependents: [ [Object] ]
178 warn ERESOLVE   },
178 warn ERESOLVE   force: false,
178 warn ERESOLVE   isMine: false,
178 warn ERESOLVE   strictPeerDeps: false,
178 warn ERESOLVE   current: {
178 warn ERESOLVE     name: '@swc/core',
178 warn ERESOLVE     version: '1.5.29',
178 warn ERESOLVE     location: 'node_modules/@swc/core',
178 warn ERESOLVE     isWorkspace: false,
178 warn ERESOLVE     dependents: [ [Object], [Object], [Object], [Object] ]
178 warn ERESOLVE   },
178 warn ERESOLVE   peerConflict: {
178 warn ERESOLVE     current: {
178 warn ERESOLVE       name: '@swc/core',
178 warn ERESOLVE       version: '1.5.29',
178 warn ERESOLVE       location: 'node_modules/@swc/core',
178 warn ERESOLVE       isWorkspace: false,
178 warn ERESOLVE       dependents: [Array]
178 warn ERESOLVE     },
178 warn ERESOLVE     peer: {
178 warn ERESOLVE       name: '@swc/core',
178 warn ERESOLVE       version: '1.15.8',
178 warn ERESOLVE       whileInstalling: [Object],
178 warn ERESOLVE       location: 'node_modules/@swc/core',
178 warn ERESOLVE       isWorkspace: false,
178 warn ERESOLVE       dependents: [Array]
178 warn ERESOLVE     }
178 warn ERESOLVE   }
178 warn ERESOLVE }
179 silly reify moves {}
180 silly audit bulk request {
180 silly audit   '@angular-devkit/core': [ '21.0.4' ],
180 silly audit   '@angular-devkit/schematics': [ '21.0.4' ],
180 silly audit   '@babel/code-frame': [ '7.27.1' ],
180 silly audit   '@babel/compat-data': [ '7.28.5' ],
180 silly audit   '@babel/core': [ '7.28.5' ],
180 silly audit   semver: [ '6.3.1', '7.6.3', '5.7.2', '7.7.3' ],
180 silly audit   '@babel/generator': [ '7.28.5' ],
180 silly audit   '@babel/helper-annotate-as-pure': [ '7.27.3' ],
180 silly audit   '@babel/helper-compilation-targets': [ '7.27.2' ],
180 silly audit   '@babel/helper-create-class-features-plugin': [ '7.28.5' ],
180 silly audit   '@babel/helper-create-regexp-features-plugin': [ '7.28.5' ],
180 silly audit   '@babel/helper-define-polyfill-provider': [ '0.6.5' ],
180 silly audit   resolve: [ '1.22.11', '2.0.0-next.5', '1.22.8' ],
180 silly audit   '@babel/helper-globals': [ '7.28.0' ],
180 silly audit   '@babel/helper-member-expression-to-functions': [ '7.28.5' ],
180 silly audit   '@babel/helper-module-imports': [ '7.27.1' ],
180 silly audit   '@babel/helper-module-transforms': [ '7.28.3' ],
180 silly audit   '@babel/helper-optimise-call-expression': [ '7.27.1' ],
180 silly audit   '@babel/helper-plugin-utils': [ '7.27.1' ],
180 silly audit   '@babel/helper-remap-async-to-generator': [ '7.27.1' ],
180 silly audit   '@babel/helper-replace-supers': [ '7.27.1' ],
180 silly audit   '@babel/helper-skip-transparent-expression-wrappers': [ '7.27.1' ],
180 silly audit   '@babel/helper-string-parser': [ '7.27.1' ],
180 silly audit   '@babel/helper-validator-identifier': [ '7.28.5' ],
180 silly audit   '@babel/helper-validator-option': [ '7.27.1' ],
180 silly audit   '@babel/helper-wrap-function': [ '7.28.3' ],
180 silly audit   '@babel/helpers': [ '7.28.4' ],
180 silly audit   '@babel/parser': [ '7.28.5' ],
180 silly audit   '@babel/plugin-bugfix-firefox-class-in-computed-class-key': [ '7.28.5' ],
180 silly audit   '@babel/plugin-bugfix-safari-class-field-initializer-scope': [ '7.27.1' ],
180 silly audit   '@babel/plugin-bugfix-safari-id-destructuring-collision-in-function-expression': [ '7.27.1' ],
180 silly audit   '@babel/plugin-bugfix-v8-spread-parameters-in-optional-chaining': [ '7.27.1' ],
180 silly audit   '@babel/plugin-bugfix-v8-static-class-fields-redefine-readonly': [ '7.28.3' ],
180 silly audit   '@babel/plugin-proposal-decorators': [ '7.28.0' ],
180 silly audit   '@babel/plugin-proposal-private-property-in-object': [ '7.21.0-placeholder-for-preset-env.2' ],
180 silly audit   '@babel/plugin-syntax-decorators': [ '7.27.1' ],
180 silly audit   '@babel/plugin-syntax-import-assertions': [ '7.27.1' ],
180 silly audit   '@babel/plugin-syntax-import-attributes': [ '7.27.1' ],
180 silly audit   '@babel/plugin-syntax-jsx': [ '7.27.1' ],
180 silly audit   '@babel/plugin-syntax-typescript': [ '7.27.1' ],
180 silly audit   '@babel/plugin-syntax-unicode-sets-regex': [ '7.18.6' ],
180 silly audit   '@babel/plugin-transform-arrow-functions': [ '7.27.1' ],
180 silly audit   '@babel/plugin-transform-async-generator-functions': [ '7.28.0' ],
180 silly audit   '@babel/plugin-transform-async-to-generator': [ '7.27.1' ],
180 silly audit   '@babel/plugin-transform-block-scoped-functions': [ '7.27.1' ],
180 silly audit   '@babel/plugin-transform-block-scoping': [ '7.28.5' ],
180 silly audit   '@babel/plugin-transform-class-properties': [ '7.27.1' ],
180 silly audit   '@babel/plugin-transform-class-static-block': [ '7.28.3' ],
180 silly audit   '@babel/plugin-transform-classes': [ '7.28.4' ],
180 silly audit   '@babel/plugin-transform-computed-properties': [ '7.27.1' ],
180 silly audit   '@babel/plugin-transform-destructuring': [ '7.28.5' ],
180 silly audit   '@babel/plugin-transform-dotall-regex': [ '7.27.1' ],
180 silly audit   '@babel/plugin-transform-duplicate-keys': [ '7.27.1' ],
180 silly audit   '@babel/plugin-transform-duplicate-named-capturing-groups-regex': [ '7.27.1' ],
180 silly audit   '@babel/plugin-transform-dynamic-import': [ '7.27.1' ],
180 silly audit   '@babel/plugin-transform-explicit-resource-management': [ '7.28.0' ],
180 silly audit   '@babel/plugin-transform-exponentiation-operator': [ '7.28.5' ],
180 silly audit   '@babel/plugin-transform-export-namespace-from': [ '7.27.1' ],
180 silly audit   '@babel/plugin-transform-for-of': [ '7.27.1' ],
180 silly audit   '@babel/plugin-transform-function-name': [ '7.27.1' ],
180 silly audit   '@babel/plugin-transform-json-strings': [ '7.27.1' ],
180 silly audit   '@babel/plugin-transform-literals': [ '7.27.1' ],
180 silly audit   '@babel/plugin-transform-logical-assignment-operators': [ '7.28.5' ],
180 silly audit   '@babel/plugin-transform-member-expression-literals': [ '7.27.1' ],
180 silly audit   '@babel/plugin-transform-modules-amd': [ '7.27.1' ],
180 silly audit   '@babel/plugin-transform-modules-commonjs': [ '7.27.1' ],
180 silly audit   '@babel/plugin-transform-modules-systemjs': [ '7.28.5' ],
180 silly audit   '@babel/plugin-transform-modules-umd': [ '7.27.1' ],
180 silly audit   '@babel/plugin-transform-named-capturing-groups-regex': [ '7.27.1' ],
180 silly audit   '@babel/plugin-transform-new-target': [ '7.27.1' ],
180 silly audit   '@babel/plugin-transform-nullish-coalescing-operator': [ '7.27.1' ],
180 silly audit   '@babel/plugin-transform-numeric-separator': [ '7.27.1' ],
180 silly audit   '@babel/plugin-transform-object-rest-spread': [ '7.28.4' ],
180 silly audit   '@babel/plugin-transform-object-super': [ '7.27.1' ],
180 silly audit   '@babel/plugin-transform-optional-catch-binding': [ '7.27.1' ],
180 silly audit   '@babel/plugin-transform-optional-chaining': [ '7.28.5' ],
180 silly audit   '@babel/plugin-transform-parameters': [ '7.27.7' ],
180 silly audit   '@babel/plugin-transform-private-methods': [ '7.27.1' ],
180 silly audit   '@babel/plugin-transform-private-property-in-object': [ '7.27.1' ],
180 silly audit   '@babel/plugin-transform-property-literals': [ '7.27.1' ],
180 silly audit   '@babel/plugin-transform-react-constant-elements': [ '7.27.1' ],
180 silly audit   '@babel/plugin-transform-react-display-name': [ '7.28.0' ],
180 silly audit   '@babel/plugin-transform-react-jsx': [ '7.27.1' ],
180 silly audit   '@babel/plugin-transform-react-jsx-development': [ '7.27.1' ],
180 silly audit   '@babel/plugin-transform-react-jsx-self': [ '7.27.1' ],
180 silly audit   '@babel/plugin-transform-react-jsx-source': [ '7.27.1' ],
180 silly audit   '@babel/plugin-transform-react-pure-annotations': [ '7.27.1' ],
180 silly audit   '@babel/plugin-transform-regenerator': [ '7.28.4' ],
180 silly audit   '@babel/plugin-transform-regexp-modifiers': [ '7.27.1' ],
180 silly audit   '@babel/plugin-transform-reserved-words': [ '7.27.1' ],
180 silly audit   '@babel/plugin-transform-runtime': [ '7.28.5' ],
180 silly audit   '@babel/plugin-transform-shorthand-properties': [ '7.27.1' ],
180 silly audit   '@babel/plugin-transform-spread': [ '7.27.1' ],
180 silly audit   '@babel/plugin-transform-sticky-regex': [ '7.27.1' ],
180 silly audit   '@babel/plugin-transform-template-literals': [ '7.27.1' ],
180 silly audit   '@babel/plugin-transform-typeof-symbol': [ '7.27.1' ],
180 silly audit   '@babel/plugin-transform-typescript': [ '7.28.5' ],
180 silly audit   '@babel/plugin-transform-unicode-escapes': [ '7.27.1' ],
180 silly audit   '@babel/plugin-transform-unicode-property-regex': [ '7.27.1' ],
180 silly audit   '@babel/plugin-transform-unicode-regex': [ '7.27.1' ],
180 silly audit   '@babel/plugin-transform-unicode-sets-regex': [ '7.27.1' ],
180 silly audit   '@babel/preset-env': [ '7.28.5' ],
180 silly audit   '@babel/preset-modules': [ '0.1.6-no-external-plugins' ],
180 silly audit   '@babel/preset-react': [ '7.28.5' ],
180 silly audit   '@babel/preset-typescript': [ '7.28.5' ],
180 silly audit   '@babel/runtime': [ '7.28.4' ],
180 silly audit   '@babel/template': [ '7.27.2' ],
180 silly audit   '@babel/traverse': [ '7.28.5' ],
180 silly audit   '@babel/types': [ '7.28.5' ],
180 silly audit   '@bcoe/v8-coverage': [ '1.0.2' ],
180 silly audit   '@borewit/text-codec': [ '0.2.1' ],
180 silly audit   '@bufbuild/protobuf': [ '2.10.2' ],
180 silly audit   '@emnapi/core': [ '1.8.1' ],
180 silly audit   '@emnapi/runtime': [ '1.8.1' ],
180 silly audit   '@emnapi/wasi-threads': [ '1.1.0' ],
180 silly audit   '@esbuild/aix-ppc64': [ '0.27.2' ],
180 silly audit   '@esbuild/android-arm': [ '0.27.2' ],
180 silly audit   '@esbuild/android-arm64': [ '0.27.2' ],
180 silly audit   '@esbuild/android-x64': [ '0.27.2' ],
180 silly audit   '@esbuild/darwin-arm64': [ '0.27.2' ],
180 silly audit   '@esbuild/darwin-x64': [ '0.27.2' ],
180 silly audit   '@esbuild/freebsd-arm64': [ '0.27.2' ],
180 silly audit   '@esbuild/freebsd-x64': [ '0.27.2' ],
180 silly audit   '@esbuild/linux-arm': [ '0.27.2' ],
180 silly audit   '@esbuild/linux-arm64': [ '0.27.2' ],
180 silly audit   '@esbuild/linux-ia32': [ '0.27.2' ],
180 silly audit   '@esbuild/linux-loong64': [ '0.27.2' ],
180 silly audit   '@esbuild/linux-mips64el': [ '0.27.2' ],
180 silly audit   '@esbuild/linux-ppc64': [ '0.27.2' ],
180 silly audit   '@esbuild/linux-riscv64': [ '0.27.2' ],
180 silly audit   '@esbuild/linux-s390x': [ '0.27.2' ],
180 silly audit   '@esbuild/linux-x64': [ '0.27.2' ],
180 silly audit   '@esbuild/netbsd-arm64': [ '0.27.2' ],
180 silly audit   '@esbuild/netbsd-x64': [ '0.27.2' ],
180 silly audit   '@esbuild/openbsd-arm64': [ '0.27.2' ],
180 silly audit   '@esbuild/openbsd-x64': [ '0.27.2' ],
180 silly audit   '@esbuild/openharmony-arm64': [ '0.27.2' ],
180 silly audit   '@esbuild/sunos-x64': [ '0.27.2' ],
180 silly audit   '@esbuild/win32-arm64': [ '0.27.2' ],
180 silly audit   '@esbuild/win32-ia32': [ '0.27.2' ],
180 silly audit   '@esbuild/win32-x64': [ '0.27.2' ],
180 silly audit   '@eslint-community/eslint-utils': [ '4.9.1' ],
180 silly audit   '@eslint-community/regexpp': [ '4.12.2' ],
180 silly audit   '@eslint/config-array': [ '0.21.1' ],
180 silly audit   'brace-expansion': [ '1.1.12', '2.0.2' ],
180 silly audit   minimatch: [ '3.1.2', '9.0.5', '5.1.6', '9.0.3' ],
180 silly audit   '@eslint/config-helpers': [ '0.4.2' ],
180 silly audit   '@eslint/core': [ '0.17.0' ],
180 silly audit   '@eslint/eslintrc': [ '3.3.3' ],
180 silly audit   ajv: [ '6.12.6', '8.17.1' ],
180 silly audit   'json-schema-traverse': [ '0.4.1', '1.0.0' ],
180 silly audit   '@eslint/js': [ '9.39.2' ],
180 silly audit   '@eslint/object-schema': [ '2.1.7' ],
180 silly audit   '@eslint/plugin-kit': [ '0.4.1' ],
180 silly audit   '@humanfs/core': [ '0.19.1' ],
180 silly audit   '@humanfs/node': [ '0.16.7' ],
180 silly audit   '@humanwhocodes/module-importer': [ '1.0.1' ],
180 silly audit   '@humanwhocodes/retry': [ '0.4.3' ],
180 silly audit   '@jest/diff-sequences': [ '30.0.1' ],
180 silly audit   '@jest/get-type': [ '30.1.0' ],
180 silly audit   '@jest/schemas': [ '29.6.3', '30.0.5' ],
180 silly audit   '@jest/types': [ '29.6.3' ],
180 silly audit   chalk: [ '4.1.2', '3.0.0', '5.6.2' ],
180 silly audit   '@jridgewell/gen-mapping': [ '0.3.13' ],
180 silly audit   '@jridgewell/remapping': [ '2.3.5' ],
180 silly audit   '@jridgewell/resolve-uri': [ '3.1.2' ],
180 silly audit   '@jridgewell/source-map': [ '0.3.11' ],
180 silly audit   '@jridgewell/sourcemap-codec': [ '1.5.5' ],
180 silly audit   '@jridgewell/trace-mapping': [ '0.3.31' ],
180 silly audit   '@jsonjoy.com/base64': [ '1.1.2' ],
180 silly audit   '@jsonjoy.com/buffers': [ '1.2.1' ],
180 silly audit   '@jsonjoy.com/codegen': [ '1.0.0' ],
180 silly audit   '@jsonjoy.com/json-pack': [ '1.21.0' ],
180 silly audit   '@jsonjoy.com/json-pointer': [ '1.0.2' ],
180 silly audit   '@jsonjoy.com/util': [ '1.9.0' ],
180 silly audit   '@leichtgewicht/ip-codec': [ '2.0.5' ],
180 silly audit   '@module-federation/bridge-react-webpack-plugin': [ '0.21.6', '0.22.0' ],
180 silly audit   '@module-federation/cli': [ '0.21.6', '0.22.0' ],
180 silly audit   '@module-federation/dts-plugin': [ '0.21.6', '0.22.0' ],
180 silly audit   '@module-federation/enhanced': [ '0.21.6', '0.22.0' ],
180 silly audit   '@module-federation/data-prefetch': [ '0.21.6', '0.22.0' ],
180 silly audit   react: [ '19.2.3', '18.3.1' ],
180 silly audit   'react-dom': [ '19.2.3', '18.3.1' ],
180 silly audit   '@module-federation/error-codes': [ '0.21.6', '0.22.0' ],
180 silly audit   '@module-federation/inject-external-runtime-core-plugin': [ '0.21.6', '0.22.0' ],
180 silly audit   '@module-federation/managers': [ '0.21.6', '0.22.0' ],
180 silly audit   '@module-federation/manifest': [ '0.21.6', '0.22.0' ],
180 silly audit   '@module-federation/rspack': [ '0.21.6', '0.22.0' ],
180 silly audit   '@module-federation/runtime': [ '0.21.6', '0.22.0' ],
180 silly audit   '@module-federation/runtime-core': [ '0.21.6', '0.22.0' ],
180 silly audit   '@module-federation/runtime-tools': [ '0.21.6', '0.22.0' ],
180 silly audit   '@module-federation/sdk': [ '0.21.6', '0.22.0' ],
180 silly audit   '@module-federation/third-party-dts-extractor': [ '0.21.6', '0.22.0' ],
180 silly audit   '@module-federation/webpack-bundler-runtime': [ '0.21.6', '0.22.0' ],
180 silly audit   '@napi-rs/nice': [ '1.1.1' ],
180 silly audit   '@napi-rs/nice-android-arm-eabi': [ '1.1.1' ],
180 silly audit   '@napi-rs/nice-android-arm64': [ '1.1.1' ],
180 silly audit   '@napi-rs/nice-darwin-arm64': [ '1.1.1' ],
180 silly audit   '@napi-rs/nice-darwin-x64': [ '1.1.1' ],
180 silly audit   '@napi-rs/nice-freebsd-x64': [ '1.1.1' ],
180 silly audit   '@napi-rs/nice-linux-arm-gnueabihf': [ '1.1.1' ],
180 silly audit   '@napi-rs/nice-linux-arm64-gnu': [ '1.1.1' ],
180 silly audit   '@napi-rs/nice-linux-arm64-musl': [ '1.1.1' ],
180 silly audit   '@napi-rs/nice-linux-ppc64-gnu': [ '1.1.1' ],
180 silly audit   '@napi-rs/nice-linux-riscv64-gnu': [ '1.1.1' ],
180 silly audit   '@napi-rs/nice-linux-s390x-gnu': [ '1.1.1' ],
180 silly audit   '@napi-rs/nice-linux-x64-gnu': [ '1.1.1' ],
180 silly audit   '@napi-rs/nice-linux-x64-musl': [ '1.1.1' ],
180 silly audit   '@napi-rs/nice-openharmony-arm64': [ '1.1.1' ],
180 silly audit   '@napi-rs/nice-win32-arm64-msvc': [ '1.1.1' ],
180 silly audit   '@napi-rs/nice-win32-ia32-msvc': [ '1.1.1' ],
180 silly audit   '@napi-rs/nice-win32-x64-msvc': [ '1.1.1' ],
180 silly audit   '@napi-rs/wasm-runtime': [ '1.0.7', '0.2.4' ],
180 silly audit   '@nodelib/fs.scandir': [ '2.1.5' ],
180 silly audit   '@nodelib/fs.stat': [ '2.0.5' ],
180 silly audit   '@nodelib/fs.walk': [ '1.2.8' ],
180 silly audit   '@nx/angular': [ '22.3.3' ],
180 silly audit   jiti: [ '2.4.2', '2.6.1' ],
180 silly audit   '@module-federation/node': [ '2.7.26' ],
180 silly audit   '@nx/rspack': [ '22.3.3' ],
180 silly audit   cosmiconfig: [ '9.0.0', '7.1.0', '8.3.6' ],
180 silly audit   picomatch: [ '4.0.2', '2.3.1', '4.0.3' ],
180 silly audit   'postcss-loader': [ '8.2.0', '6.2.1' ],
180 silly audit   '@nx/devkit': [ '22.3.3' ],
180 silly audit   '@nx/eslint': [ '22.3.3' ],
180 silly audit   '@nx/eslint-plugin': [ '22.3.3' ],
180 silly audit   globals: [ '15.15.0', '14.0.0' ],
180 silly audit   '@nx/js': [ '22.3.3' ],
180 silly audit   'jsonc-parser': [ '3.2.0', '3.3.1' ],
180 silly audit   '@nx/module-federation': [ '22.3.3' ],
180 silly audit   '@nx/nx-darwin-arm64': [ '22.3.3' ],
180 silly audit   '@nx/nx-darwin-x64': [ '22.3.3' ],
180 silly audit   '@nx/nx-freebsd-x64': [ '22.3.3' ],
180 silly audit   '@nx/nx-linux-arm-gnueabihf': [ '22.3.3' ],
180 silly audit   '@nx/nx-linux-arm64-gnu': [ '22.3.3' ],
180 silly audit   '@nx/nx-linux-arm64-musl': [ '22.3.3' ],
180 silly audit   '@nx/nx-linux-x64-gnu': [ '22.3.3' ],
180 silly audit   '@nx/nx-linux-x64-musl': [ '22.3.3' ],
180 silly audit   '@nx/nx-win32-arm64-msvc': [ '22.3.3' ],
180 silly audit   '@nx/nx-win32-x64-msvc': [ '22.3.3' ],
180 silly audit   '@nx/react': [ '22.3.3' ],
180 silly audit   '@nx/rollup': [ '22.3.3' ],
180 silly audit   '@nx/vite': [ '22.3.3' ],
180 silly audit   '@nx/vitest': [ '22.3.3' ],
180 silly audit   '@nx/web': [ '22.3.3' ],
180 silly audit   '@nx/webpack': [ '22.3.3' ],
180 silly audit   '@nx/workspace': [ '22.3.3' ],
180 silly audit   '@parcel/watcher': [ '2.5.1' ],
180 silly audit   '@parcel/watcher-android-arm64': [ '2.5.1' ],
180 silly audit   '@parcel/watcher-darwin-arm64': [ '2.5.1' ],
180 silly audit   '@parcel/watcher-darwin-x64': [ '2.5.1' ],
180 silly audit   '@parcel/watcher-freebsd-x64': [ '2.5.1' ],
180 silly audit   '@parcel/watcher-linux-arm-glibc': [ '2.5.1' ],
180 silly audit   '@parcel/watcher-linux-arm-musl': [ '2.5.1' ],
180 silly audit   '@parcel/watcher-linux-arm64-glibc': [ '2.5.1' ],
180 silly audit   '@parcel/watcher-linux-arm64-musl': [ '2.5.1' ],
180 silly audit   '@parcel/watcher-linux-x64-glibc': [ '2.5.1' ],
180 silly audit   '@parcel/watcher-linux-x64-musl': [ '2.5.1' ],
180 silly audit   '@parcel/watcher-win32-arm64': [ '2.5.1' ],
180 silly audit   '@parcel/watcher-win32-ia32': [ '2.5.1' ],
180 silly audit   '@parcel/watcher-win32-x64': [ '2.5.1' ],
180 silly audit   '@phenomnomnominal/tsquery': [ '5.0.1' ],
180 silly audit   '@polka/url': [ '1.0.0-next.29' ],
180 silly audit   '@rolldown/pluginutils': [ '1.0.0-beta.27' ],
180 silly audit   '@rollup/plugin-babel': [ '6.1.0' ],
180 silly audit   '@rollup/plugin-commonjs': [ '25.0.8' ],
180 silly audit   '@rollup/plugin-image': [ '3.0.3' ],
180 silly audit   '@rollup/plugin-json': [ '6.1.0' ],
180 silly audit   '@rollup/plugin-node-resolve': [ '15.3.1' ],
180 silly audit   '@rollup/plugin-typescript': [ '12.3.0' ],
180 silly audit   '@rollup/pluginutils': [ '5.3.0', '4.2.1' ],
180 silly audit   '@rollup/rollup-android-arm-eabi': [ '4.55.1' ],
180 silly audit   '@rollup/rollup-android-arm64': [ '4.55.1' ],
180 silly audit   '@rollup/rollup-darwin-arm64': [ '4.55.1' ],
180 silly audit   '@rollup/rollup-darwin-x64': [ '4.55.1' ],
180 silly audit   '@rollup/rollup-freebsd-arm64': [ '4.55.1' ],
180 silly audit   '@rollup/rollup-freebsd-x64': [ '4.55.1' ],
180 silly audit   '@rollup/rollup-linux-arm-gnueabihf': [ '4.55.1' ],
180 silly audit   '@rollup/rollup-linux-arm-musleabihf': [ '4.55.1' ],
180 silly audit   '@rollup/rollup-linux-arm64-gnu': [ '4.55.1' ],
180 silly audit   '@rollup/rollup-linux-arm64-musl': [ '4.55.1' ],
180 silly audit   '@rollup/rollup-linux-loong64-gnu': [ '4.55.1' ],
180 silly audit   '@rollup/rollup-linux-loong64-musl': [ '4.55.1' ],
180 silly audit   '@rollup/rollup-linux-ppc64-gnu': [ '4.55.1' ],
180 silly audit   '@rollup/rollup-linux-ppc64-musl': [ '4.55.1' ],
180 silly audit   '@rollup/rollup-linux-riscv64-gnu': [ '4.55.1' ],
180 silly audit   '@rollup/rollup-linux-riscv64-musl': [ '4.55.1' ],
180 silly audit   '@rollup/rollup-linux-s390x-gnu': [ '4.55.1' ],
180 silly audit   '@rollup/rollup-linux-x64-gnu': [ '4.55.1' ],
180 silly audit   '@rollup/rollup-linux-x64-musl': [ '4.55.1' ],
180 silly audit   '@rollup/rollup-openbsd-x64': [ '4.55.1' ],
180 silly audit   '@rollup/rollup-openharmony-arm64': [ '4.55.1' ],
180 silly audit   '@rollup/rollup-win32-arm64-msvc': [ '4.55.1' ],
180 silly audit   '@rollup/rollup-win32-ia32-msvc': [ '4.55.1' ],
180 silly audit   '@rollup/rollup-win32-x64-gnu': [ '4.55.1' ],
180 silly audit   '@rollup/rollup-win32-x64-msvc': [ '4.55.1' ],
180 silly audit   '@rspack/binding': [ '1.7.0' ],
180 silly audit   '@rspack/binding-darwin-arm64': [ '1.7.0' ],
180 silly audit   '@rspack/binding-darwin-x64': [ '1.7.0' ],
180 silly audit   '@rspack/binding-linux-arm64-gnu': [ '1.7.0' ],
180 silly audit   '@rspack/binding-linux-arm64-musl': [ '1.7.0' ],
180 silly audit   '@rspack/binding-linux-x64-gnu': [ '1.7.0' ],
180 silly audit   '@rspack/binding-linux-x64-musl': [ '1.7.0' ],
180 silly audit   '@rspack/binding-wasm32-wasi': [ '1.7.0' ],
180 silly audit   '@rspack/binding-win32-arm64-msvc': [ '1.7.0' ],
180 silly audit   '@rspack/binding-win32-ia32-msvc': [ '1.7.0' ],
180 silly audit   '@rspack/binding-win32-x64-msvc': [ '1.7.0' ],
180 silly audit   '@rspack/core': [ '1.7.0' ],
180 silly audit   '@rspack/dev-server': [ '1.1.5' ],
180 silly audit   chokidar: [ '3.6.0', '4.0.3' ],
180 silly audit   'glob-parent': [ '5.1.2', '6.0.2' ],
180 silly audit   'http-proxy-middleware': [ '2.0.9', '3.0.5' ],
180 silly audit   readdirp: [ '3.6.0', '4.1.2' ],
180 silly audit   '@rspack/lite-tapable': [ '1.1.0' ],
180 silly audit   '@rspack/plugin-react-refresh': [ '1.5.3' ],
180 silly audit   '@rtsao/scc': [ '1.1.0' ],
180 silly audit   '@schematics/angular': [ '21.0.4' ],
180 silly audit   '@sinclair/typebox': [ '0.27.8', '0.34.46' ],
180 silly audit   '@sindresorhus/is': [ '5.6.0' ],
180 silly audit   '@standard-schema/spec': [ '1.1.0' ],
180 silly audit   '@svgr/babel-plugin-add-jsx-attribute': [ '8.0.0' ],
180 silly audit   '@svgr/babel-plugin-remove-jsx-attribute': [ '8.0.0' ],
180 silly audit   '@svgr/babel-plugin-remove-jsx-empty-expression': [ '8.0.0' ],
180 silly audit   '@svgr/babel-plugin-replace-jsx-attribute-value': [ '8.0.0' ],
180 silly audit   '@svgr/babel-plugin-svg-dynamic-title': [ '8.0.0' ],
180 silly audit   '@svgr/babel-plugin-svg-em-dimensions': [ '8.0.0' ],
180 silly audit   '@svgr/babel-plugin-transform-react-native-svg': [ '8.1.0' ],
180 silly audit   '@svgr/babel-plugin-transform-svg-component': [ '8.0.0' ],
180 silly audit   '@svgr/babel-preset': [ '8.1.0' ],
180 silly audit   '@svgr/core': [ '8.1.0' ],
180 silly audit   '@svgr/hast-util-to-babel-ast': [ '8.0.0' ],
180 silly audit   '@svgr/plugin-jsx': [ '8.1.0' ],
180 silly audit   '@svgr/plugin-svgo': [ '8.1.0' ],
180 silly audit   '@svgr/webpack': [ '8.1.0' ],
180 silly audit   '@swc-node/register': [ '1.9.2' ],
180 silly audit   '@swc-node/core': [ '1.14.1' ],
180 silly audit   '@swc-node/sourcemap-support': [ '0.5.1' ],
180 silly audit   'source-map': [ '0.6.1', '0.7.6' ],
180 silly audit   'source-map-support': [ '0.5.21', '0.5.19' ],
180 silly audit   '@swc/cli': [ '0.6.0' ],
180 silly audit   commander: [ '8.3.0', '11.1.0', '7.2.0', '6.2.1', '2.20.3' ],
180 silly audit   slash: [ '3.0.0', '4.0.0' ],
180 silly audit   '@swc/core': [ '1.5.29' ],
180 silly audit   '@swc/core-darwin-arm64': [ '1.5.29' ],
180 silly audit   '@swc/core-darwin-x64': [ '1.5.29' ],
180 silly audit   '@swc/core-linux-arm-gnueabihf': [ '1.5.29' ],
180 silly audit   '@swc/core-linux-arm64-gnu': [ '1.5.29' ],
180 silly audit   '@swc/core-linux-arm64-musl': [ '1.5.29' ],
180 silly audit   '@swc/core-linux-x64-gnu': [ '1.5.29' ],
180 silly audit   '@swc/core-linux-x64-musl': [ '1.5.29' ],
180 silly audit   '@swc/core-win32-arm64-msvc': [ '1.5.29' ],
180 silly audit   '@swc/core-win32-ia32-msvc': [ '1.5.29' ],
180 silly audit   '@swc/core-win32-x64-msvc': [ '1.5.29' ],
180 silly audit   '@swc/counter': [ '0.1.3' ],
180 silly audit   '@swc/helpers': [ '0.5.18' ],
180 silly audit   '@swc/types': [ '0.1.25' ],
180 silly audit   '@szmarczak/http-timer': [ '5.0.1' ],
180 silly audit   '@testing-library/dom': [ '10.4.0' ],
180 silly audit   'pretty-format': [ '27.5.1', '30.2.0' ],
180 silly audit   'ansi-styles': [ '5.2.0', '4.3.0' ],
180 silly audit   'react-is': [ '17.0.2', '16.13.1', '18.3.1' ],
180 silly audit   '@testing-library/react': [ '16.3.0' ],
180 silly audit   '@tokenizer/inflate': [ '0.2.7' ],
180 silly audit   '@tokenizer/token': [ '0.3.0' ],
180 silly audit   '@tootallnate/once': [ '2.0.0' ],
180 silly audit   '@trysound/sax': [ '0.2.0' ],
180 silly audit   '@tybys/wasm-util': [ '0.10.1', '0.9.0' ],
180 silly audit   '@types/aria-query': [ '5.0.4' ],
180 silly audit   '@types/babel__core': [ '7.20.5' ],
180 silly audit   '@types/babel__generator': [ '7.27.0' ],
180 silly audit   '@types/babel__template': [ '7.4.4' ],
180 silly audit   '@types/babel__traverse': [ '7.28.0' ],
180 silly audit   '@types/body-parser': [ '1.19.6' ],
180 silly audit   '@types/bonjour': [ '3.5.13' ],
180 silly audit   '@types/chai': [ '5.2.3' ],
180 silly audit   '@types/connect': [ '3.4.38' ],
180 silly audit   '@types/connect-history-api-fallback': [ '1.5.4' ],
180 silly audit   '@types/deep-eql': [ '4.0.2' ],
180 silly audit   '@types/eslint': [ '9.6.1' ],
180 silly audit   '@types/eslint-scope': [ '3.7.7' ],
180 silly audit   '@types/estree': [ '1.0.8' ],
180 silly audit   '@types/express': [ '4.17.25' ],
180 silly audit   '@types/express-serve-static-core': [ '4.19.7' ],
180 silly audit   '@types/http-cache-semantics': [ '4.0.4' ],
180 silly audit   '@types/http-errors': [ '2.0.5' ],
180 silly audit   '@types/http-proxy': [ '1.17.17' ],
180 silly audit   '@types/istanbul-lib-coverage': [ '2.0.6' ],
180 silly audit   '@types/istanbul-lib-report': [ '3.0.3' ],
180 silly audit   '@types/istanbul-reports': [ '3.0.4' ],
180 silly audit   '@types/json-schema': [ '7.0.15' ],
180 silly audit   '@types/json5': [ '0.0.29' ],
180 silly audit   '@types/mime': [ '1.3.5' ],
180 silly audit   '@types/node': [ '20.19.9' ],
180 silly audit   '@types/node-forge': [ '1.3.14' ],
180 silly audit   '@types/parse-json': [ '4.0.2' ],
180 silly audit   '@types/prop-types': [ '15.7.15' ],
180 silly audit   '@types/qs': [ '6.14.0' ],
180 silly audit   '@types/range-parser': [ '1.2.7' ],
180 silly audit   '@types/react': [ '18.3.1' ],
180 silly audit   '@types/react-dom': [ '18.3.0' ],
180 silly audit   '@types/resolve': [ '1.20.2' ],
180 silly audit   '@types/retry': [ '0.12.2' ],
180 silly audit   '@types/semver': [ '7.5.8' ],
180 silly audit   '@types/send': [ '1.2.1', '0.17.6' ],
180 silly audit   '@types/serve-index': [ '1.9.4' ],
180 silly audit   '@types/serve-static': [ '1.15.10' ],
180 silly audit   '@types/sockjs': [ '0.3.36' ],
180 silly audit   '@types/ws': [ '8.18.1' ],
180 silly audit   '@types/yargs': [ '17.0.35' ],
180 silly audit   '@types/yargs-parser': [ '21.0.3' ],
180 silly audit   '@typescript-eslint/eslint-plugin': [ '8.52.0' ],
180 silly audit   ignore: [ '7.0.5', '5.3.2' ],
180 silly audit   '@typescript-eslint/parser': [ '8.52.0' ],
180 silly audit   '@typescript-eslint/project-service': [ '8.52.0' ],
180 silly audit   '@typescript-eslint/scope-manager': [ '8.52.0' ],
180 silly audit   '@typescript-eslint/tsconfig-utils': [ '8.52.0' ],
180 silly audit   '@typescript-eslint/type-utils': [ '8.52.0' ],
180 silly audit   '@typescript-eslint/types': [ '8.52.0' ],
180 silly audit   '@typescript-eslint/typescript-estree': [ '8.52.0' ],
180 silly audit   '@typescript-eslint/utils': [ '8.52.0' ],
180 silly audit   '@typescript-eslint/visitor-keys': [ '8.52.0' ],
180 silly audit   'eslint-visitor-keys': [ '4.2.1', '3.4.3' ],
180 silly audit   '@vitejs/plugin-react': [ '4.7.0' ],
180 silly audit   'react-refresh': [ '0.17.0', '0.18.0' ],
180 silly audit   '@vitest/coverage-v8': [ '4.0.16' ],
180 silly audit   '@vitest/expect': [ '4.0.16' ],
180 silly audit   '@vitest/mocker': [ '4.0.16' ],
180 silly audit   'estree-walker': [ '3.0.3', '2.0.2', '0.6.1' ],
180 silly audit   'magic-string': [ '0.30.21', '0.30.19' ],
180 silly audit   '@vitest/pretty-format': [ '4.0.16' ],
180 silly audit   '@vitest/runner': [ '4.0.16' ],
180 silly audit   '@vitest/snapshot': [ '4.0.16' ],
180 silly audit   '@vitest/spy': [ '4.0.16' ],
180 silly audit   '@vitest/ui': [ '4.0.16' ],
180 silly audit   '@vitest/utils': [ '4.0.16' ],
180 silly audit   '@webassemblyjs/ast': [ '1.14.1' ],
180 silly audit   '@webassemblyjs/floating-point-hex-parser': [ '1.13.2' ],
180 silly audit   '@webassemblyjs/helper-api-error': [ '1.13.2' ],
180 silly audit   '@webassemblyjs/helper-buffer': [ '1.14.1' ],
180 silly audit   '@webassemblyjs/helper-numbers': [ '1.13.2' ],
180 silly audit   '@webassemblyjs/helper-wasm-bytecode': [ '1.13.2' ],
180 silly audit   '@webassemblyjs/helper-wasm-section': [ '1.14.1' ],
180 silly audit   '@webassemblyjs/ieee754': [ '1.13.2' ],
180 silly audit   '@webassemblyjs/leb128': [ '1.13.2' ],
180 silly audit   '@webassemblyjs/utf8': [ '1.13.2' ],
180 silly audit   '@webassemblyjs/wasm-edit': [ '1.14.1' ],
180 silly audit   '@webassemblyjs/wasm-gen': [ '1.14.1' ],
180 silly audit   '@webassemblyjs/wasm-opt': [ '1.14.1' ],
180 silly audit   '@webassemblyjs/wasm-parser': [ '1.14.1' ],
180 silly audit   '@webassemblyjs/wast-printer': [ '1.14.1' ],
180 silly audit   '@xhmikosr/archive-type': [ '7.1.0' ],
180 silly audit   '@xhmikosr/bin-check': [ '7.1.0' ],
180 silly audit   '@xhmikosr/bin-wrapper': [ '13.2.0' ],
180 silly audit   '@xhmikosr/decompress': [ '10.2.0' ],
180 silly audit   '@xhmikosr/decompress-tar': [ '8.1.0' ],
180 silly audit   b4a: [ '1.7.3' ],
180 silly audit   'tar-stream': [ '3.1.7', '2.2.0' ],
180 silly audit   '@xhmikosr/decompress-tarbz2': [ '8.1.0' ],
180 silly audit   '@xhmikosr/decompress-targz': [ '8.1.0' ],
180 silly audit   '@xhmikosr/decompress-unzip': [ '7.1.0' ],
180 silly audit   '@xhmikosr/downloader': [ '15.2.0' ],
180 silly audit   defaults: [ '2.0.2', '1.0.4' ],
180 silly audit   '@xhmikosr/os-filter-obj': [ '3.0.0' ],
180 silly audit   '@xstate/react': [ '4.1.3' ],
180 silly audit   '@xtuc/ieee754': [ '1.2.0' ],
180 silly audit   '@xtuc/long': [ '4.2.2' ],
180 silly audit   '@yarnpkg/lockfile': [ '1.1.0' ],
180 silly audit   '@yarnpkg/parsers': [ '3.0.2' ],
180 silly audit   argparse: [ '1.0.10', '2.0.1' ],
180 silly audit   'js-yaml': [ '3.14.2', '4.1.1' ],
180 silly audit   '@zkochan/js-yaml': [ '0.0.7' ],
180 silly audit   abab: [ '2.0.6' ],
180 silly audit   accepts: [ '1.3.8' ],
180 silly audit   acorn: [ '8.15.0' ],
180 silly audit   'acorn-import-phases': [ '1.0.4' ],
180 silly audit   'acorn-jsx': [ '5.3.2' ],
180 silly audit   address: [ '1.2.2' ],
180 silly audit   'adm-zip': [ '0.5.16' ],
180 silly audit   'agent-base': [ '6.0.2' ],
180 silly audit   'ajv-formats': [ '3.0.1', '2.1.1' ],
180 silly audit   'ajv-keywords': [ '5.1.0', '3.5.2' ],
180 silly audit   'ansi-colors': [ '4.1.3' ],
180 silly audit   'ansi-html-community': [ '0.0.8' ],
180 silly audit   'ansi-regex': [ '5.0.1', '6.2.2' ],
180 silly audit   anymatch: [ '3.1.3' ],
180 silly audit   arch: [ '3.0.0' ],
180 silly audit   'aria-query': [ '5.3.0', '5.3.2' ],
180 silly audit   'array-buffer-byte-length': [ '1.0.2' ],
180 silly audit   'array-flatten': [ '1.1.1' ],
180 silly audit   'array-includes': [ '3.1.9' ],
180 silly audit   'array-union': [ '3.0.1' ],
180 silly audit   'array.prototype.findlast': [ '1.2.5' ],
180 silly audit   'array.prototype.findlastindex': [ '1.2.6' ],
180 silly audit   'array.prototype.flat': [ '1.3.3' ],
180 silly audit   'array.prototype.flatmap': [ '1.3.3' ],
180 silly audit   'array.prototype.tosorted': [ '1.1.4' ],
180 silly audit   'arraybuffer.prototype.slice': [ '1.0.4' ],
180 silly audit   'assertion-error': [ '2.0.1' ],
180 silly audit   'ast-types-flow': [ '0.0.8' ],
180 silly audit   'ast-v8-to-istanbul': [ '0.3.10' ],
180 silly audit   'js-tokens': [ '9.0.1', '4.0.0' ],
180 silly audit   async: [ '3.2.6' ],
180 silly audit   'async-function': [ '1.0.0' ],
180 silly audit   asynckit: [ '0.4.0' ],
180 silly audit   'at-least-node': [ '1.0.0' ],
180 silly audit   autoprefixer: [ '10.4.23' ],
180 silly audit   'available-typed-arrays': [ '1.0.7' ],
180 silly audit   'axe-core': [ '4.11.0' ],
180 silly audit   axios: [ '1.13.2' ],
180 silly audit   'axobject-query': [ '4.1.0' ],
180 silly audit   'babel-loader': [ '9.2.1' ],
180 silly audit   'babel-plugin-const-enum': [ '1.2.0' ],
180 silly audit   'babel-plugin-macros': [ '3.1.0' ],
180 silly audit   yaml: [ '1.10.2', '2.8.2' ],
180 silly audit   'babel-plugin-polyfill-corejs2': [ '0.4.14' ],
180 silly audit   'babel-plugin-polyfill-corejs3': [ '0.13.0' ],
180 silly audit   'babel-plugin-polyfill-regenerator': [ '0.6.5' ],
180 silly audit   'babel-plugin-transform-typescript-metadata': [ '0.3.2' ],
180 silly audit   'balanced-match': [ '1.0.2' ],
180 silly audit   'bare-events': [ '2.8.2' ],
180 silly audit   'base64-js': [ '1.5.1' ],
180 silly audit   'baseline-browser-mapping': [ '2.9.11' ],
180 silly audit   'basic-auth': [ '2.0.1' ],
180 silly audit   'safe-buffer': [ '5.1.2', '5.2.1' ],
180 silly audit   batch: [ '0.6.1' ],
180 silly audit   'big.js': [ '5.2.2' ],
180 silly audit   'bin-version': [ '6.0.0' ],
180 silly audit   'bin-version-check': [ '5.1.0' ],
180 silly audit   'binary-extensions': [ '2.3.0' ],
180 silly audit   bl: [ '4.1.0' ],
180 silly audit   'body-parser': [ '1.20.4' ],
180 silly audit   debug: [ '2.6.9', '4.4.3', '3.2.7' ],
180 silly audit   ms: [ '2.0.0', '2.1.3' ],
180 silly audit   'bonjour-service': [ '1.3.0' ],
180 silly audit   boolbase: [ '1.0.0' ],
180 silly audit   braces: [ '3.0.3' ],
180 silly audit   browserslist: [ '4.28.1' ],
180 silly audit   btoa: [ '1.2.1' ],
180 silly audit   buffer: [ '5.7.1' ],
180 silly audit   'buffer-builder': [ '0.2.0' ],
180 silly audit   'buffer-crc32': [ '0.2.13' ],
180 silly audit   'buffer-from': [ '1.1.2' ],
180 silly audit   'bundle-name': [ '4.1.0' ],
180 silly audit   bytes: [ '3.1.2' ],
180 silly audit   'cacheable-lookup': [ '7.0.0' ],
180 silly audit   'cacheable-request': [ '10.2.14' ],
180 silly audit   'normalize-url': [ '8.1.1', '6.1.0' ],
180 silly audit   'call-bind': [ '1.0.8' ],
180 silly audit   'call-bind-apply-helpers': [ '1.0.2' ],
180 silly audit   'call-bound': [ '1.0.4' ],
180 silly audit   callsites: [ '3.1.0' ],
180 silly audit   camelcase: [ '6.3.0' ],
180 silly audit   'caniuse-api': [ '3.0.0' ],
180 silly audit   'caniuse-lite': [ '1.0.30001762' ],
180 silly audit   chai: [ '6.2.2' ],
180 silly audit   'chrome-trace-event': [ '1.0.4' ],
180 silly audit   'ci-info': [ '3.9.0' ],
180 silly audit   'class-variance-authority': [ '0.7.1' ],
180 silly audit   'cli-cursor': [ '3.1.0', '5.0.0' ],
180 silly audit   'cli-spinners': [ '2.6.1', '3.3.0' ],
180 silly audit   cliui: [ '8.0.1' ],
180 silly audit   clone: [ '1.0.4' ],
180 silly audit   'clone-deep': [ '4.0.1' ],
180 silly audit   'is-plain-object': [ '2.0.4', '5.0.0' ],
180 silly audit   clsx: [ '2.1.1' ],
180 silly audit   'color-convert': [ '2.0.1' ],
180 silly audit   'color-name': [ '1.1.4' ],
180 silly audit   colord: [ '2.9.3' ],
180 silly audit   colorette: [ '2.0.20' ],
180 silly audit   'colorjs.io': [ '0.5.2' ],
180 silly audit   columnify: [ '1.6.0' ],
180 silly audit   'combined-stream': [ '1.0.8' ],
180 silly audit   'common-path-prefix': [ '3.0.0' ],
180 silly audit   commondir: [ '1.0.1' ],
180 silly audit   compressible: [ '2.0.18' ],
180 silly audit   compression: [ '1.8.1' ],
180 silly audit   negotiator: [ '0.6.4', '0.6.3' ],
180 silly audit   'concat-map': [ '0.0.1' ],
180 silly audit   'concat-with-sourcemaps': [ '1.1.0' ],
180 silly audit   'confusing-browser-globals': [ '1.0.11' ],
180 silly audit   'connect-history-api-fallback': [ '2.0.0' ],
180 silly audit   'content-disposition': [ '0.5.4' ],
180 silly audit   'content-type': [ '1.0.5' ],
180 silly audit   'convert-source-map': [ '2.0.0' ],
180 silly audit   cookie: [ '0.7.2' ],
180 silly audit   'cookie-signature': [ '1.0.7' ],
180 silly audit   cookies: [ '0.9.1' ],
180 silly audit   'copy-anything': [ '2.0.6' ],
180 silly audit   'copy-webpack-plugin': [ '10.2.4' ],
180 silly audit   'core-js-compat': [ '3.47.0' ],
180 silly audit   'core-util-is': [ '1.0.3' ],
180 silly audit   corser: [ '2.0.1' ],
180 silly audit   'cron-parser': [ '4.9.0' ],
180 silly audit   'cross-spawn': [ '7.0.6' ],
180 silly audit   'css-declaration-sorter': [ '7.3.1', '6.4.1' ],
180 silly audit   'css-loader': [ '6.11.0' ],
180 silly audit   'css-minimizer-webpack-plugin': [ '5.0.1' ],
180 silly audit   'css-select': [ '5.2.2', '4.3.0' ],
180 silly audit   'css-tree': [ '2.3.1', '2.2.1', '1.1.3' ],
180 silly audit   'css-what': [ '6.2.2' ],
180 silly audit   cssesc: [ '3.0.0' ],
180 silly audit   cssnano: [ '6.1.2', '5.1.15' ],
180 silly audit   'cssnano-preset-default': [ '6.1.2', '5.2.14' ],
180 silly audit   'cssnano-utils': [ '4.0.2', '3.1.0' ],
180 silly audit   csso: [ '5.0.5', '4.2.0' ],
180 silly audit   'mdn-data': [ '2.0.28', '2.0.30', '2.0.14' ],
180 silly audit   cssstyle: [ '3.0.0' ],
180 silly audit   csstype: [ '3.2.3' ],
180 silly audit   'damerau-levenshtein': [ '1.0.8' ],
180 silly audit   'data-urls': [ '4.0.0' ],
180 silly audit   tr46: [ '4.1.1', '0.0.3' ],
180 silly audit   'webidl-conversions': [ '7.0.0', '3.0.1' ],
180 silly audit   'whatwg-url': [ '12.0.1', '5.0.0' ],
180 silly audit   'data-view-buffer': [ '1.0.2' ],
180 silly audit   'data-view-byte-length': [ '1.0.2' ],
180 silly audit   'data-view-byte-offset': [ '1.0.1' ],
180 silly audit   'date-format': [ '4.0.14' ],
180 silly audit   'decimal.js': [ '10.6.0' ],
180 silly audit   'decompress-response': [ '6.0.0' ],
180 silly audit   'mimic-response': [ '3.1.0', '4.0.0' ],
180 silly audit   'deep-equal': [ '1.0.1' ],
180 silly audit   'deep-is': [ '0.1.4' ],
180 silly audit   deepmerge: [ '4.3.1' ],
180 silly audit   'default-browser': [ '5.4.0' ],
180 silly audit   'default-browser-id': [ '5.0.1' ],
180 silly audit   'defer-to-connect': [ '2.0.1' ],
180 silly audit   'define-data-property': [ '1.1.4' ],
180 silly audit   'define-lazy-prop': [ '2.0.0', '3.0.0' ],
180 silly audit   'define-properties': [ '1.2.1' ],
180 silly audit   'delayed-stream': [ '1.0.0' ],
180 silly audit   delegates: [ '1.0.0' ],
180 silly audit   depd: [ '2.0.0', '1.1.2' ],
180 silly audit   dequal: [ '2.0.3' ],
180 silly audit   destroy: [ '1.2.0' ],
180 silly audit   'detect-libc': [ '1.0.3', '2.1.2' ],
180 silly audit   'detect-node': [ '2.1.0' ],
180 silly audit   'detect-port': [ '1.6.1' ],
180 silly audit   'dir-glob': [ '3.0.1' ],
180 silly audit   'dns-packet': [ '5.6.1' ],
180 silly audit   doctrine: [ '2.1.0' ],
180 silly audit   'dom-accessibility-api': [ '0.5.16' ],
180 silly audit   'dom-serializer': [ '2.0.0', '1.4.1' ],
180 silly audit   domelementtype: [ '2.3.0' ],
180 silly audit   domexception: [ '4.0.0' ],
180 silly audit   domhandler: [ '5.0.3', '4.3.1' ],
180 silly audit   domutils: [ '3.2.2', '2.8.0' ],
180 silly audit   'dot-case': [ '3.0.4' ],
180 silly audit   dotenv: [ '16.4.7' ],
180 silly audit   'dotenv-expand': [ '11.0.7' ],
180 silly audit   'dunder-proto': [ '1.0.1' ],
180 silly audit   'ee-first': [ '1.1.1' ],
180 silly audit   ejs: [ '3.1.10' ],
180 silly audit   'electron-to-chromium': [ '1.5.267' ],
180 silly audit   'emoji-regex': [ '8.0.0', '9.2.2' ],
180 silly audit   'emojis-list': [ '3.0.0' ],
180 silly audit   encodeurl: [ '2.0.0' ],
180 silly audit   encoding: [ '0.1.13' ],
180 silly audit   'iconv-lite': [ '0.6.3', '0.4.24' ],
180 silly audit   'end-of-stream': [ '1.4.5' ],
180 silly audit   'enhanced-resolve': [ '5.18.4' ],
180 silly audit   enquirer: [ '2.3.6' ],
180 silly audit   entities: [ '4.5.0', '6.0.1', '2.2.0' ],
180 silly audit   'env-paths': [ '2.2.1' ],
180 silly audit   errno: [ '0.1.8' ],
180 silly audit   'error-ex': [ '1.3.4' ],
180 silly audit   'error-stack-parser': [ '2.1.4' ],
180 silly audit   'es-abstract': [ '1.24.1' ],
180 silly audit   'es-define-property': [ '1.0.1' ],
180 silly audit   'es-errors': [ '1.3.0' ],
180 silly audit   'es-iterator-helpers': [ '1.2.2' ],
180 silly audit   'es-module-lexer': [ '1.7.0', '2.0.0' ],
180 silly audit   'es-object-atoms': [ '1.1.1' ],
180 silly audit   'es-set-tostringtag': [ '2.1.0' ],
180 silly audit   'es-shim-unscopables': [ '1.1.0' ],
180 silly audit   'es-to-primitive': [ '1.3.0' ],
180 silly audit   esbuild: [ '0.27.2' ],
180 silly audit   escalade: [ '3.2.0' ],
180 silly audit   'escape-html': [ '1.0.3' ],
180 silly audit   'escape-string-regexp': [ '4.0.0', '1.0.5' ],
180 silly audit   eslint: [ '9.39.2' ],
180 silly audit   'eslint-config-prettier': [ '10.1.8' ],
180 silly audit   'eslint-import-resolver-node': [ '0.3.9' ],
180 silly audit   'eslint-module-utils': [ '2.12.1' ],
180 silly audit   'eslint-plugin-import': [ '2.31.0' ],
180 silly audit   json5: [ '1.0.2', '2.2.3' ],
180 silly audit   'tsconfig-paths': [ '3.15.0', '4.2.0' ],
180 silly audit   'eslint-plugin-jsx-a11y': [ '6.10.1' ],
180 silly audit   'eslint-plugin-react': [ '7.35.0' ],
180 silly audit   'eslint-plugin-react-hooks': [ '5.0.0' ],
180 silly audit   'eslint-scope': [ '8.4.0', '5.1.1' ],
180 silly audit   espree: [ '10.4.0', '9.6.1' ],
180 silly audit   esprima: [ '4.0.1' ],
180 silly audit   esquery: [ '1.7.0' ],
180 silly audit   esrecurse: [ '4.3.0' ],
180 silly audit   estraverse: [ '5.3.0', '4.3.0' ],
180 silly audit   esutils: [ '2.0.3' ],
180 silly audit   etag: [ '1.8.1' ],
180 silly audit   eventemitter3: [ '4.0.7' ],
180 silly audit   events: [ '3.3.0' ],
180 silly audit   'events-universal': [ '1.0.1' ],
180 silly audit   execa: [ '5.1.1' ],
180 silly audit   'expand-tilde': [ '2.0.2' ],
180 silly audit   'expect-type': [ '1.3.0' ],
180 silly audit   express: [ '4.22.1' ],
180 silly audit   'ext-list': [ '2.2.2' ],
180 silly audit   'ext-name': [ '5.0.0' ],
180 silly audit   'fast-deep-equal': [ '3.1.3' ],
180 silly audit   'fast-fifo': [ '1.3.2' ],
180 silly audit   'fast-glob': [ '3.3.3' ],
180 silly audit   'fast-json-stable-stringify': [ '2.1.0' ],
180 silly audit   'fast-levenshtein': [ '2.0.6' ],
180 silly audit   'fast-uri': [ '3.1.0' ],
180 silly audit   fastq: [ '1.20.1' ],
180 silly audit   'faye-websocket': [ '0.11.4' ],
180 silly audit   fdir: [ '6.5.0' ],
180 silly audit   fflate: [ '0.8.2' ],
180 silly audit   figures: [ '3.2.0' ],
180 silly audit   'file-entry-cache': [ '8.0.0' ],
180 silly audit   'file-loader': [ '6.2.0' ],
180 silly audit   'schema-utils': [ '3.3.0', '4.3.3' ],
180 silly audit   'file-type': [ '20.5.0' ],
180 silly audit   filelist: [ '1.0.4' ],
180 silly audit   'filename-reserved-regex': [ '3.0.0' ],
180 silly audit   filenamify: [ '6.0.0' ],
180 silly audit   'fill-range': [ '7.1.1' ],
180 silly audit   finalhandler: [ '1.3.2' ],
180 silly audit   'find-cache-dir': [ '4.0.0', '3.3.2' ],
180 silly audit   'find-file-up': [ '2.0.1' ],
180 silly audit   'find-pkg': [ '2.0.0' ],
180 silly audit   'find-up': [ '5.0.0', '6.3.0', '4.1.0' ],
180 silly audit   'find-versions': [ '5.1.0' ],
180 silly audit   flat: [ '5.0.2' ],
180 silly audit   'flat-cache': [ '4.0.1' ],
180 silly audit   flatted: [ '3.3.3' ],
180 silly audit   'follow-redirects': [ '1.15.11' ],
180 silly audit   'for-each': [ '0.3.5' ],
180 silly audit   'fork-ts-checker-webpack-plugin': [ '7.2.13' ],
180 silly audit   'fs-extra': [ '10.1.0', '9.1.0', '8.1.0' ],
180 silly audit   'form-data': [ '4.0.5' ],
180 silly audit   'form-data-encoder': [ '2.1.4' ],
180 silly audit   forwarded: [ '0.2.0' ],
180 silly audit   'fraction.js': [ '5.3.4' ],
180 silly audit   fresh: [ '0.5.2' ],
180 silly audit   'front-matter': [ '4.0.2' ],
180 silly audit   'fs-constants': [ '1.0.0' ],
180 silly audit   'fs-monkey': [ '1.1.0' ],
180 silly audit   'fs.realpath': [ '1.0.0' ],
180 silly audit   fsevents: [ '2.3.3' ],
180 silly audit   'function-bind': [ '1.1.2' ],
180 silly audit   'function.prototype.name': [ '1.1.8' ],
180 silly audit   'functions-have-names': [ '1.2.3' ],
180 silly audit   'generator-function': [ '2.0.1' ],
180 silly audit   'generic-names': [ '4.0.0' ],
180 silly audit   'loader-utils': [ '3.3.1', '2.0.4' ],
180 silly audit   gensync: [ '1.0.0-beta.2' ],
180 silly audit   'get-caller-file': [ '2.0.5' ],
180 silly audit   'get-east-asian-width': [ '1.4.0' ],
180 silly audit   'get-intrinsic': [ '1.3.0' ],
180 silly audit   'get-proto': [ '1.0.1' ],
180 silly audit   'get-stream': [ '6.0.1' ],
180 silly audit   'get-symbol-description': [ '1.1.0' ],
180 silly audit   glob: [ '8.1.0' ],
180 silly audit   'glob-to-regex.js': [ '1.2.0' ],
180 silly audit   'glob-to-regexp': [ '0.4.1' ],
180 silly audit   'global-modules': [ '1.0.0' ],
180 silly audit   'global-prefix': [ '1.0.2' ],
180 silly audit   which: [ '1.3.1', '2.0.2' ],
180 silly audit   globalthis: [ '1.0.4' ],
180 silly audit   globby: [ '12.2.0' ],
180 silly audit   gopd: [ '1.2.0' ],
180 silly audit   got: [ '13.0.0' ],
180 silly audit   'graceful-fs': [ '4.2.11' ],
180 silly audit   'handle-thing': [ '2.0.1' ],
180 silly audit   'has-bigints': [ '1.1.0' ],
180 silly audit   'has-flag': [ '4.0.0' ],
180 silly audit   'has-property-descriptors': [ '1.0.2' ],
180 silly audit   'has-proto': [ '1.2.0' ],
180 silly audit   'has-symbols': [ '1.1.0' ],
180 silly audit   'has-tostringtag': [ '1.0.2' ],
180 silly audit   hasown: [ '2.0.2' ],
180 silly audit   he: [ '1.2.0' ],
180 silly audit   'homedir-polyfill': [ '1.0.3' ],
180 silly audit   'hpack.js': [ '2.1.6' ],
180 silly audit   'readable-stream': [ '2.3.8', '3.6.2' ],
180 silly audit   string_decoder: [ '1.1.1', '1.3.0' ],
180 silly audit   'html-encoding-sniffer': [ '3.0.0' ],
180 silly audit   'html-entities': [ '2.6.0' ],
180 silly audit   'html-escaper': [ '2.0.2' ],
180 silly audit   'http-assert': [ '1.5.0' ],
180 silly audit   'http-errors': [ '1.8.1', '2.0.1', '1.6.3' ],
180 silly audit   statuses: [ '1.5.0', '2.0.2' ],
180 silly audit   'http-cache-semantics': [ '4.2.0' ],
180 silly audit   'http-deceiver': [ '1.2.7' ],
180 silly audit   'http-parser-js': [ '0.5.10' ],
180 silly audit   'http-proxy': [ '1.18.1' ],
180 silly audit   'http-proxy-agent': [ '5.0.0' ],
180 silly audit   'http-server': [ '14.1.1' ],
180 silly audit   'http2-wrapper': [ '2.2.1' ],
180 silly audit   'https-proxy-agent': [ '5.0.1' ],
180 silly audit   'human-signals': [ '2.1.0' ],
180 silly audit   hyperdyperid: [ '1.2.0' ],
180 silly audit   'icss-replace-symbols': [ '1.1.0' ],
180 silly audit   'icss-utils': [ '5.1.0' ],
180 silly audit   ieee754: [ '1.2.1' ],
180 silly audit   'image-size': [ '0.5.5' ],
180 silly audit   immutable: [ '5.1.4' ],
180 silly audit   'import-cwd': [ '3.0.0' ],
180 silly audit   'import-fresh': [ '3.3.1' ],
180 silly audit   'import-from': [ '3.0.0' ],
180 silly audit   'resolve-from': [ '5.0.0', '4.0.0' ],
180 silly audit   imurmurhash: [ '0.1.4' ],
180 silly audit   inflight: [ '1.0.6' ],
180 silly audit   inherits: [ '2.0.4', '2.0.3' ],
180 silly audit   ini: [ '1.3.8' ],
180 silly audit   'inspect-with-kind': [ '1.0.5' ],
180 silly audit   'internal-slot': [ '1.1.0' ],
180 silly audit   'ipaddr.js': [ '1.9.1', '2.3.0' ],
180 silly audit   'is-array-buffer': [ '3.0.5' ],
180 silly audit   'is-arrayish': [ '0.2.1' ],
180 silly audit   'is-async-function': [ '2.1.1' ],
180 silly audit   'is-bigint': [ '1.1.0' ],
180 silly audit   'is-binary-path': [ '2.1.0' ],
180 silly audit   'is-boolean-object': [ '1.2.2' ],
180 silly audit   'is-callable': [ '1.2.7' ],
180 silly audit   'is-core-module': [ '2.16.1' ],
180 silly audit   'is-data-view': [ '1.0.2' ],
180 silly audit   'is-date-object': [ '1.1.0' ],
180 silly audit   'is-docker': [ '2.2.1', '3.0.0' ],
180 silly audit   'is-extglob': [ '2.1.1' ],
180 silly audit   'is-finalizationregistry': [ '1.1.1' ],
180 silly audit   'is-fullwidth-code-point': [ '3.0.0' ],
180 silly audit   'is-generator-function': [ '1.1.2' ],
180 silly audit   'is-glob': [ '4.0.3' ],
180 silly audit   'is-inside-container': [ '1.0.0' ],
180 silly audit   'is-interactive': [ '2.0.0', '1.0.0' ],
180 silly audit   'is-map': [ '2.0.3' ],
180 silly audit   'is-module': [ '1.0.0' ],
180 silly audit   'is-negative-zero': [ '2.0.3' ],
180 silly audit   'is-network-error': [ '1.3.0' ],
180 silly audit   'is-number': [ '7.0.0' ],
180 silly audit   'is-number-object': [ '1.1.1' ],
180 silly audit   'is-plain-obj': [ '3.0.0', '1.1.0' ],
180 silly audit   'is-potential-custom-element-name': [ '1.0.1' ],
180 silly audit   'is-reference': [ '1.2.1' ],
180 silly audit   'is-regex': [ '1.2.1' ],
180 silly audit   'is-set': [ '2.0.3' ],
180 silly audit   'is-shared-array-buffer': [ '1.0.4' ],
180 silly audit   'is-stream': [ '2.0.1' ],
180 silly audit   'is-string': [ '1.1.1' ],
180 silly audit   'is-symbol': [ '1.1.1' ],
180 silly audit   'is-typed-array': [ '1.1.15' ],
180 silly audit   'is-unicode-supported': [ '2.1.0', '0.1.0' ],
180 silly audit   'is-weakmap': [ '2.0.2' ],
180 silly audit   'is-weakref': [ '1.1.1' ],
180 silly audit   'is-weakset': [ '2.0.4' ],
180 silly audit   'is-what': [ '3.14.1' ],
180 silly audit   'is-windows': [ '1.0.2' ],
180 silly audit   'is-wsl': [ '2.2.0', '3.1.0' ],
180 silly audit   isarray: [ '1.0.0', '2.0.5' ],
180 silly audit   isexe: [ '2.0.0' ],
180 silly audit   isobject: [ '3.0.1' ],
180 silly audit   'isomorphic-ws': [ '5.0.0' ],
180 silly audit   'istanbul-lib-coverage': [ '3.2.2' ],
180 silly audit   'istanbul-lib-report': [ '3.0.1' ],
180 silly audit   'make-dir': [ '4.0.0', '2.1.0', '3.1.0' ],
180 silly audit   'istanbul-lib-source-maps': [ '5.0.6' ],
180 silly audit   'istanbul-reports': [ '3.2.0' ],
180 silly audit   'iterator.prototype': [ '1.1.5' ],
180 silly audit   jake: [ '10.9.4' ],
180 silly audit   'jest-diff': [ '30.2.0' ],
180 silly audit   'jest-util': [ '29.7.0' ],
180 silly audit   'jest-worker': [ '29.7.0', '27.5.1' ],
180 silly audit   'supports-color': [ '8.1.1', '7.2.0' ],
180 silly audit   jsdom: [ '22.1.0' ],
180 silly audit   parse5: [ '7.3.0', '4.0.0' ],
180 silly audit   jsesc: [ '3.1.0' ],
180 silly audit   'json-buffer': [ '3.0.1' ],
180 silly audit   'json-parse-even-better-errors': [ '2.3.1' ],
180 silly audit   'json-stable-stringify-without-jsonify': [ '1.0.1' ],
180 silly audit   'jsonc-eslint-parser': [ '2.4.2' ],
180 silly audit   jsonfile: [ '6.2.0', '4.0.0' ],
180 silly audit   'jsx-ast-utils': [ '3.3.5' ],
180 silly audit   keygrip: [ '1.1.0' ],
180 silly audit   keyv: [ '4.5.4' ],
180 silly audit   'kind-of': [ '6.0.3' ],
180 silly audit   klona: [ '2.0.6' ],
180 silly audit   koa: [ '3.0.3' ],
180 silly audit   'koa-compose': [ '4.1.0' ],
180 silly audit   'media-typer': [ '1.1.0', '0.3.0' ],
180 silly audit   'mime-db': [ '1.54.0', '1.52.0' ],
180 silly audit   'mime-types': [ '3.0.2', '2.1.35' ],
180 silly audit   'type-is': [ '2.0.1', '1.6.18' ],
180 silly audit   'language-subtag-registry': [ '0.3.23' ],
180 silly audit   'language-tags': [ '1.0.9' ],
180 silly audit   'launch-editor': [ '2.12.0' ],
180 silly audit   less: [ '4.5.1' ],
180 silly audit   'less-loader': [ '11.1.4' ],
180 silly audit   levn: [ '0.4.1' ],
180 silly audit   'license-webpack-plugin': [ '4.0.2' ],
180 silly audit   lilconfig: [ '3.1.3', '2.1.0' ],
180 silly audit   'lines-and-columns': [ '2.0.3', '1.2.4' ],
180 silly audit   'loader-runner': [ '4.3.1' ],
180 silly audit   'locate-path': [ '6.0.0', '7.2.0', '5.0.0' ],
180 silly audit   'lodash.camelcase': [ '4.3.0' ],
180 silly audit   'lodash.clonedeepwith': [ '4.5.0' ],
180 silly audit   'lodash.debounce': [ '4.0.8' ],
180 silly audit   'lodash.memoize': [ '4.1.2' ],
180 silly audit   'lodash.merge': [ '4.6.2' ],
180 silly audit   'lodash.uniq': [ '4.5.0' ],
180 silly audit   'log-symbols': [ '7.0.1', '4.1.0' ],
180 silly audit   log4js: [ '6.9.1' ],
180 silly audit   'long-timeout': [ '0.1.1' ],
180 silly audit   'loose-envify': [ '1.4.0' ],
180 silly audit   'lower-case': [ '2.0.2' ],
180 silly audit   'lowercase-keys': [ '3.0.0' ],
180 silly audit   'lru-cache': [ '5.1.1' ],
180 silly audit   'lucide-react': [ '0.562.0' ],
180 silly audit   luxon: [ '3.7.2' ],
180 silly audit   'lz-string': [ '1.5.0' ],
180 silly audit   magicast: [ '0.5.1' ],
180 silly audit   'math-intrinsics': [ '1.1.0' ],
180 silly audit   memfs: [ '3.5.3', '4.51.1' ],
180 silly audit   'merge-descriptors': [ '1.0.3' ],
180 silly audit   'merge-stream': [ '2.0.0' ],
180 silly audit   merge2: [ '1.4.1' ],
180 silly audit   methods: [ '1.1.2' ],
180 silly audit   micromatch: [ '4.0.8' ],
180 silly audit   mime: [ '1.6.0' ],
180 silly audit   'mimic-fn': [ '2.1.0' ],
180 silly audit   'mimic-function': [ '5.0.1' ],
180 silly audit   'mini-css-extract-plugin': [ '2.4.7' ],
180 silly audit   'mini-svg-data-uri': [ '1.4.4' ],
180 silly audit   'minimalistic-assert': [ '1.0.1' ],
180 silly audit   minimist: [ '1.2.8' ],
180 silly audit   mrmime: [ '2.0.1' ],
180 silly audit   'multicast-dns': [ '7.2.5' ],
180 silly audit   nanoid: [ '3.3.11' ],
180 silly audit   'natural-compare': [ '1.4.0' ],
180 silly audit   needle: [ '3.3.1' ],
180 silly audit   'neo-async': [ '2.6.2' ],
180 silly audit   'no-case': [ '3.0.4' ],
180 silly audit   'node-abort-controller': [ '3.1.1' ],
180 silly audit   'node-addon-api': [ '7.1.1' ],
180 silly audit   'node-fetch': [ '2.7.0' ],
180 silly audit   'node-forge': [ '1.3.3' ],
180 silly audit   'node-machine-id': [ '1.1.12' ],
180 silly audit   'node-releases': [ '2.0.27' ],
180 silly audit   'node-schedule': [ '2.1.1' ],
180 silly audit   'normalize-path': [ '3.0.0' ],
180 silly audit   'npm-run-path': [ '4.0.1' ],
180 silly audit   'nth-check': [ '2.1.1' ],
180 silly audit   nwsapi: [ '2.2.23' ],
180 silly audit   nx: [ '22.3.3' ],
180 silly audit   ora: [ '5.3.0', '9.0.0' ],
180 silly audit   'object-assign': [ '4.1.1' ],
180 silly audit   'object-inspect': [ '1.13.4' ],
180 silly audit   'object-keys': [ '1.1.1' ],
180 silly audit   'object.assign': [ '4.1.7' ],
180 silly audit   'object.entries': [ '1.1.9' ],
180 silly audit   'object.fromentries': [ '2.0.8' ],
180 silly audit   'object.groupby': [ '1.0.3' ],
180 silly audit   'object.values': [ '1.2.1' ],
180 silly audit   obuf: [ '1.1.2' ],
180 silly audit   obug: [ '2.1.1' ],
180 silly audit   'on-finished': [ '2.4.1' ],
180 silly audit   'on-headers': [ '1.1.0' ],
180 silly audit   once: [ '1.4.0' ],
180 silly audit   onetime: [ '5.1.2', '7.0.0' ],
180 silly audit   open: [ '8.4.2', '10.2.0' ],
180 silly audit   opener: [ '1.5.2' ],
180 silly audit   optionator: [ '0.9.4' ],
180 silly audit   'restore-cursor': [ '5.1.0', '3.1.0' ],
180 silly audit   'signal-exit': [ '4.1.0', '3.0.7' ],
180 silly audit   'string-width': [ '8.1.0', '4.2.3' ],
180 silly audit   'strip-ansi': [ '7.1.2', '6.0.1' ],
180 silly audit   'own-keys': [ '1.0.1' ],
180 silly audit   'p-cancelable': [ '3.0.0' ],
180 silly audit   'p-finally': [ '1.0.0' ],
180 silly audit   'p-limit': [ '3.1.0', '4.0.0', '2.3.0' ],
180 silly audit   'p-locate': [ '5.0.0', '6.0.0', '4.1.0' ],
180 silly audit   'p-queue': [ '6.6.2' ],
180 silly audit   'p-retry': [ '6.2.1' ],
180 silly audit   'p-timeout': [ '3.2.0' ],
180 silly audit   'p-try': [ '2.2.0' ],
180 silly audit   'parent-module': [ '1.0.1' ],
180 silly audit   'parse-json': [ '5.2.0' ],
180 silly audit   'parse-node-version': [ '1.0.1' ],
180 silly audit   'parse-passwd': [ '1.0.0' ],
180 silly audit   parseurl: [ '1.3.3' ],
180 silly audit   'path-exists': [ '4.0.0', '5.0.0' ],
180 silly audit   'path-key': [ '3.1.1' ],
180 silly audit   'path-parse': [ '1.0.7' ],
180 silly audit   'path-to-regexp': [ '0.1.12' ],
180 silly audit   'path-type': [ '4.0.0' ],
180 silly audit   pathe: [ '2.0.3' ],
180 silly audit   pend: [ '1.2.0' ],
180 silly audit   picocolors: [ '1.1.1' ],
180 silly audit   pify: [ '4.0.1', '2.3.0', '5.0.0' ],
180 silly audit   pirates: [ '4.0.7' ],
180 silly audit   piscina: [ '4.9.2' ],
180 silly audit   'pkg-dir': [ '7.0.0', '4.2.0' ],
180 silly audit   'yocto-queue': [ '1.2.2', '0.1.0' ],
180 silly audit   portfinder: [ '1.0.38' ],
180 silly audit   'possible-typed-array-names': [ '1.1.0' ],
180 silly audit   postcss: [ '8.5.6' ],
180 silly audit   'postcss-calc': [ '9.0.1', '8.2.4' ],
180 silly audit   'postcss-colormin': [ '6.1.0', '5.3.1' ],
180 silly audit   'postcss-convert-values': [ '6.1.0', '5.1.3' ],
180 silly audit   'postcss-discard-comments': [ '6.0.2', '5.1.2' ],
180 silly audit   'postcss-discard-duplicates': [ '6.0.3', '5.1.0' ],
180 silly audit   'postcss-discard-empty': [ '6.0.3', '5.1.1' ],
180 silly audit   'postcss-discard-overridden': [ '6.0.2', '5.1.0' ],
180 silly audit   'postcss-import': [ '14.1.0' ],
180 silly audit   'postcss-load-config': [ '3.1.4' ],
180 silly audit   'postcss-merge-longhand': [ '6.0.5', '5.1.7' ],
180 silly audit   'postcss-merge-rules': [ '6.1.1', '5.1.4' ],
180 silly audit   'postcss-minify-font-values': [ '6.1.0', '5.1.0' ],
180 silly audit   'postcss-minify-gradients': [ '6.0.3', '5.1.1' ],
180 silly audit   'postcss-minify-params': [ '6.1.0', '5.1.4' ],
180 silly audit   'postcss-minify-selectors': [ '6.0.4', '5.2.1' ],
180 silly audit   'postcss-modules': [ '4.3.1' ],
180 silly audit   'postcss-modules-extract-imports': [ '3.1.0' ],
180 silly audit   'postcss-modules-local-by-default': [ '4.2.0' ],
180 silly audit   'postcss-selector-parser': [ '7.1.1', '6.1.2' ],
180 silly audit   'postcss-modules-scope': [ '3.2.1' ],
180 silly audit   'postcss-modules-values': [ '4.0.0' ],
180 silly audit   'postcss-normalize-charset': [ '6.0.2', '5.1.0' ],
180 silly audit   'postcss-normalize-display-values': [ '6.0.2', '5.1.0' ],
180 silly audit   'postcss-normalize-positions': [ '6.0.2', '5.1.1' ],
180 silly audit   'postcss-normalize-repeat-style': [ '6.0.2', '5.1.1' ],
180 silly audit   'postcss-normalize-string': [ '6.0.2', '5.1.0' ],
180 silly audit   'postcss-normalize-timing-functions': [ '6.0.2', '5.1.0' ],
180 silly audit   'postcss-normalize-unicode': [ '6.1.0', '5.1.1' ],
180 silly audit   'postcss-normalize-url': [ '6.0.2', '5.1.0' ],
180 silly audit   'postcss-normalize-whitespace': [ '6.0.2', '5.1.1' ],
180 silly audit   'postcss-ordered-values': [ '6.0.2', '5.1.3' ],
180 silly audit   'postcss-reduce-initial': [ '6.1.0', '5.1.2' ],
180 silly audit   'postcss-reduce-transforms': [ '6.0.2', '5.1.0' ],
180 silly audit   'postcss-svgo': [ '6.0.3', '5.1.0' ],
180 silly audit   'postcss-unique-selectors': [ '6.0.4', '5.1.1' ],
180 silly audit   'postcss-value-parser': [ '4.2.0' ],
180 silly audit   'prelude-ls': [ '1.2.1' ],
180 silly audit   prettier: [ '3.6.2' ],
180 silly audit   'process-nextick-args': [ '2.0.1' ],
180 silly audit   'promise.series': [ '0.2.0' ],
180 silly audit   'prop-types': [ '15.8.1' ],
180 silly audit   'proxy-addr': [ '2.0.7' ],
180 silly audit   'proxy-from-env': [ '1.1.0' ],
180 silly audit   prr: [ '1.0.1' ],
180 silly audit   psl: [ '1.15.0' ],
180 silly audit   punycode: [ '2.3.1' ],
180 silly audit   qs: [ '6.14.1' ],
180 silly audit   querystringify: [ '2.2.0' ],
180 silly audit   'queue-microtask': [ '1.2.3' ],
180 silly audit   'quick-lru': [ '5.1.1' ],
180 silly audit   rambda: [ '9.4.2' ],
180 silly audit   randombytes: [ '2.1.0' ],
180 silly audit   'range-parser': [ '1.2.1' ],
180 silly audit   'raw-body': [ '2.5.3' ],
180 silly audit   scheduler: [ '0.23.2', '0.27.0' ],
180 silly audit   'read-cache': [ '1.0.0' ],
180 silly audit   'reflect.getprototypeof': [ '1.0.10' ],
180 silly audit   regenerate: [ '1.4.2' ],
180 silly audit   'regenerate-unicode-properties': [ '10.2.2' ],
180 silly audit   'regexp.prototype.flags': [ '1.5.4' ],
180 silly audit   'regexpu-core': [ '6.4.0' ],
180 silly audit   regjsgen: [ '0.8.0' ],
180 silly audit   regjsparser: [ '0.13.0' ],
180 silly audit   'require-directory': [ '2.1.1' ],
180 silly audit   'require-from-string': [ '2.0.2' ],
180 silly audit   'requires-port': [ '1.0.0' ],
180 silly audit   'resolve-alpn': [ '1.2.1' ],
180 silly audit   'resolve-dir': [ '1.0.1' ],
180 silly audit   'resolve.exports': [ '2.0.3' ],
180 silly audit   responselike: [ '3.0.0' ],
180 silly audit   retry: [ '0.13.1' ],
180 silly audit   reusify: [ '1.1.0' ],
180 silly audit   rfdc: [ '1.4.1' ],
180 silly audit   rollup: [ '4.55.1' ],
180 silly audit   'rollup-plugin-postcss': [ '4.0.2' ],
180 silly audit   stylehacks: [ '5.1.1', '6.1.1' ],
180 silly audit   svgo: [ '2.8.0', '3.3.2' ],
180 silly audit   'rollup-plugin-typescript2': [ '0.36.0' ],
180 silly audit   'rollup-pluginutils': [ '2.8.2' ],
180 silly audit   'rrweb-cssom': [ '0.6.0' ],
180 silly audit   'run-applescript': [ '7.1.0' ],
180 silly audit   'run-parallel': [ '1.2.0' ],
180 silly audit   rxjs: [ '7.8.2' ],
180 silly audit   'safe-array-concat': [ '1.1.3' ],
180 silly audit   'safe-identifier': [ '0.4.2' ],
180 silly audit   'safe-push-apply': [ '1.0.0' ],
180 silly audit   'safe-regex-test': [ '1.1.0' ],
180 silly audit   'safer-buffer': [ '2.1.2' ],
180 silly audit   sass: [ '1.97.1' ],
180 silly audit   'sass-embedded': [ '1.97.1' ],
180 silly audit   'sass-embedded-all-unknown': [ '1.97.1' ],
180 silly audit   'sass-embedded-android-arm': [ '1.97.1' ],
180 silly audit   'sass-embedded-android-arm64': [ '1.97.1' ],
180 silly audit   'sass-embedded-android-riscv64': [ '1.97.1' ],
180 silly audit   'sass-embedded-android-x64': [ '1.97.1' ],
180 silly audit   'sass-embedded-darwin-arm64': [ '1.97.1' ],
180 silly audit   'sass-embedded-darwin-x64': [ '1.97.1' ],
180 silly audit   'sass-embedded-linux-arm': [ '1.97.1' ],
180 silly audit   'sass-embedded-linux-arm64': [ '1.97.1' ],
180 silly audit   'sass-embedded-linux-musl-arm': [ '1.97.1' ],
180 silly audit   'sass-embedded-linux-musl-arm64': [ '1.97.1' ],
180 silly audit   'sass-embedded-linux-musl-riscv64': [ '1.97.1' ],
180 silly audit   'sass-embedded-linux-musl-x64': [ '1.97.1' ],
180 silly audit   'sass-embedded-linux-riscv64': [ '1.97.1' ],
180 silly audit   'sass-embedded-linux-x64': [ '1.97.1' ],
180 silly audit   'sass-embedded-unknown-all': [ '1.97.1' ],
180 silly audit   'sass-embedded-win32-arm64': [ '1.97.1' ],
180 silly audit   'sass-embedded-win32-x64': [ '1.97.1' ],
180 silly audit   'sass-loader': [ '16.0.6' ],
180 silly audit   sax: [ '1.4.3' ],
180 silly audit   saxes: [ '6.0.0' ],
180 silly audit   'secure-compare': [ '3.0.1' ],
180 silly audit   'seek-bzip': [ '2.0.0' ],
180 silly audit   'select-hose': [ '2.0.0' ],
180 silly audit   selfsigned: [ '2.4.1' ],
180 silly audit   'semver-regex': [ '4.0.5' ],
180 silly audit   'semver-truncate': [ '3.0.0' ],
180 silly audit   send: [ '0.19.2' ],
180 silly audit   'serialize-javascript': [ '6.0.2' ],
180 silly audit   'serve-index': [ '1.9.1' ],
180 silly audit   setprototypeof: [ '1.1.0', '1.2.0' ],
180 silly audit   'serve-static': [ '1.16.3' ],
180 silly audit   'set-function-length': [ '1.2.2' ],
180 silly audit   'set-function-name': [ '2.0.2' ],
180 silly audit   'set-proto': [ '1.0.0' ],
180 silly audit   'shallow-clone': [ '3.0.1' ],
180 silly audit   'shebang-command': [ '2.0.0' ],
180 silly audit   'shebang-regex': [ '3.0.0' ],
180 silly audit   'shell-quote': [ '1.8.3' ],
180 silly audit   'side-channel': [ '1.1.0' ],
180 silly audit   'side-channel-list': [ '1.0.0' ],
180 silly audit   'side-channel-map': [ '1.0.1' ],
180 silly audit   'side-channel-weakmap': [ '1.0.2' ],
180 silly audit   siginfo: [ '2.0.0' ],
180 silly audit   sirv: [ '3.0.2' ],
180 silly audit   'snake-case': [ '3.0.4' ],
180 silly audit   sockjs: [ '0.3.24' ],
180 silly audit   'sort-keys': [ '1.1.2' ],
180 silly audit   'sort-keys-length': [ '1.0.1' ],
180 silly audit   'sorted-array-functions': [ '1.3.0' ],
180 silly audit   'source-map-js': [ '1.2.1' ],
180 silly audit   'source-map-loader': [ '5.0.0' ],
180 silly audit   spdy: [ '4.0.2' ],
180 silly audit   'spdy-transport': [ '3.0.0' ],
180 silly audit   'sprintf-js': [ '1.0.3' ],
180 silly audit   stable: [ '0.1.8' ],
180 silly audit   stackback: [ '0.0.2' ],
180 silly audit   stackframe: [ '1.3.4' ],
180 silly audit   'std-env': [ '3.10.0' ],
180 silly audit   'stdin-discarder': [ '0.2.2' ],
180 silly audit   'stop-iteration-iterator': [ '1.1.0' ],
180 silly audit   streamroller: [ '3.1.5' ],
180 silly audit   universalify: [ '0.1.2', '0.2.0', '2.0.1' ],
180 silly audit   streamx: [ '2.23.0' ],
180 silly audit   'string-hash': [ '1.1.3' ],
180 silly audit   'string.prototype.includes': [ '2.0.1' ],
180 silly audit   'string.prototype.matchall': [ '4.0.12' ],
180 silly audit   'string.prototype.repeat': [ '1.0.0' ],
180 silly audit   'string.prototype.trim': [ '1.2.10' ],
180 silly audit   'string.prototype.trimend': [ '1.0.9' ],
180 silly audit   'string.prototype.trimstart': [ '1.0.8' ],
180 silly audit   'strip-bom': [ '3.0.0' ],
180 silly audit   'strip-dirs': [ '3.0.0' ],
180 silly audit   'strip-final-newline': [ '2.0.0' ],
180 silly audit   'strip-json-comments': [ '3.1.1' ],
180 silly audit   strtok3: [ '10.3.4' ],
180 silly audit   'style-inject': [ '0.3.0' ],
180 silly audit   'style-loader': [ '3.3.4' ],
180 silly audit   'supports-preserve-symlinks-flag': [ '1.0.0' ],
180 silly audit   'svg-parser': [ '2.0.4' ],
180 silly audit   'symbol-tree': [ '3.2.4' ],
180 silly audit   'sync-child-process': [ '1.0.2' ],
180 silly audit   'sync-message-port': [ '1.1.3' ],
180 silly audit   'tailwind-merge': [ '3.4.0' ],
180 silly audit   tailwindcss: [ '4.1.18' ],
180 silly audit   tapable: [ '2.3.0' ],
180 silly audit   terser: [ '5.44.1' ],
180 silly audit   'terser-webpack-plugin': [ '5.3.16' ],
180 silly audit   'text-decoder': [ '1.2.3' ],
180 silly audit   thingies: [ '2.5.0' ],
180 silly audit   through: [ '2.3.8' ],
180 silly audit   thunky: [ '1.1.0' ],
180 silly audit   tinybench: [ '2.9.0' ],
180 silly audit   tinyexec: [ '1.0.2' ],
180 silly audit   tinyglobby: [ '0.2.15' ],
180 silly audit   tinyrainbow: [ '3.0.3' ],
180 silly audit   tmp: [ '0.2.5' ],
180 silly audit   'to-regex-range': [ '5.0.1' ],
180 silly audit   toidentifier: [ '1.0.1' ],
180 silly audit   'token-types': [ '6.1.2' ],
180 silly audit   totalist: [ '3.0.1' ],
180 silly audit   'tough-cookie': [ '4.1.4' ],
180 silly audit   'tree-dump': [ '1.1.0' ],
180 silly audit   'tree-kill': [ '1.2.2' ],
180 silly audit   'ts-api-utils': [ '2.4.0' ],
180 silly audit   'ts-checker-rspack-plugin': [ '1.2.3' ],
180 silly audit   'ts-loader': [ '9.5.4' ],
180 silly audit   'tsconfig-paths-webpack-plugin': [ '4.2.0' ],
180 silly audit   tslib: [ '2.8.1' ],
180 silly audit   tsscmp: [ '1.0.6' ],
180 silly audit   'type-check': [ '0.4.0' ],
180 silly audit   'typed-array-buffer': [ '1.0.3' ],
180 silly audit   'typed-array-byte-length': [ '1.0.3' ],
180 silly audit   'typed-array-byte-offset': [ '1.0.4' ],
180 silly audit   'typed-array-length': [ '1.0.7' ],
180 silly audit   'typed-assert': [ '1.0.9' ],
180 silly audit   typescript: [ '5.9.3' ],
180 silly audit   'typescript-eslint': [ '8.52.0' ],
180 silly audit   'uint8array-extras': [ '1.5.0' ],
180 silly audit   'unbox-primitive': [ '1.1.0' ],
180 silly audit   'unbzip2-stream': [ '1.4.3' ],
180 silly audit   'undici-types': [ '6.21.0' ],
180 silly audit   'unicode-canonical-property-names-ecmascript': [ '2.0.1' ],
180 silly audit   'unicode-match-property-ecmascript': [ '2.0.0' ],
180 silly audit   'unicode-match-property-value-ecmascript': [ '2.2.1' ],
180 silly audit   'unicode-property-aliases-ecmascript': [ '2.2.0' ],
180 silly audit   union: [ '0.5.0' ],
180 silly audit   unpipe: [ '1.0.0' ],
180 silly audit   upath: [ '2.0.1' ],
180 silly audit   'update-browserslist-db': [ '1.2.3' ],
180 silly audit   'uri-js': [ '4.4.1' ],
180 silly audit   'url-join': [ '4.0.1' ],
180 silly audit   'url-parse': [ '1.5.10' ],
180 silly audit   'use-isomorphic-layout-effect': [ '1.2.1' ],
180 silly audit   'use-sync-external-store': [ '1.6.0' ],
180 silly audit   'util-deprecate': [ '1.0.2' ],
180 silly audit   'utils-merge': [ '1.0.1' ],
180 silly audit   uuid: [ '8.3.2' ],
180 silly audit   varint: [ '6.0.0' ],
180 silly audit   vary: [ '1.1.2' ],
180 silly audit   vite: [ '7.3.0' ],
180 silly audit   vitest: [ '4.0.16' ],
180 silly audit   'w3c-xmlserializer': [ '4.0.0' ],
180 silly audit   watchpack: [ '2.5.0' ],
180 silly audit   wbuf: [ '1.7.3' ],
180 silly audit   wcwidth: [ '1.0.1' ],
180 silly audit   webpack: [ '5.104.1' ],
180 silly audit   'webpack-dev-middleware': [ '7.4.5' ],
180 silly audit   'webpack-dev-server': [ '5.2.2' ],
180 silly audit   'webpack-merge': [ '5.10.0' ],
180 silly audit   'webpack-node-externals': [ '3.0.0' ],
180 silly audit   'webpack-sources': [ '3.3.3' ],
180 silly audit   'webpack-subresource-integrity': [ '5.1.0' ],
180 silly audit   'websocket-driver': [ '0.7.4' ],
180 silly audit   'websocket-extensions': [ '0.1.4' ],
180 silly audit   'whatwg-encoding': [ '2.0.0' ],
180 silly audit   'whatwg-mimetype': [ '3.0.0' ],
180 silly audit   'which-boxed-primitive': [ '1.1.1' ],
180 silly audit   'which-builtin-type': [ '1.2.1' ],
180 silly audit   'which-collection': [ '1.0.2' ],
180 silly audit   'which-typed-array': [ '1.1.19' ],
180 silly audit   'why-is-node-running': [ '2.3.0' ],
180 silly audit   wildcard: [ '2.0.1' ],
180 silly audit   'word-wrap': [ '1.2.5' ],
180 silly audit   'wrap-ansi': [ '7.0.0' ],
180 silly audit   wrappy: [ '1.0.2' ],
180 silly audit   ws: [ '8.18.0' ],
180 silly audit   'wsl-utils': [ '0.1.0' ],
180 silly audit   'xml-name-validator': [ '4.0.0' ],
180 silly audit   xmlchars: [ '2.2.0' ],
180 silly audit   xstate: [ '5.25.0' ],
180 silly audit   y18n: [ '5.0.8' ],
180 silly audit   yallist: [ '3.1.1' ],
180 silly audit   yargs: [ '17.7.2' ],
180 silly audit   'yargs-parser': [ '21.1.1' ],
180 silly audit   yauzl: [ '3.2.0' ],
180 silly audit   yoctocolors: [ '2.1.2' ],
180 silly audit   '@tailwindcss/postcss': [ '4.1.18' ],
180 silly audit   '@alloc/quick-lru': [ '5.2.0' ],
180 silly audit   '@tailwindcss/node': [ '4.1.18' ],
180 silly audit   '@tailwindcss/oxide': [ '4.1.18' ],
180 silly audit   lightningcss: [ '1.30.2' ],
180 silly audit   '@tailwindcss/oxide-android-arm64': [ '4.1.18' ],
180 silly audit   '@tailwindcss/oxide-darwin-arm64': [ '4.1.18' ],
180 silly audit   '@tailwindcss/oxide-darwin-x64': [ '4.1.18' ],
180 silly audit   '@tailwindcss/oxide-freebsd-x64': [ '4.1.18' ],
180 silly audit   '@tailwindcss/oxide-linux-arm-gnueabihf': [ '4.1.18' ],
180 silly audit   '@tailwindcss/oxide-linux-arm64-gnu': [ '4.1.18' ],
180 silly audit   '@tailwindcss/oxide-linux-arm64-musl': [ '4.1.18' ],
180 silly audit   '@tailwindcss/oxide-linux-x64-gnu': [ '4.1.18' ],
180 silly audit   '@tailwindcss/oxide-linux-x64-musl': [ '4.1.18' ],
180 silly audit   '@tailwindcss/oxide-wasm32-wasi': [ '4.1.18' ],
180 silly audit   '@tailwindcss/oxide-win32-arm64-msvc': [ '4.1.18' ],
180 silly audit   '@tailwindcss/oxide-win32-x64-msvc': [ '4.1.18' ],
180 silly audit   'lightningcss-android-arm64': [ '1.30.2' ],
180 silly audit   'lightningcss-darwin-arm64': [ '1.30.2' ],
180 silly audit   'lightningcss-darwin-x64': [ '1.30.2' ],
180 silly audit   'lightningcss-freebsd-x64': [ '1.30.2' ],
180 silly audit   'lightningcss-linux-arm-gnueabihf': [ '1.30.2' ],
180 silly audit   'lightningcss-linux-arm64-gnu': [ '1.30.2' ],
180 silly audit   'lightningcss-linux-arm64-musl': [ '1.30.2' ],
180 silly audit   'lightningcss-linux-x64-gnu': [ '1.30.2' ],
180 silly audit   'lightningcss-linux-x64-musl': [ '1.30.2' ],
180 silly audit   'lightningcss-win32-arm64-msvc': [ '1.30.2' ],
180 silly audit   'lightningcss-win32-x64-msvc': [ '1.30.2' ]
180 silly audit }
181 http cache lightningcss-darwin-arm64@https://registry.npmjs.org/lightningcss-darwin-arm64/-/lightningcss-darwin-arm64-1.30.2.tgz 0ms (cache hit)
182 http cache @tailwindcss/oxide-darwin-arm64@https://registry.npmjs.org/@tailwindcss/oxide-darwin-arm64/-/oxide-darwin-arm64-4.1.18.tgz 0ms (cache hit)
183 http cache @tailwindcss/oxide@https://registry.npmjs.org/@tailwindcss/oxide/-/oxide-4.1.18.tgz 0ms (cache hit)
184 http cache @tailwindcss/node@https://registry.npmjs.org/@tailwindcss/node/-/node-4.1.18.tgz 0ms (cache hit)
185 http cache @alloc/quick-lru@https://registry.npmjs.org/@alloc/quick-lru/-/quick-lru-5.2.0.tgz 0ms (cache hit)
186 http cache @tybys/wasm-util@https://registry.npmjs.org/@tybys/wasm-util/-/wasm-util-0.10.1.tgz 0ms (cache hit)
187 http cache @tailwindcss/postcss@https://registry.npmjs.org/@tailwindcss/postcss/-/postcss-4.1.18.tgz 0ms (cache hit)
188 http cache jiti@https://registry.npmjs.org/jiti/-/jiti-2.6.1.tgz 0ms (cache hit)
189 http cache lightningcss@https://registry.npmjs.org/lightningcss/-/lightningcss-1.30.2.tgz 0ms (cache hit)
190 http cache detect-libc@https://registry.npmjs.org/detect-libc/-/detect-libc-2.1.2.tgz 0ms (cache hit)
191 http cache magic-string@https://registry.npmjs.org/magic-string/-/magic-string-0.30.21.tgz 0ms (cache hit)
192 http cache @napi-rs/wasm-runtime@https://registry.npmjs.org/@napi-rs/wasm-runtime/-/wasm-runtime-1.0.7.tgz 0ms (cache hit)
193 silly tarball no local data for lightningcss-darwin-arm64@https://registry.npmjs.org/lightningcss-darwin-arm64/-/lightningcss-darwin-arm64-1.30.2.tgz. Extracting by manifest.
194 silly tarball no local data for @tailwindcss/oxide-darwin-arm64@https://registry.npmjs.org/@tailwindcss/oxide-darwin-arm64/-/oxide-darwin-arm64-4.1.18.tgz. Extracting by manifest.
195 silly tarball no local data for @tailwindcss/oxide@https://registry.npmjs.org/@tailwindcss/oxide/-/oxide-4.1.18.tgz. Extracting by manifest.
196 silly tarball no local data for @tailwindcss/node@https://registry.npmjs.org/@tailwindcss/node/-/node-4.1.18.tgz. Extracting by manifest.
197 silly tarball no local data for @alloc/quick-lru@https://registry.npmjs.org/@alloc/quick-lru/-/quick-lru-5.2.0.tgz. Extracting by manifest.
198 silly tarball no local data for @tybys/wasm-util@https://registry.npmjs.org/@tybys/wasm-util/-/wasm-util-0.10.1.tgz. Extracting by manifest.
199 silly tarball no local data for @tailwindcss/postcss@https://registry.npmjs.org/@tailwindcss/postcss/-/postcss-4.1.18.tgz. Extracting by manifest.
200 silly tarball no local data for lightningcss@https://registry.npmjs.org/lightningcss/-/lightningcss-1.30.2.tgz. Extracting by manifest.
201 silly tarball no local data for detect-libc@https://registry.npmjs.org/detect-libc/-/detect-libc-2.1.2.tgz. Extracting by manifest.
202 silly tarball no local data for @napi-rs/wasm-runtime@https://registry.npmjs.org/@napi-rs/wasm-runtime/-/wasm-runtime-1.0.7.tgz. Extracting by manifest.
203 http fetch GET 200 https://registry.npmjs.org/@tailwindcss/node/-/node-4.1.18.tgz 568ms (cache miss)
204 http fetch GET 200 https://registry.npmjs.org/@alloc/quick-lru/-/quick-lru-5.2.0.tgz 595ms (cache miss)
205 http fetch GET 200 https://registry.npmjs.org/lightningcss/-/lightningcss-1.30.2.tgz 889ms (cache miss)
206 http fetch POST 200 https://registry.npmjs.org/-/npm/v1/security/advisories/bulk 1376ms
207 silly audit report {}
208 http fetch GET 200 https://registry.npmjs.org/@tailwindcss/postcss/-/postcss-4.1.18.tgz 1449ms (cache miss)
209 http fetch GET 200 https://registry.npmjs.org/@tailwindcss/oxide/-/oxide-4.1.18.tgz 1719ms (cache miss)
210 http fetch GET 200 https://registry.npmjs.org/detect-libc/-/detect-libc-2.1.2.tgz 1722ms (cache miss)
211 http fetch GET 200 https://registry.npmjs.org/@napi-rs/wasm-runtime/-/wasm-runtime-1.0.7.tgz 2734ms (cache miss)
212 http fetch GET 200 https://registry.npmjs.org/@tybys/wasm-util/-/wasm-util-0.10.1.tgz 3421ms (cache miss)
213 http fetch GET 200 https://registry.npmjs.org/@tailwindcss/oxide-darwin-arm64/-/oxide-darwin-arm64-4.1.18.tgz 3855ms (cache miss)
214 http fetch GET 200 https://registry.npmjs.org/lightningcss-darwin-arm64/-/lightningcss-darwin-arm64-1.30.2.tgz 5206ms (cache miss)
215 silly ADD node_modules/lightningcss-darwin-arm64
216 silly ADD node_modules/@tailwindcss/oxide-darwin-arm64
217 silly ADD node_modules/lightningcss
218 silly ADD node_modules/lightningcss/node_modules/detect-libc
219 silly ADD node_modules/@tailwindcss/oxide
220 silly ADD node_modules/@tailwindcss/node
221 silly ADD node_modules/@tailwindcss/node/node_modules/magic-string
222 silly ADD node_modules/@tailwindcss/node/node_modules/jiti
223 silly ADD node_modules/@alloc/quick-lru
224 silly ADD node_modules/@tailwindcss/postcss
225 silly ADD node_modules/@tybys/wasm-util
226 silly ADD node_modules/@napi-rs/wasm-runtime
227 verbose cwd /Users/somanathkambar/IdeaProjects/OrderManagement
228 verbose os Darwin 25.2.0
229 verbose node v24.12.0
230 verbose npm  v11.6.2
231 verbose exit 0
232 info ok
