0 verbose cli /usr/local/bin/node /usr/local/bin/npm
1 info using npm@11.6.2
2 info using node@v24.12.0
3 silly config load:file:/usr/local/lib/node_modules/npm/npmrc
4 silly config load:file:/private/var/folders/vj/hkgc0v2x5jjbf6ffbww0f1xh0000gn/T/tmp-12898-aI3O3G0qBFLZ/.npmrc
5 silly config load:file:/Users/somanathkambar/.npmrc
6 silly config load:file:/usr/local/etc/npmrc
7 verbose title npm install nx@latest
8 verbose argv "install" "--save-dev" "nx@latest" "--ignore-scripts"
9 verbose logfile logs-max:10 dir:/Users/somanathkambar/IdeaProjects/OrderManagement/.npm-cache/_logs/2026-01-05T17_18_45_709Z-
10 verbose logfile /Users/somanathkambar/IdeaProjects/OrderManagement/.npm-cache/_logs/2026-01-05T17_18_45_709Z-debug-0.log
11 silly logfile done cleaning log files
12 silly packumentCache heap:4496293888 maxSize:1124073472 maxEntrySize:562036736
13 silly packumentCache corgi:https://registry.npmjs.org/nx cache-miss
14 http cache https://registry.npmjs.org/nx 11ms (cache hit)
15 silly packumentCache corgi:https://registry.npmjs.org/nx set size:4929945 disposed:false
16 silly idealTree buildDeps
17 silly fetch manifest nx@22.3.3
18 silly packumentCache full:https://registry.npmjs.org/nx cache-miss
19 http cache https://registry.npmjs.org/nx 13ms (cache hit)
20 silly packumentCache full:https://registry.npmjs.org/nx set size:10228267 disposed:false
21 silly fetch manifest @swc-node/register@^1.8.0
22 silly packumentCache full:https://registry.npmjs.org/@swc-node%2fregister cache-miss
23 http cache https://registry.npmjs.org/@swc-node%2fregister 4ms (cache hit)
24 silly packumentCache full:https://registry.npmjs.org/@swc-node%2fregister set size:232610 disposed:false
25 silly fetch manifest @swc/core@>= 1.4.13
26 silly packumentCache full:https://registry.npmjs.org/@swc%2fcore cache-miss
27 http cache https://registry.npmjs.org/@swc%2fcore 5ms (cache hit)
28 silly packumentCache full:https://registry.npmjs.org/@swc%2fcore set size:3897881 disposed:false
29 silly fetch manifest @swc/helpers@>=0.5.17
30 silly packumentCache full:https://registry.npmjs.org/@swc%2fhelpers cache-miss
31 http cache https://registry.npmjs.org/@swc%2fhelpers 3ms (cache hit)
32 silly packumentCache full:https://registry.npmjs.org/@swc%2fhelpers set size:655395 disposed:false
33 silly fetch manifest typescript@>= 4.3
34 silly packumentCache full:https://registry.npmjs.org/typescript cache-miss
35 http cache https://registry.npmjs.org/typescript 15ms (cache hit)
36 silly packumentCache full:https://registry.npmjs.org/typescript set size:15092015 disposed:false
37 silly placeDep ROOT nx@22.3.3 OK for:  want: 22.3.3
38 silly fetch manifest ora@5.3.0
39 silly packumentCache full:https://registry.npmjs.org/ora cache-miss
40 silly fetch manifest tmp@~0.2.1
41 silly packumentCache full:https://registry.npmjs.org/tmp cache-miss
42 silly fetch manifest flat@^5.0.2
43 silly packumentCache full:https://registry.npmjs.org/flat cache-miss
44 silly fetch manifest open@^8.4.0
45 silly packumentCache full:https://registry.npmjs.org/open cache-miss
46 silly fetch manifest yaml@^2.6.0
47 silly packumentCache full:https://registry.npmjs.org/yaml cache-miss
48 silly fetch manifest axios@^1.12.0
49 silly packumentCache full:https://registry.npmjs.org/axios cache-miss
50 silly fetch manifest chalk@^4.1.0
51 silly packumentCache full:https://registry.npmjs.org/chalk cache-miss
52 silly fetch manifest cliui@^8.0.1
53 silly packumentCache full:https://registry.npmjs.org/cliui cache-miss
54 silly fetch manifest tslib@^2.3.0
55 silly packumentCache full:https://registry.npmjs.org/tslib cache-miss
56 silly fetch manifest yargs@^17.6.2
57 silly packumentCache full:https://registry.npmjs.org/yargs cache-miss
58 silly fetch manifest dotenv@~16.4.5
59 silly packumentCache full:https://registry.npmjs.org/dotenv cache-miss
60 http cache https://registry.npmjs.org/open 9ms (cache hit)
61 silly packumentCache full:https://registry.npmjs.org/open set size:136392 disposed:false
62 silly fetch manifest ignore@^7.0.5
63 silly packumentCache full:https://registry.npmjs.org/ignore cache-miss
64 http cache https://registry.npmjs.org/ora 12ms (cache hit)
65 silly packumentCache full:https://registry.npmjs.org/ora set size:134628 disposed:false
66 silly fetch manifest semver@^7.6.3
67 silly packumentCache full:https://registry.npmjs.org/semver cache-miss
68 http cache https://registry.npmjs.org/flat 13ms (cache hit)
69 silly packumentCache full:https://registry.npmjs.org/flat set size:56541 disposed:false
70 silly fetch manifest figures@3.2.0
71 silly packumentCache full:https://registry.npmjs.org/figures cache-miss
72 http cache https://registry.npmjs.org/tmp 13ms (cache hit)
73 silly packumentCache full:https://registry.npmjs.org/tmp set size:75072 disposed:false
74 silly fetch manifest enquirer@~2.3.6
75 silly packumentCache full:https://registry.npmjs.org/enquirer cache-miss
76 http cache https://registry.npmjs.org/cliui 13ms (cache hit)
77 silly packumentCache full:https://registry.npmjs.org/cliui set size:69089 disposed:false
78 silly fetch manifest jest-diff@^30.0.2
79 silly packumentCache full:https://registry.npmjs.org/jest-diff cache-miss
80 http cache https://registry.npmjs.org/dotenv 14ms (cache hit)
81 silly packumentCache full:https://registry.npmjs.org/dotenv set size:261324 disposed:false
82 silly fetch manifest minimatch@9.0.3
83 silly packumentCache full:https://registry.npmjs.org/minimatch cache-miss
84 http cache https://registry.npmjs.org/axios 16ms (cache hit)
85 silly packumentCache full:https://registry.npmjs.org/axios set size:733991 disposed:false
86 silly fetch manifest tree-kill@^1.2.2
87 silly packumentCache full:https://registry.npmjs.org/tree-kill cache-miss
88 http cache https://registry.npmjs.org/yargs 21ms (cache hit)
89 silly packumentCache full:https://registry.npmjs.org/yargs set size:743056 disposed:false
90 silly fetch manifest cli-cursor@3.1.0
91 silly packumentCache full:https://registry.npmjs.org/cli-cursor cache-miss
92 http cache https://registry.npmjs.org/tslib 25ms (cache hit)
93 silly packumentCache full:https://registry.npmjs.org/tslib set size:108760 disposed:false
94 silly fetch manifest tar-stream@~2.2.0
95 silly packumentCache full:https://registry.npmjs.org/tar-stream cache-miss
96 http cache https://registry.npmjs.org/chalk 25ms (cache hit)
97 silly packumentCache full:https://registry.npmjs.org/chalk set size:117861 disposed:false
98 silly fetch manifest cli-spinners@2.6.1
99 silly packumentCache full:https://registry.npmjs.org/cli-spinners cache-miss
100 http cache https://registry.npmjs.org/yaml 27ms (cache hit)
101 silly packumentCache full:https://registry.npmjs.org/yaml set size:364997 disposed:false
102 silly fetch manifest front-matter@^4.0.2
103 silly packumentCache full:https://registry.npmjs.org/front-matter cache-miss
104 http cache https://registry.npmjs.org/tree-kill 13ms (cache hit)
105 silly packumentCache full:https://registry.npmjs.org/tree-kill set size:24180 disposed:false
106 silly fetch manifest jsonc-parser@3.2.0
107 silly packumentCache full:https://registry.npmjs.org/jsonc-parser cache-miss
108 http cache https://registry.npmjs.org/semver 23ms (cache hit)
109 silly packumentCache full:https://registry.npmjs.org/semver set size:226907 disposed:false
110 silly fetch manifest npm-run-path@^4.0.1
111 silly packumentCache full:https://registry.npmjs.org/npm-run-path cache-miss
112 http cache https://registry.npmjs.org/figures 23ms (cache hit)
113 silly packumentCache full:https://registry.npmjs.org/figures set size:64597 disposed:false
114 silly fetch manifest string-width@^4.2.3
115 silly packumentCache full:https://registry.npmjs.org/string-width cache-miss
116 http cache https://registry.npmjs.org/enquirer 23ms (cache hit)
117 silly packumentCache full:https://registry.npmjs.org/enquirer set size:203040 disposed:false
118 silly fetch manifest yargs-parser@21.1.1
119 silly packumentCache full:https://registry.npmjs.org/yargs-parser cache-miss
120 http cache https://registry.npmjs.org/ignore 28ms (cache hit)
121 silly packumentCache full:https://registry.npmjs.org/ignore set size:237380 disposed:false
122 silly fetch manifest dotenv-expand@~11.0.6
123 silly packumentCache full:https://registry.npmjs.org/dotenv-expand cache-miss
124 http cache https://registry.npmjs.org/minimatch 24ms (cache hit)
125 silly packumentCache full:https://registry.npmjs.org/minimatch set size:303959 disposed:false
126 silly fetch manifest tsconfig-paths@^4.1.2
127 silly packumentCache full:https://registry.npmjs.org/tsconfig-paths cache-miss
128 http cache https://registry.npmjs.org/jest-diff 27ms (cache hit)
129 silly packumentCache full:https://registry.npmjs.org/jest-diff set size:551165 disposed:false
130 silly fetch manifest node-machine-id@1.1.12
131 silly packumentCache full:https://registry.npmjs.org/node-machine-id cache-miss
132 http cache https://registry.npmjs.org/tar-stream 18ms (cache hit)
133 silly packumentCache full:https://registry.npmjs.org/tar-stream set size:132352 disposed:false
134 silly fetch manifest resolve.exports@2.0.3
135 silly packumentCache full:https://registry.npmjs.org/resolve.exports cache-miss
136 http cache https://registry.npmjs.org/cli-cursor 20ms (cache hit)
137 silly packumentCache full:https://registry.npmjs.org/cli-cursor set size:18913 disposed:false
138 silly fetch manifest @yarnpkg/parsers@3.0.2
139 silly packumentCache full:https://registry.npmjs.org/@yarnpkg%2fparsers cache-miss
140 http cache https://registry.npmjs.org/front-matter 17ms (cache hit)
141 silly packumentCache full:https://registry.npmjs.org/front-matter set size:87322 disposed:false
142 silly fetch manifest @zkochan/js-yaml@0.0.7
143 silly packumentCache full:https://registry.npmjs.org/@zkochan%2fjs-yaml cache-miss
144 http cache https://registry.npmjs.org/cli-spinners 19ms (cache hit)
145 silly packumentCache full:https://registry.npmjs.org/cli-spinners set size:65427 disposed:false
146 silly fetch manifest @yarnpkg/lockfile@^1.1.0
147 silly packumentCache full:https://registry.npmjs.org/@yarnpkg%2flockfile cache-miss
148 http cache https://registry.npmjs.org/string-width 14ms (cache hit)
149 silly packumentCache full:https://registry.npmjs.org/string-width set size:64158 disposed:false
150 silly fetch manifest lines-and-columns@2.0.3
151 silly packumentCache full:https://registry.npmjs.org/lines-and-columns cache-miss
152 http cache https://registry.npmjs.org/npm-run-path 16ms (cache hit)
153 silly packumentCache full:https://registry.npmjs.org/npm-run-path set size:33596 disposed:false
154 silly fetch manifest @napi-rs/wasm-runtime@0.2.4
155 silly packumentCache full:https://registry.npmjs.org/@napi-rs%2fwasm-runtime cache-miss
156 http cache https://registry.npmjs.org/yargs-parser 14ms (cache hit)
157 silly packumentCache full:https://registry.npmjs.org/yargs-parser set size:238630 disposed:false
158 silly fetch manifest @nx/nx-darwin-x64@22.3.3
159 silly packumentCache full:https://registry.npmjs.org/@nx%2fnx-darwin-x64 cache-miss
160 http cache https://registry.npmjs.org/jsonc-parser 20ms (cache hit)
161 silly packumentCache full:https://registry.npmjs.org/jsonc-parser set size:122648 disposed:false
162 silly fetch manifest @nx/nx-freebsd-x64@22.3.3
163 silly packumentCache full:https://registry.npmjs.org/@nx%2fnx-freebsd-x64 cache-miss
164 http cache https://registry.npmjs.org/dotenv-expand 14ms (cache hit)
165 silly packumentCache full:https://registry.npmjs.org/dotenv-expand set size:67935 disposed:false
166 silly fetch manifest @nx/nx-darwin-arm64@22.3.3
167 silly packumentCache full:https://registry.npmjs.org/@nx%2fnx-darwin-arm64 cache-miss
168 http cache https://registry.npmjs.org/tsconfig-paths 14ms (cache hit)
169 silly packumentCache full:https://registry.npmjs.org/tsconfig-paths set size:192565 disposed:false
170 silly fetch manifest @nx/nx-linux-x64-gnu@22.3.3
171 silly packumentCache full:https://registry.npmjs.org/@nx%2fnx-linux-x64-gnu cache-miss
172 http cache https://registry.npmjs.org/resolve.exports 11ms (cache hit)
173 silly packumentCache full:https://registry.npmjs.org/resolve.exports set size:49558 disposed:false
174 silly fetch manifest @nx/nx-linux-x64-musl@22.3.3
175 silly packumentCache full:https://registry.npmjs.org/@nx%2fnx-linux-x64-musl cache-miss
176 http cache https://registry.npmjs.org/node-machine-id 13ms (cache hit)
177 silly packumentCache full:https://registry.npmjs.org/node-machine-id set size:39325 disposed:false
178 silly fetch manifest @nx/nx-win32-x64-msvc@22.3.3
179 silly packumentCache full:https://registry.npmjs.org/@nx%2fnx-win32-x64-msvc cache-miss
180 http cache https://registry.npmjs.org/@zkochan%2fjs-yaml 11ms (cache hit)
181 silly packumentCache full:https://registry.npmjs.org/@zkochan%2fjs-yaml set size:45293 disposed:false
182 silly fetch manifest @nx/nx-linux-arm64-gnu@22.3.3
183 silly packumentCache full:https://registry.npmjs.org/@nx%2fnx-linux-arm64-gnu cache-miss
184 http cache https://registry.npmjs.org/@yarnpkg%2fparsers 12ms (cache hit)
185 silly packumentCache full:https://registry.npmjs.org/@yarnpkg%2fparsers set size:334862 disposed:false
186 silly fetch manifest @nx/nx-linux-arm64-musl@22.3.3
187 silly packumentCache full:https://registry.npmjs.org/@nx%2fnx-linux-arm64-musl cache-miss
188 http cache https://registry.npmjs.org/@yarnpkg%2flockfile 13ms (cache hit)
189 silly packumentCache full:https://registry.npmjs.org/@yarnpkg%2flockfile set size:8937 disposed:false
190 silly fetch manifest @nx/nx-win32-arm64-msvc@22.3.3
191 silly packumentCache full:https://registry.npmjs.org/@nx%2fnx-win32-arm64-msvc cache-miss
192 http cache https://registry.npmjs.org/lines-and-columns 12ms (cache hit)
193 silly packumentCache full:https://registry.npmjs.org/lines-and-columns set size:73796 disposed:false
194 silly fetch manifest @nx/nx-linux-arm-gnueabihf@22.3.3
195 silly packumentCache full:https://registry.npmjs.org/@nx%2fnx-linux-arm-gnueabihf cache-miss
196 http cache https://registry.npmjs.org/@nx%2fnx-freebsd-x64 13ms (cache hit)
197 silly packumentCache full:https://registry.npmjs.org/@nx%2fnx-freebsd-x64 set size:2955506 disposed:false
198 http cache https://registry.npmjs.org/@napi-rs%2fwasm-runtime 23ms (cache hit)
199 silly packumentCache full:https://registry.npmjs.org/@napi-rs%2fwasm-runtime set size:63456 disposed:false
200 http cache https://registry.npmjs.org/@nx%2fnx-darwin-arm64 25ms (cache hit)
201 silly packumentCache full:https://registry.npmjs.org/@nx%2fnx-darwin-arm64 set size:3060725 disposed:false
202 http cache https://registry.npmjs.org/@nx%2fnx-darwin-x64 37ms (cache hit)
203 silly packumentCache full:https://registry.npmjs.org/@nx%2fnx-darwin-x64 set size:3023145 disposed:false
204 http cache https://registry.npmjs.org/@nx%2fnx-linux-x64-musl 43ms (cache hit)
205 silly packumentCache full:https://registry.npmjs.org/@nx%2fnx-linux-x64-musl set size:3105301 disposed:false
206 http cache https://registry.npmjs.org/@nx%2fnx-linux-x64-gnu 54ms (cache hit)
207 silly packumentCache full:https://registry.npmjs.org/@nx%2fnx-linux-x64-gnu set size:3092319 disposed:false
208 http cache https://registry.npmjs.org/@nx%2fnx-linux-arm64-gnu 64ms (cache hit)
209 silly packumentCache full:https://registry.npmjs.org/@nx%2fnx-linux-arm64-gnu set size:3124297 disposed:false
210 http cache https://registry.npmjs.org/@nx%2fnx-win32-x64-msvc 74ms (cache hit)
211 silly packumentCache full:https://registry.npmjs.org/@nx%2fnx-win32-x64-msvc set size:3079863 disposed:false
212 http cache https://registry.npmjs.org/@nx%2fnx-linux-arm64-musl 82ms (cache hit)
213 silly packumentCache full:https://registry.npmjs.org/@nx%2fnx-linux-arm64-musl set size:3137192 disposed:false
214 http cache https://registry.npmjs.org/@nx%2fnx-win32-arm64-msvc 91ms (cache hit)
215 silly packumentCache full:https://registry.npmjs.org/@nx%2fnx-win32-arm64-msvc set size:3112122 disposed:false
216 http cache https://registry.npmjs.org/@nx%2fnx-linux-arm-gnueabihf 97ms (cache hit)
217 silly packumentCache full:https://registry.npmjs.org/@nx%2fnx-linux-arm-gnueabihf set size:3150445 disposed:false
218 silly placeDep ROOT @napi-rs/wasm-runtime@0.2.4 OK for: nx@22.3.3 want: 0.2.4
219 silly placeDep ROOT @nx/nx-darwin-arm64@22.3.3 OK for: nx@22.3.3 want: 22.3.3
220 silly placeDep ROOT @nx/nx-darwin-x64@22.3.3 OK for: nx@22.3.3 want: 22.3.3
221 silly placeDep ROOT @nx/nx-freebsd-x64@22.3.3 OK for: nx@22.3.3 want: 22.3.3
222 silly placeDep ROOT @nx/nx-linux-arm-gnueabihf@22.3.3 OK for: nx@22.3.3 want: 22.3.3
223 silly placeDep ROOT @nx/nx-linux-arm64-gnu@22.3.3 OK for: nx@22.3.3 want: 22.3.3
224 silly placeDep ROOT @nx/nx-linux-arm64-musl@22.3.3 OK for: nx@22.3.3 want: 22.3.3
225 silly placeDep ROOT @nx/nx-linux-x64-gnu@22.3.3 OK for: nx@22.3.3 want: 22.3.3
226 silly placeDep ROOT @nx/nx-linux-x64-musl@22.3.3 OK for: nx@22.3.3 want: 22.3.3
227 silly placeDep ROOT @nx/nx-win32-arm64-msvc@22.3.3 OK for: nx@22.3.3 want: 22.3.3
228 silly placeDep ROOT @nx/nx-win32-x64-msvc@22.3.3 OK for: nx@22.3.3 want: 22.3.3
229 silly placeDep ROOT @yarnpkg/lockfile@1.1.0 OK for: nx@22.3.3 want: ^1.1.0
230 silly placeDep ROOT @yarnpkg/parsers@3.0.2 OK for: nx@22.3.3 want: 3.0.2
231 silly placeDep ROOT @zkochan/js-yaml@0.0.7 OK for: nx@22.3.3 want: 0.0.7
232 silly placeDep ROOT axios@1.13.2 OK for: nx@22.3.3 want: ^1.12.0
233 silly placeDep ROOT chalk@4.1.2 OK for: nx@22.3.3 want: ^4.1.0
234 silly placeDep ROOT cli-cursor@3.1.0 OK for: nx@22.3.3 want: 3.1.0
235 silly placeDep ROOT cli-spinners@2.6.1 OK for: nx@22.3.3 want: 2.6.1
236 silly placeDep ROOT cliui@8.0.1 OK for: nx@22.3.3 want: ^8.0.1
237 silly placeDep ROOT dotenv@16.4.7 OK for: nx@22.3.3 want: ~16.4.5
238 silly placeDep ROOT dotenv-expand@11.0.7 OK for: nx@22.3.3 want: ~11.0.6
239 silly placeDep ROOT enquirer@2.3.6 OK for: nx@22.3.3 want: ~2.3.6
240 silly placeDep ROOT figures@3.2.0 OK for: nx@22.3.3 want: 3.2.0
241 silly placeDep ROOT flat@5.0.2 OK for: nx@22.3.3 want: ^5.0.2
242 silly placeDep ROOT front-matter@4.0.2 OK for: nx@22.3.3 want: ^4.0.2
243 silly placeDep ROOT ignore@7.0.5 OK for: nx@22.3.3 want: ^7.0.5
244 silly placeDep ROOT jest-diff@30.2.0 OK for: nx@22.3.3 want: ^30.0.2
245 silly placeDep ROOT jsonc-parser@3.2.0 OK for: nx@22.3.3 want: 3.2.0
246 silly placeDep ROOT lines-and-columns@2.0.3 OK for: nx@22.3.3 want: 2.0.3
247 silly placeDep ROOT minimatch@9.0.3 OK for: nx@22.3.3 want: 9.0.3
248 silly placeDep ROOT node-machine-id@1.1.12 OK for: nx@22.3.3 want: 1.1.12
249 silly placeDep ROOT npm-run-path@4.0.1 OK for: nx@22.3.3 want: ^4.0.1
250 silly placeDep ROOT open@8.4.2 OK for: nx@22.3.3 want: ^8.4.0
251 silly placeDep ROOT ora@5.3.0 OK for: nx@22.3.3 want: 5.3.0
252 silly placeDep ROOT resolve.exports@2.0.3 OK for: nx@22.3.3 want: 2.0.3
253 silly placeDep ROOT semver@7.7.3 OK for: nx@22.3.3 want: ^7.6.3
254 silly placeDep ROOT string-width@4.2.3 OK for: nx@22.3.3 want: ^4.2.3
255 silly placeDep ROOT tar-stream@2.2.0 OK for: nx@22.3.3 want: ~2.2.0
256 silly placeDep ROOT tmp@0.2.5 OK for: nx@22.3.3 want: ~0.2.1
257 silly placeDep ROOT tree-kill@1.2.2 OK for: nx@22.3.3 want: ^1.2.2
258 silly placeDep ROOT tsconfig-paths@4.2.0 OK for: nx@22.3.3 want: ^4.1.2
259 silly placeDep ROOT tslib@2.8.1 OK for: nx@22.3.3 want: ^2.3.0
260 silly placeDep ROOT yaml@2.8.2 OK for: nx@22.3.3 want: ^2.6.0
261 silly placeDep ROOT yargs@17.7.2 OK for: nx@22.3.3 want: ^17.6.2
262 silly placeDep ROOT yargs-parser@21.1.1 OK for: nx@22.3.3 want: 21.1.1
263 silly fetch manifest @emnapi/core@^1.1.0
264 silly packumentCache full:https://registry.npmjs.org/@emnapi%2fcore cache-miss
265 silly fetch manifest @emnapi/runtime@^1.1.0
266 silly packumentCache full:https://registry.npmjs.org/@emnapi%2fruntime cache-miss
267 silly fetch manifest @tybys/wasm-util@^0.9.0
268 silly packumentCache full:https://registry.npmjs.org/@tybys%2fwasm-util cache-miss
269 silly fetch manifest tslib@^2.4.0
270 silly packumentCache full:https://registry.npmjs.org/tslib cache-hit
271 silly fetch manifest js-yaml@^3.10.0
272 silly packumentCache full:https://registry.npmjs.org/js-yaml cache-miss
273 silly fetch manifest argparse@^2.0.1
274 silly packumentCache full:https://registry.npmjs.org/argparse cache-miss
275 silly fetch manifest follow-redirects@^1.15.6
276 silly packumentCache full:https://registry.npmjs.org/follow-redirects cache-miss
277 silly fetch manifest form-data@^4.0.4
278 silly packumentCache full:https://registry.npmjs.org/form-data cache-miss
279 silly fetch manifest proxy-from-env@^1.1.0
280 silly packumentCache full:https://registry.npmjs.org/proxy-from-env cache-miss
281 silly fetch manifest ansi-styles@^4.1.0
282 silly packumentCache full:https://registry.npmjs.org/ansi-styles cache-miss
283 silly fetch manifest supports-color@^7.1.0
284 silly packumentCache full:https://registry.npmjs.org/supports-color cache-miss
285 silly fetch manifest restore-cursor@^3.1.0
286 silly packumentCache full:https://registry.npmjs.org/restore-cursor cache-miss
287 http cache https://registry.npmjs.org/proxy-from-env 5ms (cache hit)
288 silly packumentCache full:https://registry.npmjs.org/proxy-from-env set size:15831 disposed:false
289 silly fetch manifest wrap-ansi@^7.0.0
290 silly packumentCache full:https://registry.npmjs.org/wrap-ansi cache-miss
291 http cache https://registry.npmjs.org/@emnapi%2fcore 7ms (cache hit)
292 silly packumentCache full:https://registry.npmjs.org/@emnapi%2fcore set size:96861 disposed:false
293 silly fetch manifest strip-ansi@^6.0.1
294 silly packumentCache full:https://registry.npmjs.org/strip-ansi cache-miss
295 http cache https://registry.npmjs.org/argparse 8ms (cache hit)
296 silly packumentCache full:https://registry.npmjs.org/argparse set size:49266 disposed:false
297 silly fetch manifest string-width@^4.2.0
298 silly packumentCache full:https://registry.npmjs.org/string-width cache-hit
299 silly fetch manifest ansi-colors@^4.1.1
300 silly packumentCache full:https://registry.npmjs.org/ansi-colors cache-miss
301 http cache https://registry.npmjs.org/@tybys%2fwasm-util 10ms (cache hit)
302 silly packumentCache full:https://registry.npmjs.org/@tybys%2fwasm-util set size:55410 disposed:false
303 silly fetch manifest escape-string-regexp@^1.0.5
304 silly packumentCache full:https://registry.npmjs.org/escape-string-regexp cache-miss
305 http cache https://registry.npmjs.org/@emnapi%2fruntime 14ms (cache hit)
306 silly packumentCache full:https://registry.npmjs.org/@emnapi%2fruntime set size:99452 disposed:false
307 silly fetch manifest js-yaml@^3.13.1
308 silly packumentCache full:https://registry.npmjs.org/js-yaml cache-miss
309 http cache https://registry.npmjs.org/form-data 14ms (cache hit)
310 silly packumentCache full:https://registry.npmjs.org/form-data set size:153646 disposed:false
311 silly fetch manifest @jest/diff-sequences@30.0.1
312 silly packumentCache full:https://registry.npmjs.org/@jest%2fdiff-sequences cache-miss
313 http cache https://registry.npmjs.org/restore-cursor 16ms (cache hit)
314 silly packumentCache full:https://registry.npmjs.org/restore-cursor set size:17895 disposed:false
315 silly fetch manifest @jest/get-type@30.1.0
316 silly packumentCache full:https://registry.npmjs.org/@jest%2fget-type cache-miss
317 http cache https://registry.npmjs.org/ansi-styles 17ms (cache hit)
318 silly packumentCache full:https://registry.npmjs.org/ansi-styles set size:63233 disposed:false
319 silly fetch manifest pretty-format@30.2.0
320 silly packumentCache full:https://registry.npmjs.org/pretty-format cache-miss
321 http cache https://registry.npmjs.org/follow-redirects 18ms (cache hit)
322 silly packumentCache full:https://registry.npmjs.org/follow-redirects set size:186700 disposed:false
323 silly fetch manifest brace-expansion@^2.0.1
324 silly packumentCache full:https://registry.npmjs.org/brace-expansion cache-miss
325 http cache https://registry.npmjs.org/supports-color 18ms (cache hit)
326 silly packumentCache full:https://registry.npmjs.org/supports-color set size:118680 disposed:false
327 silly fetch manifest path-key@^3.0.0
328 silly packumentCache full:https://registry.npmjs.org/path-key cache-miss
329 http cache https://registry.npmjs.org/js-yaml 21ms (cache hit)
330 silly packumentCache full:https://registry.npmjs.org/js-yaml set size:152232 disposed:false
331 silly fetch manifest is-wsl@^2.2.0
332 silly packumentCache full:https://registry.npmjs.org/is-wsl cache-miss
333 http cache https://registry.npmjs.org/wrap-ansi 19ms (cache hit)
334 silly packumentCache full:https://registry.npmjs.org/wrap-ansi set size:51195 disposed:false
335 silly fetch manifest is-docker@^2.1.1
336 silly packumentCache full:https://registry.npmjs.org/is-docker cache-miss
337 http cache https://registry.npmjs.org/js-yaml 13ms (cache hit)
338 silly packumentCache full:https://registry.npmjs.org/js-yaml set size:152232 disposed:false
339 silly packumentCache full:https://registry.npmjs.org/js-yaml dispose
340 silly fetch manifest define-lazy-prop@^2.0.0
341 silly packumentCache full:https://registry.npmjs.org/define-lazy-prop cache-miss
342 http cache https://registry.npmjs.org/strip-ansi 20ms (cache hit)
343 silly packumentCache full:https://registry.npmjs.org/strip-ansi set size:41855 disposed:false
344 silly fetch manifest bl@^4.0.3
345 silly packumentCache full:https://registry.npmjs.org/bl cache-miss
346 http cache https://registry.npmjs.org/ansi-colors 19ms (cache hit)
347 silly packumentCache full:https://registry.npmjs.org/ansi-colors set size:110876 disposed:false
348 silly fetch manifest wcwidth@^1.0.1
349 silly packumentCache full:https://registry.npmjs.org/wcwidth cache-miss
350 http cache https://registry.npmjs.org/escape-string-regexp 19ms (cache hit)
351 silly packumentCache full:https://registry.npmjs.org/escape-string-regexp set size:22244 disposed:false
352 silly fetch manifest strip-ansi@^6.0.0
353 silly packumentCache full:https://registry.npmjs.org/strip-ansi cache-hit
354 silly fetch manifest log-symbols@^4.0.0
355 silly packumentCache full:https://registry.npmjs.org/log-symbols cache-miss
356 http cache https://registry.npmjs.org/@jest%2fget-type 14ms (cache hit)
357 silly packumentCache full:https://registry.npmjs.org/@jest%2fget-type set size:11497 disposed:false
358 silly fetch manifest is-interactive@^1.0.0
359 silly packumentCache full:https://registry.npmjs.org/is-interactive cache-miss
360 http cache https://registry.npmjs.org/@jest%2fdiff-sequences 14ms (cache hit)
361 silly packumentCache full:https://registry.npmjs.org/@jest%2fdiff-sequences set size:14792 disposed:false
362 silly fetch manifest emoji-regex@^8.0.0
363 silly packumentCache full:https://registry.npmjs.org/emoji-regex cache-miss
364 http cache https://registry.npmjs.org/is-wsl 10ms (cache hit)
365 silly packumentCache full:https://registry.npmjs.org/is-wsl set size:18741 disposed:false
366 silly fetch manifest is-fullwidth-code-point@^3.0.0
367 silly packumentCache full:https://registry.npmjs.org/is-fullwidth-code-point cache-miss
368 http cache https://registry.npmjs.org/brace-expansion 13ms (cache hit)
369 silly packumentCache full:https://registry.npmjs.org/brace-expansion set size:46250 disposed:false
370 silly fetch manifest bl@^4.0.3
371 silly packumentCache full:https://registry.npmjs.org/bl cache-miss
372 http cache https://registry.npmjs.org/path-key 13ms (cache hit)
373 silly packumentCache full:https://registry.npmjs.org/path-key set size:16975 disposed:false
374 silly fetch manifest inherits@^2.0.3
375 silly packumentCache full:https://registry.npmjs.org/inherits cache-miss
376 http cache https://registry.npmjs.org/pretty-format 15ms (cache hit)
377 silly packumentCache full:https://registry.npmjs.org/pretty-format set size:591748 disposed:false
378 silly fetch manifest fs-constants@^1.0.0
379 silly packumentCache full:https://registry.npmjs.org/fs-constants cache-miss
380 http cache https://registry.npmjs.org/is-docker 10ms (cache hit)
381 silly packumentCache full:https://registry.npmjs.org/is-docker set size:23690 disposed:false
382 silly fetch manifest end-of-stream@^1.4.1
383 silly packumentCache full:https://registry.npmjs.org/end-of-stream cache-miss
384 http cache https://registry.npmjs.org/define-lazy-prop 10ms (cache hit)
385 silly packumentCache full:https://registry.npmjs.org/define-lazy-prop set size:9337 disposed:false
386 silly fetch manifest readable-stream@^3.1.1
387 silly packumentCache full:https://registry.npmjs.org/readable-stream cache-miss
388 http cache https://registry.npmjs.org/log-symbols 8ms (cache hit)
389 silly packumentCache full:https://registry.npmjs.org/log-symbols set size:31977 disposed:false
390 silly fetch manifest json5@^2.2.2
391 silly packumentCache full:https://registry.npmjs.org/json5 cache-miss
392 http cache https://registry.npmjs.org/bl 10ms (cache hit)
393 silly packumentCache full:https://registry.npmjs.org/bl set size:188910 disposed:false
394 silly fetch manifest minimist@^1.2.6
395 silly packumentCache full:https://registry.npmjs.org/minimist cache-miss
396 http cache https://registry.npmjs.org/wcwidth 10ms (cache hit)
397 silly packumentCache full:https://registry.npmjs.org/wcwidth set size:5904 disposed:false
398 silly fetch manifest strip-bom@^3.0.0
399 silly packumentCache full:https://registry.npmjs.org/strip-bom cache-miss
400 http cache https://registry.npmjs.org/is-fullwidth-code-point 8ms (cache hit)
401 silly packumentCache full:https://registry.npmjs.org/is-fullwidth-code-point set size:14578 disposed:false
402 silly fetch manifest y18n@^5.0.5
403 silly packumentCache full:https://registry.npmjs.org/y18n cache-miss
404 http cache https://registry.npmjs.org/emoji-regex 10ms (cache hit)
405 silly packumentCache full:https://registry.npmjs.org/emoji-regex set size:89088 disposed:false
406 silly fetch manifest escalade@^3.1.1
407 silly packumentCache full:https://registry.npmjs.org/escalade cache-miss
408 http cache https://registry.npmjs.org/is-interactive 10ms (cache hit)
409 silly packumentCache full:https://registry.npmjs.org/is-interactive set size:10692 disposed:false
410 silly fetch manifest yargs-parser@^21.1.1
411 silly packumentCache full:https://registry.npmjs.org/yargs-parser cache-hit
412 silly fetch manifest get-caller-file@^2.0.5
413 silly packumentCache full:https://registry.npmjs.org/get-caller-file cache-miss
414 http cache https://registry.npmjs.org/bl 9ms (cache hit)
415 silly packumentCache full:https://registry.npmjs.org/bl set size:188910 disposed:false
416 silly packumentCache full:https://registry.npmjs.org/bl dispose
417 silly fetch manifest require-directory@^2.1.1
418 silly packumentCache full:https://registry.npmjs.org/require-directory cache-miss
419 http cache https://registry.npmjs.org/fs-constants 9ms (cache hit)
420 silly packumentCache full:https://registry.npmjs.org/fs-constants set size:3522 disposed:false
421 http cache https://registry.npmjs.org/inherits 11ms (cache hit)
422 silly packumentCache full:https://registry.npmjs.org/inherits set size:12925 disposed:false
423 http cache https://registry.npmjs.org/end-of-stream 9ms (cache hit)
424 silly packumentCache full:https://registry.npmjs.org/end-of-stream set size:27842 disposed:false
425 http cache https://registry.npmjs.org/json5 8ms (cache hit)
426 silly packumentCache full:https://registry.npmjs.org/json5 set size:86136 disposed:false
427 http cache https://registry.npmjs.org/minimist 7ms (cache hit)
428 silly packumentCache full:https://registry.npmjs.org/minimist set size:77082 disposed:false
429 http cache https://registry.npmjs.org/strip-bom 8ms (cache hit)
430 silly packumentCache full:https://registry.npmjs.org/strip-bom set size:19359 disposed:false
431 http cache https://registry.npmjs.org/readable-stream 11ms (cache hit)
432 silly packumentCache full:https://registry.npmjs.org/readable-stream set size:261096 disposed:false
433 http cache https://registry.npmjs.org/y18n 9ms (cache hit)
434 silly packumentCache full:https://registry.npmjs.org/y18n set size:76155 disposed:false
435 http cache https://registry.npmjs.org/escalade 9ms (cache hit)
436 silly packumentCache full:https://registry.npmjs.org/escalade set size:33724 disposed:false
437 http cache https://registry.npmjs.org/get-caller-file 9ms (cache hit)
438 silly packumentCache full:https://registry.npmjs.org/get-caller-file set size:26456 disposed:false
439 http cache https://registry.npmjs.org/require-directory 8ms (cache hit)
440 silly packumentCache full:https://registry.npmjs.org/require-directory set size:26866 disposed:false
441 silly placeDep ROOT @emnapi/core@1.8.1 OK for: @napi-rs/wasm-runtime@0.2.4 want: ^1.1.0
442 silly placeDep ROOT @emnapi/runtime@1.8.1 OK for: @napi-rs/wasm-runtime@0.2.4 want: ^1.1.0
443 silly placeDep ROOT @tybys/wasm-util@0.9.0 OK for: @napi-rs/wasm-runtime@0.2.4 want: ^0.9.0
444 silly fetch manifest @emnapi/wasi-threads@1.1.0
445 silly packumentCache full:https://registry.npmjs.org/@emnapi%2fwasi-threads cache-miss
446 http cache https://registry.npmjs.org/@emnapi%2fwasi-threads 1ms (cache hit)
447 silly packumentCache full:https://registry.npmjs.org/@emnapi%2fwasi-threads set size:19454 disposed:false
448 silly placeDep ROOT @emnapi/wasi-threads@1.1.0 OK for: @emnapi/core@1.8.1 want: 1.1.0
449 silly placeDep ROOT js-yaml@3.14.2 OK for: @yarnpkg/parsers@3.0.2 want: ^3.10.0
450 silly fetch manifest esprima@^4.0.0
451 silly packumentCache full:https://registry.npmjs.org/esprima cache-miss
452 silly fetch manifest argparse@^1.0.7
453 silly packumentCache full:https://registry.npmjs.org/argparse cache-hit
454 http cache https://registry.npmjs.org/esprima 1ms (cache hit)
455 silly packumentCache full:https://registry.npmjs.org/esprima set size:118410 disposed:false
456 silly placeDep ROOT argparse@2.0.1 OK for: @zkochan/js-yaml@0.0.7 want: ^2.0.1
457 silly placeDep ROOT follow-redirects@1.15.11 OK for: axios@1.13.2 want: ^1.15.6
458 silly placeDep ROOT form-data@4.0.5 OK for: axios@1.13.2 want: ^4.0.4
459 silly placeDep ROOT proxy-from-env@1.1.0 OK for: axios@1.13.2 want: ^1.1.0
460 silly fetch manifest asynckit@^0.4.0
461 silly packumentCache full:https://registry.npmjs.org/asynckit cache-miss
462 silly fetch manifest combined-stream@^1.0.8
463 silly packumentCache full:https://registry.npmjs.org/combined-stream cache-miss
464 silly fetch manifest es-set-tostringtag@^2.1.0
465 silly packumentCache full:https://registry.npmjs.org/es-set-tostringtag cache-miss
466 silly fetch manifest hasown@^2.0.2
467 silly packumentCache full:https://registry.npmjs.org/hasown cache-miss
468 silly fetch manifest mime-types@^2.1.12
469 silly packumentCache full:https://registry.npmjs.org/mime-types cache-miss
470 http cache https://registry.npmjs.org/es-set-tostringtag 2ms (cache hit)
471 silly packumentCache full:https://registry.npmjs.org/es-set-tostringtag set size:22094 disposed:false
472 http cache https://registry.npmjs.org/asynckit 2ms (cache hit)
473 silly packumentCache full:https://registry.npmjs.org/asynckit set size:18932 disposed:false
474 http cache https://registry.npmjs.org/combined-stream 3ms (cache hit)
475 silly packumentCache full:https://registry.npmjs.org/combined-stream set size:40337 disposed:false
476 http cache https://registry.npmjs.org/hasown 3ms (cache hit)
477 silly packumentCache full:https://registry.npmjs.org/hasown set size:12476 disposed:false
478 http cache https://registry.npmjs.org/mime-types 3ms (cache hit)
479 silly packumentCache full:https://registry.npmjs.org/mime-types set size:139110 disposed:false
480 silly placeDep ROOT ansi-styles@4.3.0 OK for: chalk@4.1.2 want: ^4.1.0
481 silly placeDep ROOT supports-color@7.2.0 OK for: chalk@4.1.2 want: ^7.1.0
482 silly fetch manifest color-convert@^2.0.1
483 silly packumentCache full:https://registry.npmjs.org/color-convert cache-miss
484 silly fetch manifest has-flag@^4.0.0
485 silly packumentCache full:https://registry.npmjs.org/has-flag cache-miss
486 http cache https://registry.npmjs.org/has-flag 1ms (cache hit)
487 silly packumentCache full:https://registry.npmjs.org/has-flag set size:15180 disposed:false
488 http cache https://registry.npmjs.org/color-convert 2ms (cache hit)
489 silly packumentCache full:https://registry.npmjs.org/color-convert set size:72663 disposed:false
490 silly placeDep ROOT color-convert@2.0.1 OK for: ansi-styles@4.3.0 want: ^2.0.1
491 silly fetch manifest color-name@~1.1.4
492 silly packumentCache full:https://registry.npmjs.org/color-name cache-miss
493 http cache https://registry.npmjs.org/color-name 1ms (cache hit)
494 silly packumentCache full:https://registry.npmjs.org/color-name set size:19467 disposed:false
495 silly placeDep ROOT restore-cursor@3.1.0 OK for: cli-cursor@3.1.0 want: ^3.1.0
496 silly fetch manifest onetime@^5.1.0
497 silly packumentCache full:https://registry.npmjs.org/onetime cache-miss
498 silly fetch manifest signal-exit@^3.0.2
499 silly packumentCache full:https://registry.npmjs.org/signal-exit cache-miss
500 http cache https://registry.npmjs.org/onetime 2ms (cache hit)
501 silly packumentCache full:https://registry.npmjs.org/onetime set size:30525 disposed:false
502 http cache https://registry.npmjs.org/signal-exit 3ms (cache hit)
503 silly packumentCache full:https://registry.npmjs.org/signal-exit set size:53489 disposed:false
504 silly placeDep ROOT strip-ansi@6.0.1 OK for: cliui@8.0.1 want: ^6.0.1
505 silly placeDep ROOT wrap-ansi@7.0.0 OK for: cliui@8.0.1 want: ^7.0.0
506 silly fetch manifest ansi-regex@^5.0.1
507 silly packumentCache full:https://registry.npmjs.org/ansi-regex cache-miss
508 http cache https://registry.npmjs.org/ansi-regex 1ms (cache hit)
509 silly packumentCache full:https://registry.npmjs.org/ansi-regex set size:43572 disposed:false
510 silly placeDep ROOT color-name@1.1.4 OK for: color-convert@2.0.1 want: ~1.1.4
511 silly placeDep ROOT ansi-colors@4.1.3 OK for: enquirer@2.3.6 want: ^4.1.1
512 silly placeDep ROOT escape-string-regexp@1.0.5 OK for: figures@3.2.0 want: ^1.0.5
513 silly placeDep ROOT asynckit@0.4.0 OK for: form-data@4.0.5 want: ^0.4.0
514 silly placeDep ROOT combined-stream@1.0.8 OK for: form-data@4.0.5 want: ^1.0.8
515 silly placeDep ROOT es-set-tostringtag@2.1.0 OK for: form-data@4.0.5 want: ^2.1.0
516 silly placeDep ROOT hasown@2.0.2 OK for: form-data@4.0.5 want: ^2.0.2
517 silly placeDep ROOT mime-types@2.1.35 OK for: form-data@4.0.5 want: ^2.1.12
518 silly fetch manifest delayed-stream@~1.0.0
519 silly packumentCache full:https://registry.npmjs.org/delayed-stream cache-miss
520 silly fetch manifest es-errors@^1.3.0
521 silly packumentCache full:https://registry.npmjs.org/es-errors cache-miss
522 silly fetch manifest get-intrinsic@^1.2.6
523 silly packumentCache full:https://registry.npmjs.org/get-intrinsic cache-miss
524 silly fetch manifest has-tostringtag@^1.0.2
525 silly packumentCache full:https://registry.npmjs.org/has-tostringtag cache-miss
526 silly fetch manifest function-bind@^1.1.2
527 silly packumentCache full:https://registry.npmjs.org/function-bind cache-miss
528 silly fetch manifest mime-db@1.52.0
529 silly packumentCache full:https://registry.npmjs.org/mime-db cache-miss
530 http cache https://registry.npmjs.org/get-intrinsic 3ms (cache hit)
531 silly packumentCache full:https://registry.npmjs.org/get-intrinsic set size:60985 disposed:false
532 http cache https://registry.npmjs.org/delayed-stream 4ms (cache hit)
533 silly packumentCache full:https://registry.npmjs.org/delayed-stream set size:15820 disposed:false
534 http cache https://registry.npmjs.org/function-bind 3ms (cache hit)
535 silly packumentCache full:https://registry.npmjs.org/function-bind set size:15733 disposed:false
536 http cache https://registry.npmjs.org/es-errors 4ms (cache hit)
537 silly packumentCache full:https://registry.npmjs.org/es-errors set size:16918 disposed:false
538 http cache https://registry.npmjs.org/mime-db 4ms (cache hit)
539 silly packumentCache full:https://registry.npmjs.org/mime-db set size:164953 disposed:false
540 http cache https://registry.npmjs.org/has-tostringtag 5ms (cache hit)
541 silly packumentCache full:https://registry.npmjs.org/has-tostringtag set size:13945 disposed:false
542 silly placeDep ROOT delayed-stream@1.0.0 OK for: combined-stream@1.0.8 want: ~1.0.0
543 silly placeDep ROOT es-errors@1.3.0 OK for: es-set-tostringtag@2.1.0 want: ^1.3.0
544 silly placeDep ROOT get-intrinsic@1.3.0 OK for: es-set-tostringtag@2.1.0 want: ^1.2.6
545 silly placeDep ROOT has-tostringtag@1.0.2 OK for: es-set-tostringtag@2.1.0 want: ^1.0.2
546 silly fetch manifest gopd@^1.2.0
547 silly packumentCache full:https://registry.npmjs.org/gopd cache-miss
548 silly fetch manifest get-proto@^1.0.1
549 silly packumentCache full:https://registry.npmjs.org/get-proto cache-miss
550 silly fetch manifest has-symbols@^1.1.0
551 silly packumentCache full:https://registry.npmjs.org/has-symbols cache-miss
552 silly fetch manifest es-object-atoms@^1.1.1
553 silly packumentCache full:https://registry.npmjs.org/es-object-atoms cache-miss
554 silly fetch manifest math-intrinsics@^1.1.0
555 silly packumentCache full:https://registry.npmjs.org/math-intrinsics cache-miss
556 silly fetch manifest es-define-property@^1.0.1
557 silly packumentCache full:https://registry.npmjs.org/es-define-property cache-miss
558 silly fetch manifest call-bind-apply-helpers@^1.0.2
559 silly packumentCache full:https://registry.npmjs.org/call-bind-apply-helpers cache-miss
560 silly fetch manifest has-symbols@^1.0.3
561 silly packumentCache full:https://registry.npmjs.org/has-symbols cache-miss
562 http cache https://registry.npmjs.org/gopd 3ms (cache hit)
563 silly packumentCache full:https://registry.npmjs.org/gopd set size:11458 disposed:false
564 http cache https://registry.npmjs.org/has-symbols 4ms (cache hit)
565 silly packumentCache full:https://registry.npmjs.org/has-symbols set size:21550 disposed:false
566 http cache https://registry.npmjs.org/es-object-atoms 4ms (cache hit)
567 silly packumentCache full:https://registry.npmjs.org/es-object-atoms set size:15304 disposed:false
568 http cache https://registry.npmjs.org/es-define-property 5ms (cache hit)
569 silly packumentCache full:https://registry.npmjs.org/es-define-property set size:8542 disposed:false
570 http cache https://registry.npmjs.org/get-proto 5ms (cache hit)
571 silly packumentCache full:https://registry.npmjs.org/get-proto set size:8300 disposed:false
572 http cache https://registry.npmjs.org/call-bind-apply-helpers 5ms (cache hit)
573 silly packumentCache full:https://registry.npmjs.org/call-bind-apply-helpers set size:12744 disposed:false
574 http cache https://registry.npmjs.org/has-symbols 5ms (cache hit)
575 silly packumentCache full:https://registry.npmjs.org/has-symbols set size:21550 disposed:false
576 silly packumentCache full:https://registry.npmjs.org/has-symbols dispose
577 http cache https://registry.npmjs.org/math-intrinsics 5ms (cache hit)
578 silly packumentCache full:https://registry.npmjs.org/math-intrinsics set size:9265 disposed:false
579 silly placeDep ROOT call-bind-apply-helpers@1.0.2 OK for: get-intrinsic@1.3.0 want: ^1.0.2
580 silly placeDep ROOT es-define-property@1.0.1 OK for: get-intrinsic@1.3.0 want: ^1.0.1
581 silly placeDep ROOT es-object-atoms@1.1.1 OK for: get-intrinsic@1.3.0 want: ^1.1.1
582 silly placeDep ROOT function-bind@1.1.2 OK for: get-intrinsic@1.3.0 want: ^1.1.2
583 silly placeDep ROOT get-proto@1.0.1 OK for: get-intrinsic@1.3.0 want: ^1.0.1
584 silly placeDep ROOT gopd@1.2.0 OK for: get-intrinsic@1.3.0 want: ^1.2.0
585 silly placeDep ROOT has-symbols@1.1.0 OK for: get-intrinsic@1.3.0 want: ^1.1.0
586 silly placeDep ROOT math-intrinsics@1.1.0 OK for: get-intrinsic@1.3.0 want: ^1.1.0
587 silly fetch manifest dunder-proto@^1.0.1
588 silly packumentCache full:https://registry.npmjs.org/dunder-proto cache-miss
589 http cache https://registry.npmjs.org/dunder-proto 1ms (cache hit)
590 silly packumentCache full:https://registry.npmjs.org/dunder-proto set size:8256 disposed:false
591 silly placeDep ROOT dunder-proto@1.0.1 OK for: get-proto@1.0.1 want: ^1.0.1
592 silly placeDep ROOT @jest/diff-sequences@30.0.1 OK for: jest-diff@30.2.0 want: 30.0.1
593 silly placeDep ROOT @jest/get-type@30.1.0 OK for: jest-diff@30.2.0 want: 30.1.0
594 silly placeDep ROOT pretty-format@30.2.0 OK for: jest-diff@30.2.0 want: 30.2.0
595 silly fetch manifest @jest/schemas@30.0.5
596 silly packumentCache full:https://registry.npmjs.org/@jest%2fschemas cache-miss
597 silly fetch manifest ansi-styles@^5.2.0
598 silly packumentCache full:https://registry.npmjs.org/ansi-styles cache-hit
599 silly fetch manifest react-is@^18.3.1
600 silly packumentCache full:https://registry.npmjs.org/react-is cache-miss
601 http cache https://registry.npmjs.org/@jest%2fschemas 2ms (cache hit)
602 silly packumentCache full:https://registry.npmjs.org/@jest%2fschemas set size:68580 disposed:false
603 http cache https://registry.npmjs.org/react-is 7ms (cache hit)
604 silly packumentCache full:https://registry.npmjs.org/react-is set size:5156420 disposed:false
605 silly placeDep node_modules/js-yaml argparse@1.0.10 OK for: js-yaml@3.14.2 want: ^1.0.7
606 silly placeDep ROOT esprima@4.0.1 OK for: js-yaml@3.14.2 want: ^4.0.0
607 silly fetch manifest sprintf-js@~1.0.2
608 silly packumentCache full:https://registry.npmjs.org/sprintf-js cache-miss
609 http cache https://registry.npmjs.org/sprintf-js 5ms (cache hit)
610 silly packumentCache full:https://registry.npmjs.org/sprintf-js set size:20495 disposed:false
611 silly placeDep ROOT mime-db@1.52.0 OK for: mime-types@2.1.35 want: 1.52.0
612 silly placeDep ROOT brace-expansion@2.0.2 OK for: minimatch@9.0.3 want: ^2.0.1
613 silly fetch manifest balanced-match@^1.0.0
614 silly packumentCache full:https://registry.npmjs.org/balanced-match cache-miss
615 http cache https://registry.npmjs.org/balanced-match 1ms (cache hit)
616 silly packumentCache full:https://registry.npmjs.org/balanced-match set size:33860 disposed:false
617 silly placeDep ROOT balanced-match@1.0.2 OK for: brace-expansion@2.0.2 want: ^1.0.0
618 silly placeDep ROOT path-key@3.1.1 OK for: npm-run-path@4.0.1 want: ^3.0.0
619 silly placeDep ROOT define-lazy-prop@2.0.0 OK for: open@8.4.2 want: ^2.0.0
620 silly placeDep ROOT is-docker@2.2.1 OK for: open@8.4.2 want: ^2.1.1
621 silly placeDep ROOT is-wsl@2.2.0 OK for: open@8.4.2 want: ^2.2.0
622 silly placeDep ROOT bl@4.1.0 OK for: ora@5.3.0 want: ^4.0.3
623 silly placeDep ROOT is-interactive@1.0.0 OK for: ora@5.3.0 want: ^1.0.0
624 silly placeDep ROOT log-symbols@4.1.0 OK for: ora@5.3.0 want: ^4.0.0
625 silly placeDep ROOT wcwidth@1.0.1 OK for: ora@5.3.0 want: ^1.0.1
626 silly fetch manifest buffer@^5.5.0
627 silly packumentCache full:https://registry.npmjs.org/buffer cache-miss
628 silly fetch manifest inherits@^2.0.4
629 silly packumentCache full:https://registry.npmjs.org/inherits cache-hit
630 silly fetch manifest readable-stream@^3.4.0
631 silly packumentCache full:https://registry.npmjs.org/readable-stream cache-hit
632 silly fetch manifest is-unicode-supported@^0.1.0
633 silly packumentCache full:https://registry.npmjs.org/is-unicode-supported cache-miss
634 silly fetch manifest defaults@^1.0.3
635 silly packumentCache full:https://registry.npmjs.org/defaults cache-miss
636 http cache https://registry.npmjs.org/is-unicode-supported 2ms (cache hit)
637 silly packumentCache full:https://registry.npmjs.org/is-unicode-supported set size:19461 disposed:false
638 http cache https://registry.npmjs.org/buffer 3ms (cache hit)
639 silly packumentCache full:https://registry.npmjs.org/buffer set size:280480 disposed:false
640 http cache https://registry.npmjs.org/defaults 4ms (cache hit)
641 silly packumentCache full:https://registry.npmjs.org/defaults set size:18134 disposed:false
642 silly placeDep ROOT buffer@5.7.1 OK for: bl@4.1.0 want: ^5.5.0
643 silly placeDep ROOT inherits@2.0.4 OK for: bl@4.1.0 want: ^2.0.4
644 silly placeDep ROOT readable-stream@3.6.2 OK for: bl@4.1.0 want: ^3.4.0
645 silly fetch manifest base64-js@^1.3.1
646 silly packumentCache full:https://registry.npmjs.org/base64-js cache-miss
647 silly fetch manifest ieee754@^1.1.13
648 silly packumentCache full:https://registry.npmjs.org/ieee754 cache-miss
649 silly fetch manifest string_decoder@^1.1.1
650 silly packumentCache full:https://registry.npmjs.org/string_decoder cache-miss
651 silly fetch manifest util-deprecate@^1.0.1
652 silly packumentCache full:https://registry.npmjs.org/util-deprecate cache-miss
653 http cache https://registry.npmjs.org/util-deprecate 1ms (cache hit)
654 silly packumentCache full:https://registry.npmjs.org/util-deprecate set size:6674 disposed:false
655 http cache https://registry.npmjs.org/string_decoder 3ms (cache hit)
656 silly packumentCache full:https://registry.npmjs.org/string_decoder set size:28441 disposed:false
657 http cache https://registry.npmjs.org/base64-js 3ms (cache hit)
658 silly packumentCache full:https://registry.npmjs.org/base64-js set size:41270 disposed:false
659 http cache https://registry.npmjs.org/ieee754 3ms (cache hit)
660 silly packumentCache full:https://registry.npmjs.org/ieee754 set size:34910 disposed:false
661 silly placeDep ROOT base64-js@1.5.1 OK for: buffer@5.7.1 want: ^1.3.1
662 silly placeDep ROOT ieee754@1.2.1 OK for: buffer@5.7.1 want: ^1.1.13
663 silly placeDep ROOT is-unicode-supported@0.1.0 OK for: log-symbols@4.1.0 want: ^0.1.0
664 silly placeDep ROOT @jest/schemas@30.0.5 OK for: pretty-format@30.2.0 want: 30.0.5
665 silly placeDep node_modules/pretty-format ansi-styles@5.2.0 OK for: pretty-format@30.2.0 want: ^5.2.0
666 silly placeDep ROOT react-is@18.3.1 OK for: pretty-format@30.2.0 want: ^18.3.1
667 silly fetch manifest @sinclair/typebox@^0.34.0
668 silly packumentCache full:https://registry.npmjs.org/@sinclair%2ftypebox cache-miss
669 http cache https://registry.npmjs.org/@sinclair%2ftypebox 2ms (cache hit)
670 silly packumentCache full:https://registry.npmjs.org/@sinclair%2ftypebox set size:1213045 disposed:false
671 silly placeDep ROOT @sinclair/typebox@0.34.46 OK for: @jest/schemas@30.0.5 want: ^0.34.0
672 silly placeDep ROOT string_decoder@1.3.0 OK for: readable-stream@3.6.2 want: ^1.1.1
673 silly placeDep ROOT util-deprecate@1.0.2 OK for: readable-stream@3.6.2 want: ^1.0.1
674 silly fetch manifest safe-buffer@~5.2.0
675 silly packumentCache full:https://registry.npmjs.org/safe-buffer cache-miss
676 http cache https://registry.npmjs.org/safe-buffer 1ms (cache hit)
677 silly packumentCache full:https://registry.npmjs.org/safe-buffer set size:41183 disposed:false
678 silly placeDep ROOT onetime@5.1.2 OK for: restore-cursor@3.1.0 want: ^5.1.0
679 silly placeDep ROOT signal-exit@3.0.7 OK for: restore-cursor@3.1.0 want: ^3.0.2
680 silly fetch manifest mimic-fn@^2.1.0
681 silly packumentCache full:https://registry.npmjs.org/mimic-fn cache-miss
682 http cache https://registry.npmjs.org/mimic-fn 1ms (cache hit)
683 silly packumentCache full:https://registry.npmjs.org/mimic-fn set size:22257 disposed:false
684 silly placeDep ROOT mimic-fn@2.1.0 OK for: onetime@5.1.2 want: ^2.1.0
685 silly placeDep ROOT safe-buffer@5.2.1 OK for: string_decoder@1.3.0 want: ~5.2.0
686 silly placeDep ROOT emoji-regex@8.0.0 OK for: string-width@4.2.3 want: ^8.0.0
687 silly placeDep ROOT is-fullwidth-code-point@3.0.0 OK for: string-width@4.2.3 want: ^3.0.0
688 silly placeDep ROOT ansi-regex@5.0.1 OK for: strip-ansi@6.0.1 want: ^5.0.1
689 silly placeDep ROOT has-flag@4.0.0 OK for: supports-color@7.2.0 want: ^4.0.0
690 silly placeDep ROOT end-of-stream@1.4.5 OK for: tar-stream@2.2.0 want: ^1.4.1
691 silly placeDep ROOT fs-constants@1.0.0 OK for: tar-stream@2.2.0 want: ^1.0.0
692 silly fetch manifest once@^1.4.0
693 silly packumentCache full:https://registry.npmjs.org/once cache-miss
694 http cache https://registry.npmjs.org/once 1ms (cache hit)
695 silly packumentCache full:https://registry.npmjs.org/once set size:11768 disposed:false
696 silly placeDep ROOT once@1.4.0 OK for: end-of-stream@1.4.5 want: ^1.4.0
697 silly fetch manifest wrappy@1
698 silly packumentCache full:https://registry.npmjs.org/wrappy cache-miss
699 http cache https://registry.npmjs.org/wrappy 2ms (cache hit)
700 silly packumentCache full:https://registry.npmjs.org/wrappy set size:7682 disposed:false
701 silly placeDep ROOT wrappy@1.0.2 OK for: once@1.4.0 want: 1
702 silly placeDep ROOT json5@2.2.3 OK for: tsconfig-paths@4.2.0 want: ^2.2.2
703 silly placeDep ROOT minimist@1.2.8 OK for: tsconfig-paths@4.2.0 want: ^1.2.6
704 silly placeDep ROOT strip-bom@3.0.0 OK for: tsconfig-paths@4.2.0 want: ^3.0.0
705 silly placeDep ROOT defaults@1.0.4 OK for: wcwidth@1.0.1 want: ^1.0.3
706 silly fetch manifest clone@^1.0.2
707 silly packumentCache full:https://registry.npmjs.org/clone cache-miss
708 http cache https://registry.npmjs.org/clone 1ms (cache hit)
709 silly packumentCache full:https://registry.npmjs.org/clone set size:82973 disposed:false
710 silly placeDep ROOT clone@1.0.4 OK for: defaults@1.0.4 want: ^1.0.2
711 silly placeDep ROOT escalade@3.2.0 OK for: yargs@17.7.2 want: ^3.1.1
712 silly placeDep ROOT get-caller-file@2.0.5 OK for: yargs@17.7.2 want: ^2.0.5
713 silly placeDep ROOT require-directory@2.1.1 OK for: yargs@17.7.2 want: ^2.1.1
714 silly placeDep ROOT y18n@5.0.8 OK for: yargs@17.7.2 want: ^5.0.5
715 silly placeDep ROOT sprintf-js@1.0.3 OK for: argparse@1.0.10 want: ~1.0.2
716 silly reify moves {}
717 silly audit bulk request {
717 silly audit   nx: [ '22.3.3' ],
717 silly audit   '@napi-rs/wasm-runtime': [ '0.2.4' ],
717 silly audit   '@nx/nx-darwin-arm64': [ '22.3.3' ],
717 silly audit   '@nx/nx-darwin-x64': [ '22.3.3' ],
717 silly audit   '@nx/nx-freebsd-x64': [ '22.3.3' ],
717 silly audit   '@nx/nx-linux-arm-gnueabihf': [ '22.3.3' ],
717 silly audit   '@nx/nx-linux-arm64-gnu': [ '22.3.3' ],
717 silly audit   '@nx/nx-linux-arm64-musl': [ '22.3.3' ],
717 silly audit   '@nx/nx-linux-x64-gnu': [ '22.3.3' ],
717 silly audit   '@nx/nx-linux-x64-musl': [ '22.3.3' ],
717 silly audit   '@nx/nx-win32-arm64-msvc': [ '22.3.3' ],
717 silly audit   '@nx/nx-win32-x64-msvc': [ '22.3.3' ],
717 silly audit   '@yarnpkg/lockfile': [ '1.1.0' ],
717 silly audit   '@yarnpkg/parsers': [ '3.0.2' ],
717 silly audit   '@zkochan/js-yaml': [ '0.0.7' ],
717 silly audit   axios: [ '1.13.2' ],
717 silly audit   chalk: [ '4.1.2' ],
717 silly audit   'cli-cursor': [ '3.1.0' ],
717 silly audit   'cli-spinners': [ '2.6.1' ],
717 silly audit   cliui: [ '8.0.1' ],
717 silly audit   dotenv: [ '16.4.7' ],
717 silly audit   'dotenv-expand': [ '11.0.7' ],
717 silly audit   enquirer: [ '2.3.6' ],
717 silly audit   figures: [ '3.2.0' ],
717 silly audit   flat: [ '5.0.2' ],
717 silly audit   'front-matter': [ '4.0.2' ],
717 silly audit   ignore: [ '7.0.5' ],
717 silly audit   'jest-diff': [ '30.2.0' ],
717 silly audit   'jsonc-parser': [ '3.2.0' ],
717 silly audit   'lines-and-columns': [ '2.0.3' ],
717 silly audit   minimatch: [ '9.0.3' ],
717 silly audit   'node-machine-id': [ '1.1.12' ],
717 silly audit   'npm-run-path': [ '4.0.1' ],
717 silly audit   open: [ '8.4.2' ],
717 silly audit   ora: [ '5.3.0' ],
717 silly audit   'resolve.exports': [ '2.0.3' ],
717 silly audit   semver: [ '7.7.3' ],
717 silly audit   'string-width': [ '4.2.3' ],
717 silly audit   'tar-stream': [ '2.2.0' ],
717 silly audit   tmp: [ '0.2.5' ],
717 silly audit   'tree-kill': [ '1.2.2' ],
717 silly audit   'tsconfig-paths': [ '4.2.0' ],
717 silly audit   tslib: [ '2.8.1' ],
717 silly audit   yaml: [ '2.8.2' ],
717 silly audit   yargs: [ '17.7.2' ],
717 silly audit   'yargs-parser': [ '21.1.1' ],
717 silly audit   '@emnapi/core': [ '1.8.1' ],
717 silly audit   '@emnapi/runtime': [ '1.8.1' ],
717 silly audit   '@tybys/wasm-util': [ '0.9.0' ],
717 silly audit   '@emnapi/wasi-threads': [ '1.1.0' ],
717 silly audit   'js-yaml': [ '3.14.2' ],
717 silly audit   argparse: [ '2.0.1', '1.0.10' ],
717 silly audit   'follow-redirects': [ '1.15.11' ],
717 silly audit   'form-data': [ '4.0.5' ],
717 silly audit   'proxy-from-env': [ '1.1.0' ],
717 silly audit   'ansi-styles': [ '4.3.0', '5.2.0' ],
717 silly audit   'supports-color': [ '7.2.0' ],
717 silly audit   'color-convert': [ '2.0.1' ],
717 silly audit   'restore-cursor': [ '3.1.0' ],
717 silly audit   'strip-ansi': [ '6.0.1' ],
717 silly audit   'wrap-ansi': [ '7.0.0' ],
717 silly audit   'color-name': [ '1.1.4' ],
717 silly audit   'ansi-colors': [ '4.1.3' ],
717 silly audit   'escape-string-regexp': [ '1.0.5' ],
717 silly audit   asynckit: [ '0.4.0' ],
717 silly audit   'combined-stream': [ '1.0.8' ],
717 silly audit   'es-set-tostringtag': [ '2.1.0' ],
717 silly audit   hasown: [ '2.0.2' ],
717 silly audit   'mime-types': [ '2.1.35' ],
717 silly audit   'delayed-stream': [ '1.0.0' ],
717 silly audit   'es-errors': [ '1.3.0' ],
717 silly audit   'get-intrinsic': [ '1.3.0' ],
717 silly audit   'has-tostringtag': [ '1.0.2' ],
717 silly audit   'call-bind-apply-helpers': [ '1.0.2' ],
717 silly audit   'es-define-property': [ '1.0.1' ],
717 silly audit   'es-object-atoms': [ '1.1.1' ],
717 silly audit   'function-bind': [ '1.1.2' ],
717 silly audit   'get-proto': [ '1.0.1' ],
717 silly audit   gopd: [ '1.2.0' ],
717 silly audit   'has-symbols': [ '1.1.0' ],
717 silly audit   'math-intrinsics': [ '1.1.0' ],
717 silly audit   'dunder-proto': [ '1.0.1' ],
717 silly audit   '@jest/diff-sequences': [ '30.0.1' ],
717 silly audit   '@jest/get-type': [ '30.1.0' ],
717 silly audit   'pretty-format': [ '30.2.0' ],
717 silly audit   esprima: [ '4.0.1' ],
717 silly audit   'mime-db': [ '1.52.0' ],
717 silly audit   'brace-expansion': [ '2.0.2' ],
717 silly audit   'balanced-match': [ '1.0.2' ],
717 silly audit   'path-key': [ '3.1.1' ],
717 silly audit   'define-lazy-prop': [ '2.0.0' ],
717 silly audit   'is-docker': [ '2.2.1' ],
717 silly audit   'is-wsl': [ '2.2.0' ],
717 silly audit   bl: [ '4.1.0' ],
717 silly audit   'is-interactive': [ '1.0.0' ],
717 silly audit   'log-symbols': [ '4.1.0' ],
717 silly audit   wcwidth: [ '1.0.1' ],
717 silly audit   buffer: [ '5.7.1' ],
717 silly audit   inherits: [ '2.0.4' ],
717 silly audit   'readable-stream': [ '3.6.2' ],
717 silly audit   'base64-js': [ '1.5.1' ],
717 silly audit   ieee754: [ '1.2.1' ],
717 silly audit   'is-unicode-supported': [ '0.1.0' ],
717 silly audit   '@jest/schemas': [ '30.0.5' ],
717 silly audit   'react-is': [ '18.3.1' ],
717 silly audit   '@sinclair/typebox': [ '0.34.46' ],
717 silly audit   string_decoder: [ '1.3.0' ],
717 silly audit   'util-deprecate': [ '1.0.2' ],
717 silly audit   onetime: [ '5.1.2' ],
717 silly audit   'signal-exit': [ '3.0.7' ],
717 silly audit   'mimic-fn': [ '2.1.0' ],
717 silly audit   'safe-buffer': [ '5.2.1' ],
717 silly audit   'emoji-regex': [ '8.0.0' ],
717 silly audit   'is-fullwidth-code-point': [ '3.0.0' ],
717 silly audit   'ansi-regex': [ '5.0.1' ],
717 silly audit   'has-flag': [ '4.0.0' ],
717 silly audit   'end-of-stream': [ '1.4.5' ],
717 silly audit   'fs-constants': [ '1.0.0' ],
717 silly audit   once: [ '1.4.0' ],
717 silly audit   wrappy: [ '1.0.2' ],
717 silly audit   json5: [ '2.2.3' ],
717 silly audit   minimist: [ '1.2.8' ],
717 silly audit   'strip-bom': [ '3.0.0' ],
717 silly audit   defaults: [ '1.0.4' ],
717 silly audit   clone: [ '1.0.4' ],
717 silly audit   escalade: [ '3.2.0' ],
717 silly audit   'get-caller-file': [ '2.0.5' ],
717 silly audit   'require-directory': [ '2.1.1' ],
717 silly audit   y18n: [ '5.0.8' ],
717 silly audit   'sprintf-js': [ '1.0.3' ]
717 silly audit }
718 http cache sprintf-js@https://registry.npmjs.org/sprintf-js/-/sprintf-js-1.0.3.tgz 0ms (cache hit)
719 http cache get-caller-file@https://registry.npmjs.org/get-caller-file/-/get-caller-file-2.0.5.tgz 0ms (cache hit)
720 http cache escalade@https://registry.npmjs.org/escalade/-/escalade-3.2.0.tgz 0ms (cache hit)
721 http cache require-directory@https://registry.npmjs.org/require-directory/-/require-directory-2.1.1.tgz 0ms (cache hit)
722 http cache defaults@https://registry.npmjs.org/defaults/-/defaults-1.0.4.tgz 0ms (cache hit)
723 http cache y18n@https://registry.npmjs.org/y18n/-/y18n-5.0.8.tgz 0ms (cache hit)
724 http cache clone@https://registry.npmjs.org/clone/-/clone-1.0.4.tgz 0ms (cache hit)
725 http cache minimist@https://registry.npmjs.org/minimist/-/minimist-1.2.8.tgz 0ms (cache hit)
726 http cache strip-bom@https://registry.npmjs.org/strip-bom/-/strip-bom-3.0.0.tgz 0ms (cache hit)
727 http cache json5@https://registry.npmjs.org/json5/-/json5-2.2.3.tgz 0ms (cache hit)
728 http cache end-of-stream@https://registry.npmjs.org/end-of-stream/-/end-of-stream-1.4.5.tgz 0ms (cache hit)
729 http cache wrappy@https://registry.npmjs.org/wrappy/-/wrappy-1.0.2.tgz 0ms (cache hit)
730 http cache once@https://registry.npmjs.org/once/-/once-1.4.0.tgz 0ms (cache hit)
731 http cache fs-constants@https://registry.npmjs.org/fs-constants/-/fs-constants-1.0.0.tgz 0ms (cache hit)
732 http cache has-flag@https://registry.npmjs.org/has-flag/-/has-flag-4.0.0.tgz 0ms (cache hit)
733 http cache emoji-regex@https://registry.npmjs.org/emoji-regex/-/emoji-regex-8.0.0.tgz 0ms (cache hit)
734 http cache mimic-fn@https://registry.npmjs.org/mimic-fn/-/mimic-fn-2.1.0.tgz 0ms (cache hit)
735 http cache ansi-regex@https://registry.npmjs.org/ansi-regex/-/ansi-regex-5.0.1.tgz 0ms (cache hit)
736 http cache is-fullwidth-code-point@https://registry.npmjs.org/is-fullwidth-code-point/-/is-fullwidth-code-point-3.0.0.tgz 0ms (cache hit)
737 http cache safe-buffer@https://registry.npmjs.org/safe-buffer/-/safe-buffer-5.2.1.tgz 0ms (cache hit)
738 http cache signal-exit@https://registry.npmjs.org/signal-exit/-/signal-exit-3.0.7.tgz 0ms (cache hit)
739 http cache onetime@https://registry.npmjs.org/onetime/-/onetime-5.1.2.tgz 0ms (cache hit)
740 http cache util-deprecate@https://registry.npmjs.org/util-deprecate/-/util-deprecate-1.0.2.tgz 0ms (cache hit)
741 http cache react-is@https://registry.npmjs.org/react-is/-/react-is-18.3.1.tgz 0ms (cache hit)
742 http cache @sinclair/typebox@https://registry.npmjs.org/@sinclair/typebox/-/typebox-0.34.46.tgz 0ms (cache hit)
743 http cache string_decoder@https://registry.npmjs.org/string_decoder/-/string_decoder-1.3.0.tgz 0ms (cache hit)
744 http cache is-unicode-supported@https://registry.npmjs.org/is-unicode-supported/-/is-unicode-supported-0.1.0.tgz 0ms (cache hit)
745 http cache base64-js@https://registry.npmjs.org/base64-js/-/base64-js-1.5.1.tgz 0ms (cache hit)
746 http cache readable-stream@https://registry.npmjs.org/readable-stream/-/readable-stream-3.6.2.tgz 0ms (cache hit)
747 http cache ieee754@https://registry.npmjs.org/ieee754/-/ieee754-1.2.1.tgz 0ms (cache hit)
748 http cache @jest/schemas@https://registry.npmjs.org/@jest/schemas/-/schemas-30.0.5.tgz 0ms (cache hit)
749 http cache buffer@https://registry.npmjs.org/buffer/-/buffer-5.7.1.tgz 0ms (cache hit)
750 http cache inherits@https://registry.npmjs.org/inherits/-/inherits-2.0.4.tgz 0ms (cache hit)
751 http cache log-symbols@https://registry.npmjs.org/log-symbols/-/log-symbols-4.1.0.tgz 0ms (cache hit)
752 http cache is-interactive@https://registry.npmjs.org/is-interactive/-/is-interactive-1.0.0.tgz 0ms (cache hit)
753 http cache wcwidth@https://registry.npmjs.org/wcwidth/-/wcwidth-1.0.1.tgz 0ms (cache hit)
754 http cache is-wsl@https://registry.npmjs.org/is-wsl/-/is-wsl-2.2.0.tgz 0ms (cache hit)
755 http cache bl@https://registry.npmjs.org/bl/-/bl-4.1.0.tgz 0ms (cache hit)
756 http cache path-key@https://registry.npmjs.org/path-key/-/path-key-3.1.1.tgz 0ms (cache hit)
757 http cache is-docker@https://registry.npmjs.org/is-docker/-/is-docker-2.2.1.tgz 0ms (cache hit)
758 http cache define-lazy-prop@https://registry.npmjs.org/define-lazy-prop/-/define-lazy-prop-2.0.0.tgz 0ms (cache hit)
759 http cache balanced-match@https://registry.npmjs.org/balanced-match/-/balanced-match-1.0.2.tgz 0ms (cache hit)
760 http cache esprima@https://registry.npmjs.org/esprima/-/esprima-4.0.1.tgz 0ms (cache hit)
761 http cache pretty-format@https://registry.npmjs.org/pretty-format/-/pretty-format-30.2.0.tgz 0ms (cache hit)
762 http cache brace-expansion@https://registry.npmjs.org/brace-expansion/-/brace-expansion-2.0.2.tgz 0ms (cache hit)
763 http cache @jest/get-type@https://registry.npmjs.org/@jest/get-type/-/get-type-30.1.0.tgz 0ms (cache hit)
764 http cache mime-db@https://registry.npmjs.org/mime-db/-/mime-db-1.52.0.tgz 0ms (cache hit)
765 http cache math-intrinsics@https://registry.npmjs.org/math-intrinsics/-/math-intrinsics-1.1.0.tgz 0ms (cache hit)
766 http cache dunder-proto@https://registry.npmjs.org/dunder-proto/-/dunder-proto-1.0.1.tgz 0ms (cache hit)
767 http cache has-symbols@https://registry.npmjs.org/has-symbols/-/has-symbols-1.1.0.tgz 0ms (cache hit)
768 http cache get-proto@https://registry.npmjs.org/get-proto/-/get-proto-1.0.1.tgz 0ms (cache hit)
769 http cache gopd@https://registry.npmjs.org/gopd/-/gopd-1.2.0.tgz 0ms (cache hit)
770 http cache function-bind@https://registry.npmjs.org/function-bind/-/function-bind-1.1.2.tgz 0ms (cache hit)
771 http cache es-define-property@https://registry.npmjs.org/es-define-property/-/es-define-property-1.0.1.tgz 0ms (cache hit)
772 http cache es-object-atoms@https://registry.npmjs.org/es-object-atoms/-/es-object-atoms-1.1.1.tgz 0ms (cache hit)
773 http cache call-bind-apply-helpers@https://registry.npmjs.org/call-bind-apply-helpers/-/call-bind-apply-helpers-1.0.2.tgz 0ms (cache hit)
774 http cache has-tostringtag@https://registry.npmjs.org/has-tostringtag/-/has-tostringtag-1.0.2.tgz 0ms (cache hit)
775 http cache es-errors@https://registry.npmjs.org/es-errors/-/es-errors-1.3.0.tgz 0ms (cache hit)
776 http cache get-intrinsic@https://registry.npmjs.org/get-intrinsic/-/get-intrinsic-1.3.0.tgz 0ms (cache hit)
777 http cache delayed-stream@https://registry.npmjs.org/delayed-stream/-/delayed-stream-1.0.0.tgz 0ms (cache hit)
778 http cache @jest/diff-sequences@https://registry.npmjs.org/@jest/diff-sequences/-/diff-sequences-30.0.1.tgz 0ms (cache hit)
779 http cache mime-types@https://registry.npmjs.org/mime-types/-/mime-types-2.1.35.tgz 0ms (cache hit)
780 http cache hasown@https://registry.npmjs.org/hasown/-/hasown-2.0.2.tgz 0ms (cache hit)
781 http cache asynckit@https://registry.npmjs.org/asynckit/-/asynckit-0.4.0.tgz 0ms (cache hit)
782 http cache combined-stream@https://registry.npmjs.org/combined-stream/-/combined-stream-1.0.8.tgz 0ms (cache hit)
783 http cache escape-string-regexp@https://registry.npmjs.org/escape-string-regexp/-/escape-string-regexp-1.0.5.tgz 0ms (cache hit)
784 http cache ansi-colors@https://registry.npmjs.org/ansi-colors/-/ansi-colors-4.1.3.tgz 0ms (cache hit)
785 http cache color-name@https://registry.npmjs.org/color-name/-/color-name-1.1.4.tgz 0ms (cache hit)
786 http cache wrap-ansi@https://registry.npmjs.org/wrap-ansi/-/wrap-ansi-7.0.0.tgz 0ms (cache hit)
787 http cache strip-ansi@https://registry.npmjs.org/strip-ansi/-/strip-ansi-6.0.1.tgz 0ms (cache hit)
788 http cache restore-cursor@https://registry.npmjs.org/restore-cursor/-/restore-cursor-3.1.0.tgz 0ms (cache hit)
789 http cache color-convert@https://registry.npmjs.org/color-convert/-/color-convert-2.0.1.tgz 0ms (cache hit)
790 http cache supports-color@https://registry.npmjs.org/supports-color/-/supports-color-7.2.0.tgz 0ms (cache hit)
791 http cache ansi-styles@https://registry.npmjs.org/ansi-styles/-/ansi-styles-4.3.0.tgz 0ms (cache hit)
792 http cache proxy-from-env@https://registry.npmjs.org/proxy-from-env/-/proxy-from-env-1.1.0.tgz 0ms (cache hit)
793 http cache form-data@https://registry.npmjs.org/form-data/-/form-data-4.0.5.tgz 0ms (cache hit)
794 http cache follow-redirects@https://registry.npmjs.org/follow-redirects/-/follow-redirects-1.15.11.tgz 0ms (cache hit)
795 http cache argparse@https://registry.npmjs.org/argparse/-/argparse-2.0.1.tgz 0ms (cache hit)
796 http cache js-yaml@https://registry.npmjs.org/js-yaml/-/js-yaml-3.14.2.tgz 0ms (cache hit)
797 http cache @emnapi/wasi-threads@https://registry.npmjs.org/@emnapi/wasi-threads/-/wasi-threads-1.1.0.tgz 0ms (cache hit)
798 http cache @emnapi/runtime@https://registry.npmjs.org/@emnapi/runtime/-/runtime-1.8.1.tgz 0ms (cache hit)
799 http cache @tybys/wasm-util@https://registry.npmjs.org/@tybys/wasm-util/-/wasm-util-0.9.0.tgz 0ms (cache hit)
800 http cache @emnapi/core@https://registry.npmjs.org/@emnapi/core/-/core-1.8.1.tgz 0ms (cache hit)
801 http cache yargs-parser@https://registry.npmjs.org/yargs-parser/-/yargs-parser-21.1.1.tgz 0ms (cache hit)
802 http cache yargs@https://registry.npmjs.org/yargs/-/yargs-17.7.2.tgz 0ms (cache hit)
803 http cache yaml@https://registry.npmjs.org/yaml/-/yaml-2.8.2.tgz 0ms (cache hit)
804 http cache tslib@https://registry.npmjs.org/tslib/-/tslib-2.8.1.tgz 0ms (cache hit)
805 http cache es-set-tostringtag@https://registry.npmjs.org/es-set-tostringtag/-/es-set-tostringtag-2.1.0.tgz 0ms (cache hit)
806 http cache tsconfig-paths@https://registry.npmjs.org/tsconfig-paths/-/tsconfig-paths-4.2.0.tgz 0ms (cache hit)
807 http cache tree-kill@https://registry.npmjs.org/tree-kill/-/tree-kill-1.2.2.tgz 0ms (cache hit)
808 http cache tmp@https://registry.npmjs.org/tmp/-/tmp-0.2.5.tgz 0ms (cache hit)
809 http cache tar-stream@https://registry.npmjs.org/tar-stream/-/tar-stream-2.2.0.tgz 0ms (cache hit)
810 http cache string-width@https://registry.npmjs.org/string-width/-/string-width-4.2.3.tgz 0ms (cache hit)
811 http cache semver@https://registry.npmjs.org/semver/-/semver-7.7.3.tgz 0ms (cache hit)
812 http cache resolve.exports@https://registry.npmjs.org/resolve.exports/-/resolve.exports-2.0.3.tgz 0ms (cache hit)
813 http cache open@https://registry.npmjs.org/open/-/open-8.4.2.tgz 0ms (cache hit)
814 http cache ora@https://registry.npmjs.org/ora/-/ora-5.3.0.tgz 0ms (cache hit)
815 http cache npm-run-path@https://registry.npmjs.org/npm-run-path/-/npm-run-path-4.0.1.tgz 0ms (cache hit)
816 http cache node-machine-id@https://registry.npmjs.org/node-machine-id/-/node-machine-id-1.1.12.tgz 0ms (cache hit)
817 http cache minimatch@https://registry.npmjs.org/minimatch/-/minimatch-9.0.3.tgz 0ms (cache hit)
818 http cache lines-and-columns@https://registry.npmjs.org/lines-and-columns/-/lines-and-columns-2.0.3.tgz 0ms (cache hit)
819 http cache jest-diff@https://registry.npmjs.org/jest-diff/-/jest-diff-30.2.0.tgz 0ms (cache hit)
820 http cache jsonc-parser@https://registry.npmjs.org/jsonc-parser/-/jsonc-parser-3.2.0.tgz 0ms (cache hit)
821 http cache ignore@https://registry.npmjs.org/ignore/-/ignore-7.0.5.tgz 0ms (cache hit)
822 http cache flat@https://registry.npmjs.org/flat/-/flat-5.0.2.tgz 0ms (cache hit)
823 http cache front-matter@https://registry.npmjs.org/front-matter/-/front-matter-4.0.2.tgz 0ms (cache hit)
824 http cache figures@https://registry.npmjs.org/figures/-/figures-3.2.0.tgz 0ms (cache hit)
825 http cache enquirer@https://registry.npmjs.org/enquirer/-/enquirer-2.3.6.tgz 0ms (cache hit)
826 http cache dotenv-expand@https://registry.npmjs.org/dotenv-expand/-/dotenv-expand-11.0.7.tgz 0ms (cache hit)
827 http cache dotenv@https://registry.npmjs.org/dotenv/-/dotenv-16.4.7.tgz 0ms (cache hit)
828 http cache cliui@https://registry.npmjs.org/cliui/-/cliui-8.0.1.tgz 0ms (cache hit)
829 http cache cli-spinners@https://registry.npmjs.org/cli-spinners/-/cli-spinners-2.6.1.tgz 0ms (cache hit)
830 http cache cli-cursor@https://registry.npmjs.org/cli-cursor/-/cli-cursor-3.1.0.tgz 0ms (cache hit)
831 http cache axios@https://registry.npmjs.org/axios/-/axios-1.13.2.tgz 0ms (cache hit)
832 http cache chalk@https://registry.npmjs.org/chalk/-/chalk-4.1.2.tgz 0ms (cache hit)
833 http cache @zkochan/js-yaml@https://registry.npmjs.org/@zkochan/js-yaml/-/js-yaml-0.0.7.tgz 0ms (cache hit)
834 http cache @yarnpkg/lockfile@https://registry.npmjs.org/@yarnpkg/lockfile/-/lockfile-1.1.0.tgz 0ms (cache hit)
835 http cache @yarnpkg/parsers@https://registry.npmjs.org/@yarnpkg/parsers/-/parsers-3.0.2.tgz 0ms (cache hit)
836 http cache @napi-rs/wasm-runtime@https://registry.npmjs.org/@napi-rs/wasm-runtime/-/wasm-runtime-0.2.4.tgz 0ms (cache hit)
837 http cache @nx/nx-darwin-arm64@https://registry.npmjs.org/@nx/nx-darwin-arm64/-/nx-darwin-arm64-22.3.3.tgz 0ms (cache hit)
838 http cache nx@https://registry.npmjs.org/nx/-/nx-22.3.3.tgz 0ms (cache hit)
839 http cache ansi-styles@https://registry.npmjs.org/ansi-styles/-/ansi-styles-5.2.0.tgz 0ms (cache hit)
840 http cache argparse@https://registry.npmjs.org/argparse/-/argparse-1.0.10.tgz 0ms (cache hit)
841 http fetch POST 200 https://registry.npmjs.org/-/npm/v1/security/advisories/bulk 774ms
842 silly audit report {}
843 silly ADD node_modules/sprintf-js
844 silly ADD node_modules/y18n
845 silly ADD node_modules/require-directory
846 silly ADD node_modules/get-caller-file
847 silly ADD node_modules/escalade
848 silly ADD node_modules/clone
849 silly ADD node_modules/defaults
850 silly ADD node_modules/strip-bom
851 silly ADD node_modules/minimist
852 silly ADD node_modules/json5
853 silly ADD node_modules/wrappy
854 silly ADD node_modules/once
855 silly ADD node_modules/fs-constants
856 silly ADD node_modules/end-of-stream
857 silly ADD node_modules/has-flag
858 silly ADD node_modules/ansi-regex
859 silly ADD node_modules/is-fullwidth-code-point
860 silly ADD node_modules/emoji-regex
861 silly ADD node_modules/safe-buffer
862 silly ADD node_modules/mimic-fn
863 silly ADD node_modules/signal-exit
864 silly ADD node_modules/onetime
865 silly ADD node_modules/util-deprecate
866 silly ADD node_modules/string_decoder
867 silly ADD node_modules/@sinclair/typebox
868 silly ADD node_modules/react-is
869 silly ADD node_modules/@jest/schemas
870 silly ADD node_modules/is-unicode-supported
871 silly ADD node_modules/ieee754
872 silly ADD node_modules/base64-js
873 silly ADD node_modules/readable-stream
874 silly ADD node_modules/inherits
875 silly ADD node_modules/buffer
876 silly ADD node_modules/wcwidth
877 silly ADD node_modules/log-symbols
878 silly ADD node_modules/is-interactive
879 silly ADD node_modules/bl
880 silly ADD node_modules/is-wsl
881 silly ADD node_modules/is-docker
882 silly ADD node_modules/define-lazy-prop
883 silly ADD node_modules/path-key
884 silly ADD node_modules/balanced-match
885 silly ADD node_modules/brace-expansion
886 silly ADD node_modules/mime-db
887 silly ADD node_modules/esprima
888 silly ADD node_modules/pretty-format
889 silly ADD node_modules/pretty-format/node_modules/ansi-styles
890 silly ADD node_modules/@jest/get-type
891 silly ADD node_modules/@jest/diff-sequences
892 silly ADD node_modules/dunder-proto
893 silly ADD node_modules/math-intrinsics
894 silly ADD node_modules/has-symbols
895 silly ADD node_modules/gopd
896 silly ADD node_modules/get-proto
897 silly ADD node_modules/function-bind
898 silly ADD node_modules/es-object-atoms
899 silly ADD node_modules/es-define-property
900 silly ADD node_modules/call-bind-apply-helpers
901 silly ADD node_modules/has-tostringtag
902 silly ADD node_modules/get-intrinsic
903 silly ADD node_modules/es-errors
904 silly ADD node_modules/delayed-stream
905 silly ADD node_modules/mime-types
906 silly ADD node_modules/hasown
907 silly ADD node_modules/es-set-tostringtag
908 silly ADD node_modules/combined-stream
909 silly ADD node_modules/asynckit
910 silly ADD node_modules/escape-string-regexp
911 silly ADD node_modules/ansi-colors
912 silly ADD node_modules/color-name
913 silly ADD node_modules/wrap-ansi
914 silly ADD node_modules/strip-ansi
915 silly ADD node_modules/restore-cursor
916 silly ADD node_modules/color-convert
917 silly ADD node_modules/supports-color
918 silly ADD node_modules/ansi-styles
919 silly ADD node_modules/proxy-from-env
920 silly ADD node_modules/form-data
921 silly ADD node_modules/follow-redirects
922 silly ADD node_modules/argparse
923 silly ADD node_modules/js-yaml
924 silly ADD node_modules/js-yaml/node_modules/argparse
925 silly ADD node_modules/@emnapi/wasi-threads
926 silly ADD node_modules/@tybys/wasm-util
927 silly ADD node_modules/@emnapi/runtime
928 silly ADD node_modules/@emnapi/core
929 silly ADD node_modules/yargs-parser
930 silly ADD node_modules/yargs
931 silly ADD node_modules/yaml
932 silly ADD node_modules/tslib
933 silly ADD node_modules/tsconfig-paths
934 silly ADD node_modules/tree-kill
935 silly ADD node_modules/tmp
936 silly ADD node_modules/tar-stream
937 silly ADD node_modules/string-width
938 silly ADD node_modules/semver
939 silly ADD node_modules/resolve.exports
940 silly ADD node_modules/ora
941 silly ADD node_modules/open
942 silly ADD node_modules/npm-run-path
943 silly ADD node_modules/node-machine-id
944 silly ADD node_modules/minimatch
945 silly ADD node_modules/lines-and-columns
946 silly ADD node_modules/jsonc-parser
947 silly ADD node_modules/jest-diff
948 silly ADD node_modules/ignore
949 silly ADD node_modules/front-matter
950 silly ADD node_modules/flat
951 silly ADD node_modules/figures
952 silly ADD node_modules/enquirer
953 silly ADD node_modules/dotenv-expand
954 silly ADD node_modules/dotenv
955 silly ADD node_modules/cliui
956 silly ADD node_modules/cli-spinners
957 silly ADD node_modules/cli-cursor
958 silly ADD node_modules/chalk
959 silly ADD node_modules/axios
960 silly ADD node_modules/@zkochan/js-yaml
961 silly ADD node_modules/@yarnpkg/parsers
962 silly ADD node_modules/@yarnpkg/lockfile
963 silly ADD node_modules/@nx/nx-darwin-arm64
964 silly ADD node_modules/@napi-rs/wasm-runtime
965 silly ADD node_modules/nx
966 verbose cwd /private/var/folders/vj/hkgc0v2x5jjbf6ffbww0f1xh0000gn/T/tmp-12898-aI3O3G0qBFLZ
967 verbose os Darwin 25.2.0
968 verbose node v24.12.0
969 verbose npm  v11.6.2
970 verbose exit 0
971 info ok
