0 verbose cli /usr/local/bin/node /usr/local/bin/npm
1 info using npm@11.6.2
2 info using node@v24.12.0
3 silly config load:file:/usr/local/lib/node_modules/npm/npmrc
4 silly config load:file:/private/var/folders/vj/hkgc0v2x5jjbf6ffbww0f1xh0000gn/T/tmp-12603-uAdI66XvrxQW/.npmrc
5 silly config load:file:/Users/somanathkambar/.npmrc
6 silly config load:file:/usr/local/etc/npmrc
7 verbose title npm install prettier@~3.6.2
8 verbose argv "install" "--save-dev" "prettier@~3.6.2" "--ignore-scripts"
9 verbose logfile logs-max:10 dir:/Users/somanathkambar/IdeaProjects/OrderManagement/.npm-cache/_logs/2026-01-05T17_15_00_153Z-
10 verbose logfile /Users/somanathkambar/IdeaProjects/OrderManagement/.npm-cache/_logs/2026-01-05T17_15_00_153Z-debug-0.log
11 silly logfile done cleaning log files
12 silly packumentCache heap:4496293888 maxSize:1124073472 maxEntrySize:562036736
13 silly idealTree buildDeps
14 silly fetch manifest prettier@~3.6.2
15 silly packumentCache full:https://registry.npmjs.org/prettier cache-miss
16 http fetch GET 200 https://registry.npmjs.org/prettier 422ms (cache miss)
17 silly packumentCache full:https://registry.npmjs.org/prettier set size:undefined disposed:false
18 silly placeDep ROOT prettier@3.6.2 OK for:  want: ~3.6.2
19 silly reify moves {}
20 silly audit bulk request { prettier: [ '3.6.2' ] }
21 http cache prettier@https://registry.npmjs.org/prettier/-/prettier-3.6.2.tgz 0ms (cache hit)
22 silly tarball no local data for prettier@https://registry.npmjs.org/prettier/-/prettier-3.6.2.tgz. Extracting by manifest.
23 http fetch POST 200 https://registry.npmjs.org/-/npm/v1/security/advisories/bulk 324ms
24 silly audit report {}
25 http fetch GET 200 https://registry.npmjs.org/prettier/-/prettier-3.6.2.tgz 2250ms (cache miss)
26 silly ADD node_modules/prettier
27 verbose cwd /private/var/folders/vj/hkgc0v2x5jjbf6ffbww0f1xh0000gn/T/tmp-12603-uAdI66XvrxQW
28 verbose os Darwin 25.2.0
29 verbose node v24.12.0
30 verbose npm  v11.6.2
31 verbose exit 0
32 info ok
