0 verbose cli /usr/local/bin/node /usr/local/bin/npm
1 info using npm@11.6.2
2 info using node@v24.12.0
3 silly config load:file:/usr/local/lib/node_modules/npm/npmrc
4 silly config load:file:/Users/somanathkambar/IdeaProjects/OrderManagement/.npmrc
5 silly config load:file:/Users/somanathkambar/.npmrc
6 silly config load:file:/usr/local/etc/npmrc
7 verbose title npm install
8 verbose argv "install" "--cache" "./.npm-cache"
9 verbose logfile logs-max:10 dir:/Users/somanathkambar/IdeaProjects/OrderManagement/.npm-cache/_logs/2026-01-05T17_14_34_479Z-
10 verbose logfile /Users/somanathkambar/IdeaProjects/OrderManagement/.npm-cache/_logs/2026-01-05T17_14_34_479Z-debug-0.log
11 silly logfile done cleaning log files
12 silly packumentCache heap:4496293888 maxSize:1124073472 maxEntrySize:562036736
13 silly idealTree buildDeps
14 silly fetch manifest typescript@~5.3.0
15 silly packumentCache full:https://registry.npmjs.org/typescript cache-miss
16 http fetch GET 200 https://registry.npmjs.org/typescript 601ms (cache revalidated)
17 silly packumentCache full:https://registry.npmjs.org/typescript set size:15092015 disposed:false
18 silly placeDep ROOT typescript@5.3.3 REPLACE for: oms-monorepo@0.0.0 want: ~5.3.0
19 silly fetch manifest chokidar@^4.0.0
20 silly packumentCache full:https://registry.npmjs.org/chokidar cache-miss
21 http fetch GET 200 https://registry.npmjs.org/chokidar 106ms (cache revalidated)
22 silly packumentCache full:https://registry.npmjs.org/chokidar set size:255902 disposed:false
23 silly placeDep ROOT chokidar@4.0.3 REPLACE for: @angular-devkit/core@21.0.4 want: ^4.0.0
24 silly fetch manifest readdirp@^4.0.1
25 silly packumentCache full:https://registry.npmjs.org/readdirp cache-miss
26 http fetch GET 200 https://registry.npmjs.org/readdirp 97ms (cache revalidated)
27 silly packumentCache full:https://registry.npmjs.org/readdirp set size:107589 disposed:false
28 silly fetch manifest typescript@~5.9.2
29 silly packumentCache full:https://registry.npmjs.org/typescript cache-miss
30 http cache https://registry.npmjs.org/typescript 15ms (cache hit)
31 silly packumentCache full:https://registry.npmjs.org/typescript set size:15092015 disposed:false
32 silly placeDep node_modules/@nx/eslint typescript@5.9.3 OK for: @nx/eslint@22.3.3 want: ~5.9.2
33 silly fetch manifest chokidar@^3.6.0
34 silly packumentCache full:https://registry.npmjs.org/chokidar cache-hit
35 silly placeDep node_modules/@rspack/dev-server chokidar@3.6.0 OK for: @rspack/dev-server@1.1.5 want: ^3.6.0
36 silly fetch manifest anymatch@~3.1.2
37 silly packumentCache full:https://registry.npmjs.org/anymatch cache-miss
38 silly fetch manifest readdirp@~3.6.0
39 silly packumentCache full:https://registry.npmjs.org/readdirp cache-hit
40 silly fetch manifest glob-parent@~5.1.2
41 silly packumentCache full:https://registry.npmjs.org/glob-parent cache-miss
42 silly fetch manifest is-binary-path@~2.1.0
43 silly packumentCache full:https://registry.npmjs.org/is-binary-path cache-miss
44 http fetch GET 200 https://registry.npmjs.org/is-binary-path 105ms (cache revalidated)
45 silly packumentCache full:https://registry.npmjs.org/is-binary-path set size:13475 disposed:false
46 http fetch GET 200 https://registry.npmjs.org/glob-parent 364ms (cache revalidated)
47 silly packumentCache full:https://registry.npmjs.org/glob-parent set size:42445 disposed:false
48 http fetch GET 200 https://registry.npmjs.org/anymatch 382ms (cache revalidated)
49 silly packumentCache full:https://registry.npmjs.org/anymatch set size:42974 disposed:false
50 silly placeDep ROOT readdirp@4.1.2 OK for: chokidar@4.0.3 want: ^4.0.1
51 silly fetch manifest chokidar@^3.5.3
52 silly packumentCache full:https://registry.npmjs.org/chokidar cache-hit
53 silly placeDep node_modules/fork-ts-checker-webpack-plugin chokidar@3.6.0 OK for: fork-ts-checker-webpack-plugin@7.2.13 want: ^3.5.3
54 silly placeDep node_modules/ts-checker-rspack-plugin chokidar@3.6.0 OK for: ts-checker-rspack-plugin@1.2.3 want: ^3.6.0
55 silly placeDep node_modules/webpack-dev-server chokidar@3.6.0 OK for: webpack-dev-server@5.2.2 want: ^3.6.0
56 silly placeDep ROOT anymatch@3.1.3 OK for: chokidar@3.6.0 want: ~3.1.2
57 silly placeDep node_modules/@rspack/dev-server glob-parent@5.1.2 OK for: chokidar@3.6.0 want: ~5.1.2
58 silly placeDep ROOT is-binary-path@2.1.0 OK for: chokidar@3.6.0 want: ~2.1.0
59 silly placeDep node_modules/@rspack/dev-server readdirp@3.6.0 OK for: chokidar@3.6.0 want: ~3.6.0
60 silly fetch manifest picomatch@^2.0.4
61 silly packumentCache full:https://registry.npmjs.org/picomatch cache-miss
62 silly fetch manifest binary-extensions@^2.0.0
63 silly packumentCache full:https://registry.npmjs.org/binary-extensions cache-miss
64 silly fetch manifest picomatch@^2.2.1
65 silly packumentCache full:https://registry.npmjs.org/picomatch cache-miss
66 http fetch GET 200 https://registry.npmjs.org/picomatch 113ms (cache revalidated)
67 silly packumentCache full:https://registry.npmjs.org/picomatch set size:118818 disposed:false
68 http fetch GET 200 https://registry.npmjs.org/picomatch 117ms (cache revalidated)
69 silly packumentCache full:https://registry.npmjs.org/picomatch set size:118818 disposed:false
70 silly packumentCache full:https://registry.npmjs.org/picomatch dispose
71 http fetch GET 200 https://registry.npmjs.org/binary-extensions 1120ms (cache revalidated)
72 silly packumentCache full:https://registry.npmjs.org/binary-extensions set size:51551 disposed:false
73 silly placeDep node_modules/anymatch picomatch@2.3.1 OK for: anymatch@3.1.3 want: ^2.0.4
74 silly placeDep ROOT binary-extensions@2.3.0 OK for: is-binary-path@2.1.0 want: ^2.0.0
75 silly placeDep node_modules/@rspack/dev-server picomatch@2.3.1 OK for: readdirp@3.6.0 want: ^2.2.1
76 silly placeDep node_modules/fork-ts-checker-webpack-plugin glob-parent@5.1.2 OK for: chokidar@3.6.0 want: ~5.1.2
77 silly placeDep node_modules/fork-ts-checker-webpack-plugin readdirp@3.6.0 OK for: chokidar@3.6.0 want: ~3.6.0
78 silly placeDep node_modules/fork-ts-checker-webpack-plugin picomatch@2.3.1 OK for: readdirp@3.6.0 want: ^2.2.1
79 silly placeDep node_modules/ts-checker-rspack-plugin glob-parent@5.1.2 OK for: chokidar@3.6.0 want: ~5.1.2
80 silly placeDep node_modules/ts-checker-rspack-plugin readdirp@3.6.0 OK for: chokidar@3.6.0 want: ~3.6.0
81 silly placeDep node_modules/ts-checker-rspack-plugin picomatch@2.3.1 OK for: readdirp@3.6.0 want: ^2.2.1
82 silly placeDep node_modules/webpack-dev-server glob-parent@5.1.2 OK for: chokidar@3.6.0 want: ~5.1.2
83 silly placeDep node_modules/webpack-dev-server readdirp@3.6.0 OK for: chokidar@3.6.0 want: ~3.6.0
84 silly placeDep node_modules/webpack-dev-server picomatch@2.3.1 OK for: readdirp@3.6.0 want: ^2.2.1
85 silly reify mark retired [
85 silly reify   '/Users/somanathkambar/IdeaProjects/OrderManagement/node_modules/chokidar'
85 silly reify ]
86 silly reify mark retired [
86 silly reify   '/Users/somanathkambar/IdeaProjects/OrderManagement/node_modules/readdirp'
86 silly reify ]
87 silly reify mark retired [
87 silly reify   '/Users/somanathkambar/IdeaProjects/OrderManagement/node_modules/sass/node_modules/chokidar'
87 silly reify ]
88 silly reify mark retired [
88 silly reify   '/Users/somanathkambar/IdeaProjects/OrderManagement/node_modules/sass/node_modules/readdirp'
88 silly reify ]
89 silly reify mark retired [
89 silly reify   '/Users/somanathkambar/IdeaProjects/OrderManagement/node_modules/typescript',
89 silly reify   '/Users/somanathkambar/IdeaProjects/OrderManagement/node_modules/.bin/tsc',
89 silly reify   '/Users/somanathkambar/IdeaProjects/OrderManagement/node_modules/.bin/tsserver'
89 silly reify ]
90 silly reify moves {
90 silly reify   '/Users/somanathkambar/IdeaProjects/OrderManagement/node_modules/chokidar': '/Users/somanathkambar/IdeaProjects/OrderManagement/node_modules/.chokidar-S0RmOCtr',
90 silly reify   '/Users/somanathkambar/IdeaProjects/OrderManagement/node_modules/readdirp': '/Users/somanathkambar/IdeaProjects/OrderManagement/node_modules/.readdirp-Karx3fyX',
90 silly reify   '/Users/somanathkambar/IdeaProjects/OrderManagement/node_modules/sass/node_modules/chokidar': '/Users/somanathkambar/IdeaProjects/OrderManagement/node_modules/sass/node_modules/.chokidar-vj8Bb6A0',
90 silly reify   '/Users/somanathkambar/IdeaProjects/OrderManagement/node_modules/sass/node_modules/readdirp': '/Users/somanathkambar/IdeaProjects/OrderManagement/node_modules/sass/node_modules/.readdirp-tpx1Pu8C',
90 silly reify   '/Users/somanathkambar/IdeaProjects/OrderManagement/node_modules/typescript': '/Users/somanathkambar/IdeaProjects/OrderManagement/node_modules/.typescript-IcGYCKLt',
90 silly reify   '/Users/somanathkambar/IdeaProjects/OrderManagement/node_modules/.bin/tsc': '/Users/somanathkambar/IdeaProjects/OrderManagement/node_modules/.bin/.tsc-sUizY5V6',
90 silly reify   '/Users/somanathkambar/IdeaProjects/OrderManagement/node_modules/.bin/tsserver': '/Users/somanathkambar/IdeaProjects/OrderManagement/node_modules/.bin/.tsserver-t0eBWeMp'
90 silly reify }
91 silly audit bulk request {
91 silly audit   '@angular-devkit/core': [ '21.0.4' ],
91 silly audit   '@angular-devkit/schematics': [ '21.0.4' ],
91 silly audit   '@babel/code-frame': [ '7.27.1' ],
91 silly audit   '@babel/compat-data': [ '7.28.5' ],
91 silly audit   '@babel/core': [ '7.28.5' ],
91 silly audit   semver: [ '6.3.1', '7.6.3', '5.7.2', '7.7.3' ],
91 silly audit   '@babel/generator': [ '7.28.5' ],
91 silly audit   '@babel/helper-annotate-as-pure': [ '7.27.3' ],
91 silly audit   '@babel/helper-compilation-targets': [ '7.27.2' ],
91 silly audit   '@babel/helper-create-class-features-plugin': [ '7.28.5' ],
91 silly audit   '@babel/helper-create-regexp-features-plugin': [ '7.28.5' ],
91 silly audit   '@babel/helper-define-polyfill-provider': [ '0.6.5' ],
91 silly audit   resolve: [ '1.22.11', '1.22.8' ],
91 silly audit   '@babel/helper-globals': [ '7.28.0' ],
91 silly audit   '@babel/helper-member-expression-to-functions': [ '7.28.5' ],
91 silly audit   '@babel/helper-module-imports': [ '7.27.1' ],
91 silly audit   '@babel/helper-module-transforms': [ '7.28.3' ],
91 silly audit   '@babel/helper-optimise-call-expression': [ '7.27.1' ],
91 silly audit   '@babel/helper-plugin-utils': [ '7.27.1' ],
91 silly audit   '@babel/helper-remap-async-to-generator': [ '7.27.1' ],
91 silly audit   '@babel/helper-replace-supers': [ '7.27.1' ],
91 silly audit   '@babel/helper-skip-transparent-expression-wrappers': [ '7.27.1' ],
91 silly audit   '@babel/helper-string-parser': [ '7.27.1' ],
91 silly audit   '@babel/helper-validator-identifier': [ '7.28.5' ],
91 silly audit   '@babel/helper-validator-option': [ '7.27.1' ],
91 silly audit   '@babel/helper-wrap-function': [ '7.28.3' ],
91 silly audit   '@babel/helpers': [ '7.28.4' ],
91 silly audit   '@babel/parser': [ '7.28.5' ],
91 silly audit   '@babel/plugin-bugfix-firefox-class-in-computed-class-key': [ '7.28.5' ],
91 silly audit   '@babel/plugin-bugfix-safari-class-field-initializer-scope': [ '7.27.1' ],
91 silly audit   '@babel/plugin-bugfix-safari-id-destructuring-collision-in-function-expression': [ '7.27.1' ],
91 silly audit   '@babel/plugin-bugfix-v8-spread-parameters-in-optional-chaining': [ '7.27.1' ],
91 silly audit   '@babel/plugin-bugfix-v8-static-class-fields-redefine-readonly': [ '7.28.3' ],
91 silly audit   '@babel/plugin-proposal-decorators': [ '7.28.0' ],
91 silly audit   '@babel/plugin-proposal-private-property-in-object': [ '7.21.0-placeholder-for-preset-env.2' ],
91 silly audit   '@babel/plugin-syntax-decorators': [ '7.27.1' ],
91 silly audit   '@babel/plugin-syntax-import-assertions': [ '7.27.1' ],
91 silly audit   '@babel/plugin-syntax-import-attributes': [ '7.27.1' ],
91 silly audit   '@babel/plugin-syntax-jsx': [ '7.27.1' ],
91 silly audit   '@babel/plugin-syntax-typescript': [ '7.27.1' ],
91 silly audit   '@babel/plugin-syntax-unicode-sets-regex': [ '7.18.6' ],
91 silly audit   '@babel/plugin-transform-arrow-functions': [ '7.27.1' ],
91 silly audit   '@babel/plugin-transform-async-generator-functions': [ '7.28.0' ],
91 silly audit   '@babel/plugin-transform-async-to-generator': [ '7.27.1' ],
91 silly audit   '@babel/plugin-transform-block-scoped-functions': [ '7.27.1' ],
91 silly audit   '@babel/plugin-transform-block-scoping': [ '7.28.5' ],
91 silly audit   '@babel/plugin-transform-class-properties': [ '7.27.1' ],
91 silly audit   '@babel/plugin-transform-class-static-block': [ '7.28.3' ],
91 silly audit   '@babel/plugin-transform-classes': [ '7.28.4' ],
91 silly audit   '@babel/plugin-transform-computed-properties': [ '7.27.1' ],
91 silly audit   '@babel/plugin-transform-destructuring': [ '7.28.5' ],
91 silly audit   '@babel/plugin-transform-dotall-regex': [ '7.27.1' ],
91 silly audit   '@babel/plugin-transform-duplicate-keys': [ '7.27.1' ],
91 silly audit   '@babel/plugin-transform-duplicate-named-capturing-groups-regex': [ '7.27.1' ],
91 silly audit   '@babel/plugin-transform-dynamic-import': [ '7.27.1' ],
91 silly audit   '@babel/plugin-transform-explicit-resource-management': [ '7.28.0' ],
91 silly audit   '@babel/plugin-transform-exponentiation-operator': [ '7.28.5' ],
91 silly audit   '@babel/plugin-transform-export-namespace-from': [ '7.27.1' ],
91 silly audit   '@babel/plugin-transform-for-of': [ '7.27.1' ],
91 silly audit   '@babel/plugin-transform-function-name': [ '7.27.1' ],
91 silly audit   '@babel/plugin-transform-json-strings': [ '7.27.1' ],
91 silly audit   '@babel/plugin-transform-literals': [ '7.27.1' ],
91 silly audit   '@babel/plugin-transform-logical-assignment-operators': [ '7.28.5' ],
91 silly audit   '@babel/plugin-transform-member-expression-literals': [ '7.27.1' ],
91 silly audit   '@babel/plugin-transform-modules-amd': [ '7.27.1' ],
91 silly audit   '@babel/plugin-transform-modules-commonjs': [ '7.27.1' ],
91 silly audit   '@babel/plugin-transform-modules-systemjs': [ '7.28.5' ],
91 silly audit   '@babel/plugin-transform-modules-umd': [ '7.27.1' ],
91 silly audit   '@babel/plugin-transform-named-capturing-groups-regex': [ '7.27.1' ],
91 silly audit   '@babel/plugin-transform-new-target': [ '7.27.1' ],
91 silly audit   '@babel/plugin-transform-nullish-coalescing-operator': [ '7.27.1' ],
91 silly audit   '@babel/plugin-transform-numeric-separator': [ '7.27.1' ],
91 silly audit   '@babel/plugin-transform-object-rest-spread': [ '7.28.4' ],
91 silly audit   '@babel/plugin-transform-object-super': [ '7.27.1' ],
91 silly audit   '@babel/plugin-transform-optional-catch-binding': [ '7.27.1' ],
91 silly audit   '@babel/plugin-transform-optional-chaining': [ '7.28.5' ],
91 silly audit   '@babel/plugin-transform-parameters': [ '7.27.7' ],
91 silly audit   '@babel/plugin-transform-private-methods': [ '7.27.1' ],
91 silly audit   '@babel/plugin-transform-private-property-in-object': [ '7.27.1' ],
91 silly audit   '@babel/plugin-transform-property-literals': [ '7.27.1' ],
91 silly audit   '@babel/plugin-transform-react-constant-elements': [ '7.27.1' ],
91 silly audit   '@babel/plugin-transform-react-display-name': [ '7.28.0' ],
91 silly audit   '@babel/plugin-transform-react-jsx': [ '7.27.1' ],
91 silly audit   '@babel/plugin-transform-react-jsx-development': [ '7.27.1' ],
91 silly audit   '@babel/plugin-transform-react-pure-annotations': [ '7.27.1' ],
91 silly audit   '@babel/plugin-transform-regenerator': [ '7.28.4' ],
91 silly audit   '@babel/plugin-transform-regexp-modifiers': [ '7.27.1' ],
91 silly audit   '@babel/plugin-transform-reserved-words': [ '7.27.1' ],
91 silly audit   '@babel/plugin-transform-runtime': [ '7.28.5' ],
91 silly audit   '@babel/plugin-transform-shorthand-properties': [ '7.27.1' ],
91 silly audit   '@babel/plugin-transform-spread': [ '7.27.1' ],
91 silly audit   '@babel/plugin-transform-sticky-regex': [ '7.27.1' ],
91 silly audit   '@babel/plugin-transform-template-literals': [ '7.27.1' ],
91 silly audit   '@babel/plugin-transform-typeof-symbol': [ '7.27.1' ],
91 silly audit   '@babel/plugin-transform-typescript': [ '7.28.5' ],
91 silly audit   '@babel/plugin-transform-unicode-escapes': [ '7.27.1' ],
91 silly audit   '@babel/plugin-transform-unicode-property-regex': [ '7.27.1' ],
91 silly audit   '@babel/plugin-transform-unicode-regex': [ '7.27.1' ],
91 silly audit   '@babel/plugin-transform-unicode-sets-regex': [ '7.27.1' ],
91 silly audit   '@babel/preset-env': [ '7.28.5' ],
91 silly audit   '@babel/preset-modules': [ '0.1.6-no-external-plugins' ],
91 silly audit   '@babel/preset-react': [ '7.28.5' ],
91 silly audit   '@babel/preset-typescript': [ '7.28.5' ],
91 silly audit   '@babel/runtime': [ '7.28.4' ],
91 silly audit   '@babel/template': [ '7.27.2' ],
91 silly audit   '@babel/traverse': [ '7.28.5' ],
91 silly audit   '@babel/types': [ '7.28.5' ],
91 silly audit   '@bufbuild/protobuf': [ '2.10.2' ],
91 silly audit   '@emnapi/core': [ '1.8.1' ],
91 silly audit   '@emnapi/runtime': [ '1.8.1' ],
91 silly audit   '@emnapi/wasi-threads': [ '1.1.0' ],
91 silly audit   '@esbuild/aix-ppc64': [ '0.27.2' ],
91 silly audit   '@esbuild/android-arm': [ '0.27.2' ],
91 silly audit   '@esbuild/android-arm64': [ '0.27.2' ],
91 silly audit   '@esbuild/android-x64': [ '0.27.2' ],
91 silly audit   '@esbuild/darwin-arm64': [ '0.27.2' ],
91 silly audit   '@esbuild/darwin-x64': [ '0.27.2' ],
91 silly audit   '@esbuild/freebsd-arm64': [ '0.27.2' ],
91 silly audit   '@esbuild/freebsd-x64': [ '0.27.2' ],
91 silly audit   '@esbuild/linux-arm': [ '0.27.2' ],
91 silly audit   '@esbuild/linux-arm64': [ '0.27.2' ],
91 silly audit   '@esbuild/linux-ia32': [ '0.27.2' ],
91 silly audit   '@esbuild/linux-loong64': [ '0.27.2' ],
91 silly audit   '@esbuild/linux-mips64el': [ '0.27.2' ],
91 silly audit   '@esbuild/linux-ppc64': [ '0.27.2' ],
91 silly audit   '@esbuild/linux-riscv64': [ '0.27.2' ],
91 silly audit   '@esbuild/linux-s390x': [ '0.27.2' ],
91 silly audit   '@esbuild/linux-x64': [ '0.27.2' ],
91 silly audit   '@esbuild/netbsd-arm64': [ '0.27.2' ],
91 silly audit   '@esbuild/netbsd-x64': [ '0.27.2' ],
91 silly audit   '@esbuild/openbsd-arm64': [ '0.27.2' ],
91 silly audit   '@esbuild/openbsd-x64': [ '0.27.2' ],
91 silly audit   '@esbuild/openharmony-arm64': [ '0.27.2' ],
91 silly audit   '@esbuild/sunos-x64': [ '0.27.2' ],
91 silly audit   '@esbuild/win32-arm64': [ '0.27.2' ],
91 silly audit   '@esbuild/win32-ia32': [ '0.27.2' ],
91 silly audit   '@esbuild/win32-x64': [ '0.27.2' ],
91 silly audit   '@eslint-community/eslint-utils': [ '4.9.1' ],
91 silly audit   '@eslint-community/regexpp': [ '4.12.2' ],
91 silly audit   '@eslint/config-array': [ '0.21.1' ],
91 silly audit   'brace-expansion': [ '1.1.12', '2.0.2' ],
91 silly audit   minimatch: [ '3.1.2', '9.0.5', '5.1.6', '9.0.3' ],
91 silly audit   '@eslint/config-helpers': [ '0.4.2' ],
91 silly audit   '@eslint/core': [ '0.17.0' ],
91 silly audit   '@eslint/eslintrc': [ '3.3.3' ],
91 silly audit   ajv: [ '6.12.6', '8.17.1' ],
91 silly audit   'json-schema-traverse': [ '0.4.1', '1.0.0' ],
91 silly audit   '@eslint/js': [ '9.39.2' ],
91 silly audit   '@eslint/object-schema': [ '2.1.7' ],
91 silly audit   '@eslint/plugin-kit': [ '0.4.1' ],
91 silly audit   '@humanfs/core': [ '0.19.1' ],
91 silly audit   '@humanfs/node': [ '0.16.7' ],
91 silly audit   '@humanwhocodes/module-importer': [ '1.0.1' ],
91 silly audit   '@humanwhocodes/retry': [ '0.4.3' ],
91 silly audit   '@jest/diff-sequences': [ '30.0.1' ],
91 silly audit   '@jest/get-type': [ '30.1.0' ],
91 silly audit   '@jest/schemas': [ '29.6.3', '30.0.5' ],
91 silly audit   '@jest/types': [ '29.6.3' ],
91 silly audit   chalk: [ '4.1.2', '3.0.0', '5.6.2' ],
91 silly audit   '@jridgewell/gen-mapping': [ '0.3.13' ],
91 silly audit   '@jridgewell/remapping': [ '2.3.5' ],
91 silly audit   '@jridgewell/resolve-uri': [ '3.1.2' ],
91 silly audit   '@jridgewell/source-map': [ '0.3.11' ],
91 silly audit   '@jridgewell/sourcemap-codec': [ '1.5.5' ],
91 silly audit   '@jridgewell/trace-mapping': [ '0.3.31' ],
91 silly audit   '@jsonjoy.com/base64': [ '1.1.2' ],
91 silly audit   '@jsonjoy.com/buffers': [ '1.2.1' ],
91 silly audit   '@jsonjoy.com/codegen': [ '1.0.0' ],
91 silly audit   '@jsonjoy.com/json-pack': [ '1.21.0' ],
91 silly audit   '@jsonjoy.com/json-pointer': [ '1.0.2' ],
91 silly audit   '@jsonjoy.com/util': [ '1.9.0' ],
91 silly audit   '@leichtgewicht/ip-codec': [ '2.0.5' ],
91 silly audit   '@module-federation/bridge-react-webpack-plugin': [ '0.21.6', '0.22.0' ],
91 silly audit   '@module-federation/cli': [ '0.21.6', '0.22.0' ],
91 silly audit   '@module-federation/dts-plugin': [ '0.21.6', '0.22.0' ],
91 silly audit   '@module-federation/enhanced': [ '0.21.6', '0.22.0' ],
91 silly audit   '@module-federation/data-prefetch': [ '0.21.6', '0.22.0' ],
91 silly audit   react: [ '19.2.3', '18.3.1' ],
91 silly audit   'react-dom': [ '19.2.3' ],
91 silly audit   '@module-federation/error-codes': [ '0.21.6', '0.22.0' ],
91 silly audit   '@module-federation/inject-external-runtime-core-plugin': [ '0.21.6', '0.22.0' ],
91 silly audit   '@module-federation/managers': [ '0.21.6', '0.22.0' ],
91 silly audit   '@module-federation/manifest': [ '0.21.6', '0.22.0' ],
91 silly audit   '@module-federation/rspack': [ '0.21.6', '0.22.0' ],
91 silly audit   '@module-federation/runtime': [ '0.21.6', '0.22.0' ],
91 silly audit   '@module-federation/runtime-core': [ '0.21.6', '0.22.0' ],
91 silly audit   '@module-federation/runtime-tools': [ '0.21.6', '0.22.0' ],
91 silly audit   '@module-federation/sdk': [ '0.21.6', '0.22.0' ],
91 silly audit   '@module-federation/third-party-dts-extractor': [ '0.21.6', '0.22.0' ],
91 silly audit   '@module-federation/webpack-bundler-runtime': [ '0.21.6', '0.22.0' ],
91 silly audit   '@napi-rs/wasm-runtime': [ '1.0.7', '0.2.4' ],
91 silly audit   '@nodelib/fs.scandir': [ '2.1.5' ],
91 silly audit   '@nodelib/fs.stat': [ '2.0.5' ],
91 silly audit   '@nodelib/fs.walk': [ '1.2.8' ],
91 silly audit   '@nx/angular': [ '22.3.3' ],
91 silly audit   jiti: [ '2.4.2', '2.6.1' ],
91 silly audit   '@module-federation/node': [ '2.7.26' ],
91 silly audit   '@nx/rspack': [ '22.3.3' ],
91 silly audit   cosmiconfig: [ '9.0.0', '7.1.0', '8.3.6' ],
91 silly audit   picomatch: [ '4.0.2', '2.3.1', '4.0.3' ],
91 silly audit   'postcss-loader': [ '8.2.0', '6.2.1' ],
91 silly audit   '@nx/devkit': [ '22.3.3' ],
91 silly audit   '@nx/eslint': [ '22.3.3' ],
91 silly audit   '@nx/js': [ '22.3.3' ],
91 silly audit   'jsonc-parser': [ '3.2.0', '3.3.1' ],
91 silly audit   '@nx/module-federation': [ '22.3.3' ],
91 silly audit   '@nx/nx-darwin-arm64': [ '22.3.3' ],
91 silly audit   '@nx/nx-darwin-x64': [ '22.3.3' ],
91 silly audit   '@nx/nx-freebsd-x64': [ '22.3.3' ],
91 silly audit   '@nx/nx-linux-arm-gnueabihf': [ '22.3.3' ],
91 silly audit   '@nx/nx-linux-arm64-gnu': [ '22.3.3' ],
91 silly audit   '@nx/nx-linux-arm64-musl': [ '22.3.3' ],
91 silly audit   '@nx/nx-linux-x64-gnu': [ '22.3.3' ],
91 silly audit   '@nx/nx-linux-x64-musl': [ '22.3.3' ],
91 silly audit   '@nx/nx-win32-arm64-msvc': [ '22.3.3' ],
91 silly audit   '@nx/nx-win32-x64-msvc': [ '22.3.3' ],
91 silly audit   '@nx/react': [ '22.3.3' ],
91 silly audit   '@nx/rollup': [ '22.3.3' ],
91 silly audit   '@nx/vite': [ '22.3.3' ],
91 silly audit   '@nx/vitest': [ '22.3.3' ],
91 silly audit   '@nx/web': [ '22.3.3' ],
91 silly audit   '@nx/webpack': [ '22.3.3' ],
91 silly audit   '@nx/workspace': [ '22.3.3' ],
91 silly audit   '@parcel/watcher': [ '2.5.1' ],
91 silly audit   '@parcel/watcher-android-arm64': [ '2.5.1' ],
91 silly audit   '@parcel/watcher-darwin-arm64': [ '2.5.1' ],
91 silly audit   '@parcel/watcher-darwin-x64': [ '2.5.1' ],
91 silly audit   '@parcel/watcher-freebsd-x64': [ '2.5.1' ],
91 silly audit   '@parcel/watcher-linux-arm-glibc': [ '2.5.1' ],
91 silly audit   '@parcel/watcher-linux-arm-musl': [ '2.5.1' ],
91 silly audit   '@parcel/watcher-linux-arm64-glibc': [ '2.5.1' ],
91 silly audit   '@parcel/watcher-linux-arm64-musl': [ '2.5.1' ],
91 silly audit   '@parcel/watcher-linux-x64-glibc': [ '2.5.1' ],
91 silly audit   '@parcel/watcher-linux-x64-musl': [ '2.5.1' ],
91 silly audit   '@parcel/watcher-win32-arm64': [ '2.5.1' ],
91 silly audit   '@parcel/watcher-win32-ia32': [ '2.5.1' ],
91 silly audit   '@parcel/watcher-win32-x64': [ '2.5.1' ],
91 silly audit   '@phenomnomnominal/tsquery': [ '5.0.1' ],
91 silly audit   '@rollup/plugin-babel': [ '6.1.0' ],
91 silly audit   '@rollup/plugin-commonjs': [ '25.0.8' ],
91 silly audit   '@rollup/plugin-image': [ '3.0.3' ],
91 silly audit   '@rollup/plugin-json': [ '6.1.0' ],
91 silly audit   '@rollup/plugin-node-resolve': [ '15.3.1' ],
91 silly audit   '@rollup/plugin-typescript': [ '12.3.0' ],
91 silly audit   '@rollup/pluginutils': [ '5.3.0', '4.2.1' ],
91 silly audit   '@rollup/rollup-android-arm-eabi': [ '4.55.1' ],
91 silly audit   '@rollup/rollup-android-arm64': [ '4.55.1' ],
91 silly audit   '@rollup/rollup-darwin-arm64': [ '4.55.1' ],
91 silly audit   '@rollup/rollup-darwin-x64': [ '4.55.1' ],
91 silly audit   '@rollup/rollup-freebsd-arm64': [ '4.55.1' ],
91 silly audit   '@rollup/rollup-freebsd-x64': [ '4.55.1' ],
91 silly audit   '@rollup/rollup-linux-arm-gnueabihf': [ '4.55.1' ],
91 silly audit   '@rollup/rollup-linux-arm-musleabihf': [ '4.55.1' ],
91 silly audit   '@rollup/rollup-linux-arm64-gnu': [ '4.55.1' ],
91 silly audit   '@rollup/rollup-linux-arm64-musl': [ '4.55.1' ],
91 silly audit   '@rollup/rollup-linux-loong64-gnu': [ '4.55.1' ],
91 silly audit   '@rollup/rollup-linux-loong64-musl': [ '4.55.1' ],
91 silly audit   '@rollup/rollup-linux-ppc64-gnu': [ '4.55.1' ],
91 silly audit   '@rollup/rollup-linux-ppc64-musl': [ '4.55.1' ],
91 silly audit   '@rollup/rollup-linux-riscv64-gnu': [ '4.55.1' ],
91 silly audit   '@rollup/rollup-linux-riscv64-musl': [ '4.55.1' ],
91 silly audit   '@rollup/rollup-linux-s390x-gnu': [ '4.55.1' ],
91 silly audit   '@rollup/rollup-linux-x64-gnu': [ '4.55.1' ],
91 silly audit   '@rollup/rollup-linux-x64-musl': [ '4.55.1' ],
91 silly audit   '@rollup/rollup-openbsd-x64': [ '4.55.1' ],
91 silly audit   '@rollup/rollup-openharmony-arm64': [ '4.55.1' ],
91 silly audit   '@rollup/rollup-win32-arm64-msvc': [ '4.55.1' ],
91 silly audit   '@rollup/rollup-win32-ia32-msvc': [ '4.55.1' ],
91 silly audit   '@rollup/rollup-win32-x64-gnu': [ '4.55.1' ],
91 silly audit   '@rollup/rollup-win32-x64-msvc': [ '4.55.1' ],
91 silly audit   '@rspack/binding': [ '1.7.0' ],
91 silly audit   '@rspack/binding-darwin-arm64': [ '1.7.0' ],
91 silly audit   '@rspack/binding-darwin-x64': [ '1.7.0' ],
91 silly audit   '@rspack/binding-linux-arm64-gnu': [ '1.7.0' ],
91 silly audit   '@rspack/binding-linux-arm64-musl': [ '1.7.0' ],
91 silly audit   '@rspack/binding-linux-x64-gnu': [ '1.7.0' ],
91 silly audit   '@rspack/binding-linux-x64-musl': [ '1.7.0' ],
91 silly audit   '@rspack/binding-wasm32-wasi': [ '1.7.0' ],
91 silly audit   '@rspack/binding-win32-arm64-msvc': [ '1.7.0' ],
91 silly audit   '@rspack/binding-win32-ia32-msvc': [ '1.7.0' ],
91 silly audit   '@rspack/binding-win32-x64-msvc': [ '1.7.0' ],
91 silly audit   '@rspack/core': [ '1.7.0' ],
91 silly audit   '@rspack/dev-server': [ '1.1.5' ],
91 silly audit   'http-proxy-middleware': [ '2.0.9', '3.0.5' ],
91 silly audit   '@rspack/lite-tapable': [ '1.1.0' ],
91 silly audit   '@rspack/plugin-react-refresh': [ '1.5.3' ],
91 silly audit   '@schematics/angular': [ '21.0.4' ],
91 silly audit   '@sinclair/typebox': [ '0.27.8', '0.34.46' ],
91 silly audit   '@standard-schema/spec': [ '1.1.0' ],
91 silly audit   '@svgr/babel-plugin-add-jsx-attribute': [ '8.0.0' ],
91 silly audit   '@svgr/babel-plugin-remove-jsx-attribute': [ '8.0.0' ],
91 silly audit   '@svgr/babel-plugin-remove-jsx-empty-expression': [ '8.0.0' ],
91 silly audit   '@svgr/babel-plugin-replace-jsx-attribute-value': [ '8.0.0' ],
91 silly audit   '@svgr/babel-plugin-svg-dynamic-title': [ '8.0.0' ],
91 silly audit   '@svgr/babel-plugin-svg-em-dimensions': [ '8.0.0' ],
91 silly audit   '@svgr/babel-plugin-transform-react-native-svg': [ '8.1.0' ],
91 silly audit   '@svgr/babel-plugin-transform-svg-component': [ '8.0.0' ],
91 silly audit   '@svgr/babel-preset': [ '8.1.0' ],
91 silly audit   '@svgr/core': [ '8.1.0' ],
91 silly audit   '@svgr/hast-util-to-babel-ast': [ '8.0.0' ],
91 silly audit   '@svgr/plugin-jsx': [ '8.1.0' ],
91 silly audit   '@svgr/plugin-svgo': [ '8.1.0' ],
91 silly audit   '@svgr/webpack': [ '8.1.0' ],
91 silly audit   '@trysound/sax': [ '0.2.0' ],
91 silly audit   '@tybys/wasm-util': [ '0.10.1', '0.9.0' ],
91 silly audit   '@types/body-parser': [ '1.19.6' ],
91 silly audit   '@types/bonjour': [ '3.5.13' ],
91 silly audit   '@types/chai': [ '5.2.3' ],
91 silly audit   '@types/connect': [ '3.4.38' ],
91 silly audit   '@types/connect-history-api-fallback': [ '1.5.4' ],
91 silly audit   '@types/deep-eql': [ '4.0.2' ],
91 silly audit   '@types/eslint': [ '9.6.1' ],
91 silly audit   '@types/eslint-scope': [ '3.7.7' ],
91 silly audit   '@types/estree': [ '1.0.8' ],
91 silly audit   '@types/express': [ '4.17.25' ],
91 silly audit   '@types/express-serve-static-core': [ '4.19.7' ],
91 silly audit   '@types/http-errors': [ '2.0.5' ],
91 silly audit   '@types/http-proxy': [ '1.17.17' ],
91 silly audit   '@types/istanbul-lib-coverage': [ '2.0.6' ],
91 silly audit   '@types/istanbul-lib-report': [ '3.0.3' ],
91 silly audit   '@types/istanbul-reports': [ '3.0.4' ],
91 silly audit   '@types/json-schema': [ '7.0.15' ],
91 silly audit   '@types/mime': [ '1.3.5' ],
91 silly audit   '@types/node': [ '25.0.3' ],
91 silly audit   '@types/node-forge': [ '1.3.14' ],
91 silly audit   '@types/parse-json': [ '4.0.2' ],
91 silly audit   '@types/qs': [ '6.14.0' ],
91 silly audit   '@types/range-parser': [ '1.2.7' ],
91 silly audit   '@types/resolve': [ '1.20.2' ],
91 silly audit   '@types/retry': [ '0.12.2' ],
91 silly audit   '@types/semver': [ '7.5.8' ],
91 silly audit   '@types/send': [ '1.2.1', '0.17.6' ],
91 silly audit   '@types/serve-index': [ '1.9.4' ],
91 silly audit   '@types/serve-static': [ '1.15.10' ],
91 silly audit   '@types/sockjs': [ '0.3.36' ],
91 silly audit   '@types/ws': [ '8.18.1' ],
91 silly audit   '@types/yargs': [ '17.0.35' ],
91 silly audit   '@types/yargs-parser': [ '21.0.3' ],
91 silly audit   '@typescript-eslint/project-service': [ '8.51.0' ],
91 silly audit   '@typescript-eslint/scope-manager': [ '8.51.0' ],
91 silly audit   '@typescript-eslint/tsconfig-utils': [ '8.51.0' ],
91 silly audit   '@typescript-eslint/type-utils': [ '8.51.0' ],
91 silly audit   '@typescript-eslint/types': [ '8.51.0' ],
91 silly audit   '@typescript-eslint/typescript-estree': [ '8.51.0' ],
91 silly audit   '@typescript-eslint/utils': [ '8.51.0' ],
91 silly audit   '@typescript-eslint/visitor-keys': [ '8.51.0' ],
91 silly audit   'eslint-visitor-keys': [ '4.2.1', '3.4.3' ],
91 silly audit   '@vitest/expect': [ '4.0.16' ],
91 silly audit   '@vitest/mocker': [ '4.0.16' ],
91 silly audit   'estree-walker': [ '3.0.3', '2.0.2', '0.6.1' ],
91 silly audit   'magic-string': [ '0.30.21', '0.30.19' ],
91 silly audit   '@vitest/pretty-format': [ '4.0.16' ],
91 silly audit   '@vitest/runner': [ '4.0.16' ],
91 silly audit   '@vitest/snapshot': [ '4.0.16' ],
91 silly audit   '@vitest/spy': [ '4.0.16' ],
91 silly audit   '@vitest/utils': [ '4.0.16' ],
91 silly audit   '@webassemblyjs/ast': [ '1.14.1' ],
91 silly audit   '@webassemblyjs/floating-point-hex-parser': [ '1.13.2' ],
91 silly audit   '@webassemblyjs/helper-api-error': [ '1.13.2' ],
91 silly audit   '@webassemblyjs/helper-buffer': [ '1.14.1' ],
91 silly audit   '@webassemblyjs/helper-numbers': [ '1.13.2' ],
91 silly audit   '@webassemblyjs/helper-wasm-bytecode': [ '1.13.2' ],
91 silly audit   '@webassemblyjs/helper-wasm-section': [ '1.14.1' ],
91 silly audit   '@webassemblyjs/ieee754': [ '1.13.2' ],
91 silly audit   '@webassemblyjs/leb128': [ '1.13.2' ],
91 silly audit   '@webassemblyjs/utf8': [ '1.13.2' ],
91 silly audit   '@webassemblyjs/wasm-edit': [ '1.14.1' ],
91 silly audit   '@webassemblyjs/wasm-gen': [ '1.14.1' ],
91 silly audit   '@webassemblyjs/wasm-opt': [ '1.14.1' ],
91 silly audit   '@webassemblyjs/wasm-parser': [ '1.14.1' ],
91 silly audit   '@webassemblyjs/wast-printer': [ '1.14.1' ],
91 silly audit   '@xstate/react': [ '4.1.3' ],
91 silly audit   '@xtuc/ieee754': [ '1.2.0' ],
91 silly audit   '@xtuc/long': [ '4.2.2' ],
91 silly audit   '@yarnpkg/lockfile': [ '1.1.0' ],
91 silly audit   '@yarnpkg/parsers': [ '3.0.2' ],
91 silly audit   argparse: [ '1.0.10', '2.0.1' ],
91 silly audit   'js-yaml': [ '3.14.2', '4.1.1' ],
91 silly audit   '@zkochan/js-yaml': [ '0.0.7' ],
91 silly audit   accepts: [ '1.3.8' ],
91 silly audit   acorn: [ '8.15.0' ],
91 silly audit   'acorn-import-phases': [ '1.0.4' ],
91 silly audit   'acorn-jsx': [ '5.3.2' ],
91 silly audit   address: [ '1.2.2' ],
91 silly audit   'adm-zip': [ '0.5.16' ],
91 silly audit   'ajv-formats': [ '3.0.1', '2.1.1' ],
91 silly audit   'ajv-keywords': [ '5.1.0', '3.5.2' ],
91 silly audit   'ansi-colors': [ '4.1.3' ],
91 silly audit   'ansi-html-community': [ '0.0.8' ],
91 silly audit   'ansi-regex': [ '5.0.1', '6.2.2' ],
91 silly audit   'ansi-styles': [ '4.3.0', '5.2.0' ],
91 silly audit   'array-flatten': [ '1.1.1' ],
91 silly audit   'array-union': [ '3.0.1' ],
91 silly audit   'assertion-error': [ '2.0.1' ],
91 silly audit   async: [ '3.2.6' ],
91 silly audit   asynckit: [ '0.4.0' ],
91 silly audit   'at-least-node': [ '1.0.0' ],
91 silly audit   autoprefixer: [ '10.4.23' ],
91 silly audit   axios: [ '1.13.2' ],
91 silly audit   'babel-loader': [ '9.2.1' ],
91 silly audit   'babel-plugin-const-enum': [ '1.2.0' ],
91 silly audit   'babel-plugin-macros': [ '3.1.0' ],
91 silly audit   yaml: [ '1.10.2', '2.8.2' ],
91 silly audit   'babel-plugin-polyfill-corejs2': [ '0.4.14' ],
91 silly audit   'babel-plugin-polyfill-corejs3': [ '0.13.0' ],
91 silly audit   'babel-plugin-polyfill-regenerator': [ '0.6.5' ],
91 silly audit   'babel-plugin-transform-typescript-metadata': [ '0.3.2' ],
91 silly audit   'balanced-match': [ '1.0.2' ],
91 silly audit   'base64-js': [ '1.5.1' ],
91 silly audit   'baseline-browser-mapping': [ '2.9.11' ],
91 silly audit   'basic-auth': [ '2.0.1' ],
91 silly audit   'safe-buffer': [ '5.1.2', '5.2.1' ],
91 silly audit   batch: [ '0.6.1' ],
91 silly audit   'big.js': [ '5.2.2' ],
91 silly audit   bl: [ '4.1.0' ],
91 silly audit   'body-parser': [ '1.20.4' ],
91 silly audit   debug: [ '2.6.9', '4.4.3' ],
91 silly audit   ms: [ '2.0.0', '2.1.3' ],
91 silly audit   'bonjour-service': [ '1.3.0' ],
91 silly audit   boolbase: [ '1.0.0' ],
91 silly audit   braces: [ '3.0.3' ],
91 silly audit   browserslist: [ '4.28.1' ],
91 silly audit   btoa: [ '1.2.1' ],
91 silly audit   buffer: [ '5.7.1' ],
91 silly audit   'buffer-builder': [ '0.2.0' ],
91 silly audit   'buffer-from': [ '1.1.2' ],
91 silly audit   'bundle-name': [ '4.1.0' ],
91 silly audit   bytes: [ '3.1.2' ],
91 silly audit   'call-bind-apply-helpers': [ '1.0.2' ],
91 silly audit   'call-bound': [ '1.0.4' ],
91 silly audit   callsites: [ '3.1.0' ],
91 silly audit   camelcase: [ '6.3.0' ],
91 silly audit   'caniuse-api': [ '3.0.0' ],
91 silly audit   'caniuse-lite': [ '1.0.30001762' ],
91 silly audit   chai: [ '6.2.2' ],
91 silly audit   chokidar: [ '4.0.3', '3.6.0' ],
91 silly audit   'glob-parent': [ '5.1.2', '6.0.2' ],
91 silly audit   'chrome-trace-event': [ '1.0.4' ],
91 silly audit   'ci-info': [ '3.9.0' ],
91 silly audit   'class-variance-authority': [ '0.7.1' ],
91 silly audit   'cli-cursor': [ '3.1.0', '5.0.0' ],
91 silly audit   'cli-spinners': [ '2.6.1', '3.3.0' ],
91 silly audit   cliui: [ '8.0.1' ],
91 silly audit   clone: [ '1.0.4' ],
91 silly audit   'clone-deep': [ '4.0.1' ],
91 silly audit   'is-plain-object': [ '2.0.4', '5.0.0' ],
91 silly audit   clsx: [ '2.1.1' ],
91 silly audit   'color-convert': [ '2.0.1' ],
91 silly audit   'color-name': [ '1.1.4' ],
91 silly audit   colord: [ '2.9.3' ],
91 silly audit   colorette: [ '2.0.20' ],
91 silly audit   'colorjs.io': [ '0.5.2' ],
91 silly audit   columnify: [ '1.6.0' ],
91 silly audit   'combined-stream': [ '1.0.8' ],
91 silly audit   commander: [ '11.1.0', '7.2.0', '2.20.3' ],
91 silly audit   'common-path-prefix': [ '3.0.0' ],
91 silly audit   commondir: [ '1.0.1' ],
91 silly audit   compressible: [ '2.0.18' ],
91 silly audit   compression: [ '1.8.1' ],
91 silly audit   negotiator: [ '0.6.4', '0.6.3' ],
91 silly audit   'concat-map': [ '0.0.1' ],
91 silly audit   'concat-with-sourcemaps': [ '1.1.0' ],
91 silly audit   'source-map': [ '0.6.1', '0.7.6' ],
91 silly audit   'connect-history-api-fallback': [ '2.0.0' ],
91 silly audit   'content-disposition': [ '0.5.4' ],
91 silly audit   'content-type': [ '1.0.5' ],
91 silly audit   'convert-source-map': [ '2.0.0' ],
91 silly audit   cookie: [ '0.7.2' ],
91 silly audit   'cookie-signature': [ '1.0.7' ],
91 silly audit   cookies: [ '0.9.1' ],
91 silly audit   'copy-anything': [ '2.0.6' ],
91 silly audit   'copy-webpack-plugin': [ '10.2.4' ],
91 silly audit   'core-js-compat': [ '3.47.0' ],
91 silly audit   'core-util-is': [ '1.0.3' ],
91 silly audit   corser: [ '2.0.1' ],
91 silly audit   'cron-parser': [ '4.9.0' ],
91 silly audit   'cross-spawn': [ '7.0.6' ],
91 silly audit   'css-declaration-sorter': [ '7.3.1', '6.4.1' ],
91 silly audit   'css-loader': [ '6.11.0' ],
91 silly audit   'css-minimizer-webpack-plugin': [ '5.0.1' ],
91 silly audit   'css-select': [ '5.2.2', '4.3.0' ],
91 silly audit   'css-tree': [ '2.3.1', '2.2.1', '1.1.3' ],
91 silly audit   'css-what': [ '6.2.2' ],
91 silly audit   cssesc: [ '3.0.0' ],
91 silly audit   cssnano: [ '6.1.2', '5.1.15' ],
91 silly audit   'cssnano-preset-default': [ '6.1.2', '5.2.14' ],
91 silly audit   'cssnano-utils': [ '4.0.2', '3.1.0' ],
91 silly audit   csso: [ '5.0.5', '4.2.0' ],
91 silly audit   'mdn-data': [ '2.0.28', '2.0.30', '2.0.14' ],
91 silly audit   'date-format': [ '4.0.14' ],
91 silly audit   'deep-equal': [ '1.0.1' ],
91 silly audit   'deep-is': [ '0.1.4' ],
91 silly audit   deepmerge: [ '4.3.1' ],
91 silly audit   'default-browser': [ '5.4.0' ],
91 silly audit   'default-browser-id': [ '5.0.1' ],
91 silly audit   defaults: [ '1.0.4' ],
91 silly audit   'define-lazy-prop': [ '2.0.0', '3.0.0' ],
91 silly audit   'delayed-stream': [ '1.0.0' ],
91 silly audit   delegates: [ '1.0.0' ],
91 silly audit   depd: [ '2.0.0', '1.1.2' ],
91 silly audit   destroy: [ '1.2.0' ],
91 silly audit   'detect-libc': [ '1.0.3' ],
91 silly audit   'detect-node': [ '2.1.0' ],
91 silly audit   'detect-port': [ '1.6.1' ],
91 silly audit   'dir-glob': [ '3.0.1' ],
91 silly audit   'dns-packet': [ '5.6.1' ],
91 silly audit   'dom-serializer': [ '2.0.0', '1.4.1' ],
91 silly audit   domelementtype: [ '2.3.0' ],
91 silly audit   domhandler: [ '5.0.3', '4.3.1' ],
91 silly audit   domutils: [ '3.2.2', '2.8.0' ],
91 silly audit   'dot-case': [ '3.0.4' ],
91 silly audit   dotenv: [ '16.4.7' ],
91 silly audit   'dotenv-expand': [ '11.0.7' ],
91 silly audit   'dunder-proto': [ '1.0.1' ],
91 silly audit   'ee-first': [ '1.1.1' ],
91 silly audit   ejs: [ '3.1.10' ],
91 silly audit   'electron-to-chromium': [ '1.5.267' ],
91 silly audit   'emoji-regex': [ '8.0.0' ],
91 silly audit   'emojis-list': [ '3.0.0' ],
91 silly audit   encodeurl: [ '2.0.0' ],
91 silly audit   encoding: [ '0.1.13' ],
91 silly audit   'iconv-lite': [ '0.6.3', '0.4.24' ],
91 silly audit   'end-of-stream': [ '1.4.5' ],
91 silly audit   'enhanced-resolve': [ '5.18.4' ],
91 silly audit   enquirer: [ '2.3.6' ],
91 silly audit   entities: [ '4.5.0', '2.2.0' ],
91 silly audit   'env-paths': [ '2.2.1' ],
91 silly audit   errno: [ '0.1.8' ],
91 silly audit   'error-ex': [ '1.3.4' ],
91 silly audit   'error-stack-parser': [ '2.1.4' ],
91 silly audit   'es-define-property': [ '1.0.1' ],
91 silly audit   'es-errors': [ '1.3.0' ],
91 silly audit   'es-module-lexer': [ '1.7.0', '2.0.0' ],
91 silly audit   'es-object-atoms': [ '1.1.1' ],
91 silly audit   'es-set-tostringtag': [ '2.1.0' ],
91 silly audit   esbuild: [ '0.27.2' ],
91 silly audit   escalade: [ '3.2.0' ],
91 silly audit   'escape-html': [ '1.0.3' ],
91 silly audit   'escape-string-regexp': [ '4.0.0', '1.0.5' ],
91 silly audit   eslint: [ '9.39.2' ],
91 silly audit   'eslint-scope': [ '8.4.0', '5.1.1' ],
91 silly audit   espree: [ '10.4.0' ],
91 silly audit   esprima: [ '4.0.1' ],
91 silly audit   esquery: [ '1.7.0' ],
91 silly audit   esrecurse: [ '4.3.0' ],
91 silly audit   estraverse: [ '5.3.0', '4.3.0' ],
91 silly audit   esutils: [ '2.0.3' ],
91 silly audit   etag: [ '1.8.1' ],
91 silly audit   eventemitter3: [ '4.0.7' ],
91 silly audit   events: [ '3.3.0' ],
91 silly audit   'expand-tilde': [ '2.0.2' ],
91 silly audit   'expect-type': [ '1.3.0' ],
91 silly audit   express: [ '4.22.1' ],
91 silly audit   'fast-deep-equal': [ '3.1.3' ],
91 silly audit   'fast-glob': [ '3.3.3' ],
91 silly audit   'fast-json-stable-stringify': [ '2.1.0' ],
91 silly audit   'fast-levenshtein': [ '2.0.6' ],
91 silly audit   'fast-uri': [ '3.1.0' ],
91 silly audit   fastq: [ '1.20.1' ],
91 silly audit   'faye-websocket': [ '0.11.4' ],
91 silly audit   fdir: [ '6.5.0' ],
91 silly audit   figures: [ '3.2.0' ],
91 silly audit   'file-entry-cache': [ '8.0.0' ],
91 silly audit   'file-loader': [ '6.2.0' ],
91 silly audit   'schema-utils': [ '3.3.0', '4.3.3' ],
91 silly audit   filelist: [ '1.0.4' ],
91 silly audit   'fill-range': [ '7.1.1' ],
91 silly audit   finalhandler: [ '1.3.2' ],
91 silly audit   'find-cache-dir': [ '4.0.0', '3.3.2' ],
91 silly audit   'find-file-up': [ '2.0.1' ],
91 silly audit   'find-pkg': [ '2.0.0' ],
91 silly audit   'find-up': [ '5.0.0', '6.3.0', '4.1.0' ],
91 silly audit   flat: [ '5.0.2' ],
91 silly audit   'flat-cache': [ '4.0.1' ],
91 silly audit   flatted: [ '3.3.3' ],
91 silly audit   'follow-redirects': [ '1.15.11' ],
91 silly audit   'fork-ts-checker-webpack-plugin': [ '7.2.13' ],
91 silly audit   'fs-extra': [ '10.1.0', '9.1.0', '8.1.0' ],
91 silly audit   'form-data': [ '4.0.5' ],
91 silly audit   forwarded: [ '0.2.0' ],
91 silly audit   'fraction.js': [ '5.3.4' ],
91 silly audit   fresh: [ '0.5.2' ],
91 silly audit   'front-matter': [ '4.0.2' ],
91 silly audit   'fs-constants': [ '1.0.0' ],
91 silly audit   'fs-monkey': [ '1.1.0' ],
91 silly audit   'fs.realpath': [ '1.0.0' ],
91 silly audit   fsevents: [ '2.3.3' ],
91 silly audit   'function-bind': [ '1.1.2' ],
91 silly audit   'generic-names': [ '4.0.0' ],
91 silly audit   'loader-utils': [ '3.3.1', '2.0.4' ],
91 silly audit   gensync: [ '1.0.0-beta.2' ],
91 silly audit   'get-caller-file': [ '2.0.5' ],
91 silly audit   'get-east-asian-width': [ '1.4.0' ],
91 silly audit   'get-intrinsic': [ '1.3.0' ],
91 silly audit   'get-proto': [ '1.0.1' ],
91 silly audit   glob: [ '8.1.0' ],
91 silly audit   'glob-to-regex.js': [ '1.2.0' ],
91 silly audit   'glob-to-regexp': [ '0.4.1' ],
91 silly audit   'global-modules': [ '1.0.0' ],
91 silly audit   'global-prefix': [ '1.0.2' ],
91 silly audit   which: [ '1.3.1', '2.0.2' ],
91 silly audit   globals: [ '14.0.0' ],
91 silly audit   globby: [ '12.2.0' ],
91 silly audit   gopd: [ '1.2.0' ],
91 silly audit   'graceful-fs': [ '4.2.11' ],
91 silly audit   'handle-thing': [ '2.0.1' ],
91 silly audit   'has-flag': [ '4.0.0' ],
91 silly audit   'has-symbols': [ '1.1.0' ],
91 silly audit   'has-tostringtag': [ '1.0.2' ],
91 silly audit   hasown: [ '2.0.2' ],
91 silly audit   he: [ '1.2.0' ],
91 silly audit   'homedir-polyfill': [ '1.0.3' ],
91 silly audit   'hpack.js': [ '2.1.6' ],
91 silly audit   'readable-stream': [ '2.3.8', '3.6.2' ],
91 silly audit   string_decoder: [ '1.1.1', '1.3.0' ],
91 silly audit   'html-encoding-sniffer': [ '3.0.0' ],
91 silly audit   'html-entities': [ '2.6.0' ],
91 silly audit   'http-assert': [ '1.5.0' ],
91 silly audit   'http-errors': [ '1.8.1', '2.0.1', '1.6.3' ],
91 silly audit   statuses: [ '1.5.0', '2.0.2' ],
91 silly audit   'http-deceiver': [ '1.2.7' ],
91 silly audit   'http-parser-js': [ '0.5.10' ],
91 silly audit   'http-proxy': [ '1.18.1' ],
91 silly audit   'http-server': [ '14.1.1' ],
91 silly audit   hyperdyperid: [ '1.2.0' ],
91 silly audit   'icss-replace-symbols': [ '1.1.0' ],
91 silly audit   'icss-utils': [ '5.1.0' ],
91 silly audit   ieee754: [ '1.2.1' ],
91 silly audit   ignore: [ '5.3.2', '7.0.5' ],
91 silly audit   'image-size': [ '0.5.5' ],
91 silly audit   immutable: [ '5.1.4' ],
91 silly audit   'import-cwd': [ '3.0.0' ],
91 silly audit   'import-fresh': [ '3.3.1' ],
91 silly audit   'import-from': [ '3.0.0' ],
91 silly audit   'resolve-from': [ '5.0.0', '4.0.0' ],
91 silly audit   imurmurhash: [ '0.1.4' ],
91 silly audit   inflight: [ '1.0.6' ],
91 silly audit   inherits: [ '2.0.4', '2.0.3' ],
91 silly audit   ini: [ '1.3.8' ],
91 silly audit   'ipaddr.js': [ '1.9.1', '2.3.0' ],
91 silly audit   'is-arrayish': [ '0.2.1' ],
91 silly audit   'is-core-module': [ '2.16.1' ],
91 silly audit   'is-docker': [ '2.2.1', '3.0.0' ],
91 silly audit   'is-extglob': [ '2.1.1' ],
91 silly audit   'is-fullwidth-code-point': [ '3.0.0' ],
91 silly audit   'is-glob': [ '4.0.3' ],
91 silly audit   'is-inside-container': [ '1.0.0' ],
91 silly audit   'is-interactive': [ '2.0.0', '1.0.0' ],
91 silly audit   'is-module': [ '1.0.0' ],
91 silly audit   'is-network-error': [ '1.3.0' ],
91 silly audit   'is-number': [ '7.0.0' ],
91 silly audit   'is-plain-obj': [ '3.0.0' ],
91 silly audit   'is-reference': [ '1.2.1' ],
91 silly audit   'is-unicode-supported': [ '2.1.0', '0.1.0' ],
91 silly audit   'is-what': [ '3.14.1' ],
91 silly audit   'is-windows': [ '1.0.2' ],
91 silly audit   'is-wsl': [ '2.2.0', '3.1.0' ],
91 silly audit   isarray: [ '1.0.0' ],
91 silly audit   isexe: [ '2.0.0' ],
91 silly audit   isobject: [ '3.0.1' ],
91 silly audit   'isomorphic-ws': [ '5.0.0' ],
91 silly audit   jake: [ '10.9.4' ],
91 silly audit   'jest-diff': [ '30.2.0' ],
91 silly audit   'jest-util': [ '29.7.0' ],
91 silly audit   'jest-worker': [ '29.7.0', '27.5.1' ],
91 silly audit   'supports-color': [ '8.1.1', '7.2.0' ],
91 silly audit   'js-tokens': [ '4.0.0' ],
91 silly audit   jsesc: [ '3.1.0' ],
91 silly audit   'json-buffer': [ '3.0.1' ],
91 silly audit   'json-parse-even-better-errors': [ '2.3.1' ],
91 silly audit   'json-stable-stringify-without-jsonify': [ '1.0.1' ],
91 silly audit   json5: [ '2.2.3' ],
91 silly audit   jsonfile: [ '6.2.0', '4.0.0' ],
91 silly audit   keygrip: [ '1.1.0' ],
91 silly audit   keyv: [ '4.5.4' ],
91 silly audit   'kind-of': [ '6.0.3' ],
91 silly audit   klona: [ '2.0.6' ],
91 silly audit   koa: [ '3.0.3' ],
91 silly audit   'koa-compose': [ '4.1.0' ],
91 silly audit   'media-typer': [ '1.1.0', '0.3.0' ],
91 silly audit   'mime-db': [ '1.54.0', '1.52.0' ],
91 silly audit   'mime-types': [ '3.0.2', '2.1.35' ],
91 silly audit   'type-is': [ '2.0.1', '1.6.18' ],
91 silly audit   'launch-editor': [ '2.12.0' ],
91 silly audit   less: [ '4.5.1' ],
91 silly audit   'less-loader': [ '11.1.4' ],
91 silly audit   levn: [ '0.4.1' ],
91 silly audit   'license-webpack-plugin': [ '4.0.2' ],
91 silly audit   lilconfig: [ '3.1.3', '2.1.0' ],
91 silly audit   'lines-and-columns': [ '2.0.3', '1.2.4' ],
91 silly audit   'loader-runner': [ '4.3.1' ],
91 silly audit   'locate-path': [ '6.0.0', '7.2.0', '5.0.0' ],
91 silly audit   'lodash.camelcase': [ '4.3.0' ],
91 silly audit   'lodash.clonedeepwith': [ '4.5.0' ],
91 silly audit   'lodash.debounce': [ '4.0.8' ],
91 silly audit   'lodash.memoize': [ '4.1.2' ],
91 silly audit   'lodash.merge': [ '4.6.2' ],
91 silly audit   'lodash.uniq': [ '4.5.0' ],
91 silly audit   'log-symbols': [ '7.0.1', '4.1.0' ],
91 silly audit   log4js: [ '6.9.1' ],
91 silly audit   'long-timeout': [ '0.1.1' ],
91 silly audit   'loose-envify': [ '1.4.0' ],
91 silly audit   'lower-case': [ '2.0.2' ],
91 silly audit   'lru-cache': [ '5.1.1' ],
91 silly audit   'lucide-react': [ '0.562.0' ],
91 silly audit   luxon: [ '3.7.2' ],
91 silly audit   'make-dir': [ '2.1.0', '3.1.0' ],
91 silly audit   'math-intrinsics': [ '1.1.0' ],
91 silly audit   memfs: [ '3.5.3', '4.51.1' ],
91 silly audit   'merge-descriptors': [ '1.0.3' ],
91 silly audit   'merge-stream': [ '2.0.0' ],
91 silly audit   merge2: [ '1.4.1' ],
91 silly audit   methods: [ '1.1.2' ],
91 silly audit   micromatch: [ '4.0.8' ],
91 silly audit   mime: [ '1.6.0' ],
91 silly audit   'mimic-fn': [ '2.1.0' ],
91 silly audit   'mimic-function': [ '5.0.1' ],
91 silly audit   'mini-css-extract-plugin': [ '2.4.7' ],
91 silly audit   'mini-svg-data-uri': [ '1.4.4' ],
91 silly audit   'minimalistic-assert': [ '1.0.1' ],
91 silly audit   minimist: [ '1.2.8' ],
91 silly audit   'multicast-dns': [ '7.2.5' ],
91 silly audit   nanoid: [ '3.3.11' ],
91 silly audit   'natural-compare': [ '1.4.0' ],
91 silly audit   needle: [ '3.3.1' ],
91 silly audit   'neo-async': [ '2.6.2' ],
91 silly audit   'no-case': [ '3.0.4' ],
91 silly audit   'node-abort-controller': [ '3.1.1' ],
91 silly audit   'node-addon-api': [ '7.1.1' ],
91 silly audit   'node-fetch': [ '2.7.0' ],
91 silly audit   'node-forge': [ '1.3.3' ],
91 silly audit   'node-machine-id': [ '1.1.12' ],
91 silly audit   'node-releases': [ '2.0.27' ],
91 silly audit   'node-schedule': [ '2.1.1' ],
91 silly audit   'normalize-path': [ '3.0.0' ],
91 silly audit   'normalize-url': [ '6.1.0' ],
91 silly audit   'npm-run-path': [ '4.0.1' ],
91 silly audit   'nth-check': [ '2.1.1' ],
91 silly audit   nx: [ '22.3.3' ],
91 silly audit   ora: [ '5.3.0', '9.0.0' ],
91 silly audit   'object-inspect': [ '1.13.4' ],
91 silly audit   obuf: [ '1.1.2' ],
91 silly audit   obug: [ '2.1.1' ],
91 silly audit   'on-finished': [ '2.4.1' ],
91 silly audit   'on-headers': [ '1.1.0' ],
91 silly audit   once: [ '1.4.0' ],
91 silly audit   onetime: [ '5.1.2', '7.0.0' ],
91 silly audit   open: [ '8.4.2', '10.2.0' ],
91 silly audit   opener: [ '1.5.2' ],
91 silly audit   optionator: [ '0.9.4' ],
91 silly audit   'restore-cursor': [ '5.1.0', '3.1.0' ],
91 silly audit   'signal-exit': [ '4.1.0', '3.0.7' ],
91 silly audit   'string-width': [ '8.1.0', '4.2.3' ],
91 silly audit   'strip-ansi': [ '7.1.2', '6.0.1' ],
91 silly audit   'p-finally': [ '1.0.0' ],
91 silly audit   'p-limit': [ '3.1.0', '4.0.0', '2.3.0' ],
91 silly audit   'p-locate': [ '5.0.0', '6.0.0', '4.1.0' ],
91 silly audit   'p-queue': [ '6.6.2' ],
91 silly audit   'p-retry': [ '6.2.1' ],
91 silly audit   'p-timeout': [ '3.2.0' ],
91 silly audit   'p-try': [ '2.2.0' ],
91 silly audit   'parent-module': [ '1.0.1' ],
91 silly audit   'parse-json': [ '5.2.0' ],
91 silly audit   'parse-node-version': [ '1.0.1' ],
91 silly audit   'parse-passwd': [ '1.0.0' ],
91 silly audit   parse5: [ '4.0.0' ],
91 silly audit   parseurl: [ '1.3.3' ],
91 silly audit   'path-exists': [ '4.0.0', '5.0.0' ],
91 silly audit   'path-key': [ '3.1.1' ],
91 silly audit   'path-parse': [ '1.0.7' ],
91 silly audit   'path-to-regexp': [ '0.1.12' ],
91 silly audit   'path-type': [ '4.0.0' ],
91 silly audit   pathe: [ '2.0.3' ],
91 silly audit   picocolors: [ '1.1.1' ],
91 silly audit   pify: [ '4.0.1', '2.3.0', '5.0.0' ],
91 silly audit   'pkg-dir': [ '7.0.0', '4.2.0' ],
91 silly audit   'yocto-queue': [ '1.2.2', '0.1.0' ],
91 silly audit   portfinder: [ '1.0.38' ],
91 silly audit   postcss: [ '8.5.6' ],
91 silly audit   'postcss-calc': [ '9.0.1', '8.2.4' ],
91 silly audit   'postcss-colormin': [ '6.1.0', '5.3.1' ],
91 silly audit   'postcss-convert-values': [ '6.1.0', '5.1.3' ],
91 silly audit   'postcss-discard-comments': [ '6.0.2', '5.1.2' ],
91 silly audit   'postcss-discard-duplicates': [ '6.0.3', '5.1.0' ],
91 silly audit   'postcss-discard-empty': [ '6.0.3', '5.1.1' ],
91 silly audit   'postcss-discard-overridden': [ '6.0.2', '5.1.0' ],
91 silly audit   'postcss-import': [ '14.1.0' ],
91 silly audit   'postcss-load-config': [ '3.1.4' ],
91 silly audit   'postcss-merge-longhand': [ '6.0.5', '5.1.7' ],
91 silly audit   'postcss-merge-rules': [ '6.1.1', '5.1.4' ],
91 silly audit   'postcss-minify-font-values': [ '6.1.0', '5.1.0' ],
91 silly audit   'postcss-minify-gradients': [ '6.0.3', '5.1.1' ],
91 silly audit   'postcss-minify-params': [ '6.1.0', '5.1.4' ],
91 silly audit   'postcss-minify-selectors': [ '6.0.4', '5.2.1' ],
91 silly audit   'postcss-modules': [ '4.3.1' ],
91 silly audit   'postcss-modules-extract-imports': [ '3.1.0' ],
91 silly audit   'postcss-modules-local-by-default': [ '4.2.0' ],
91 silly audit   'postcss-selector-parser': [ '7.1.1', '6.1.2' ],
91 silly audit   'postcss-modules-scope': [ '3.2.1' ],
91 silly audit   'postcss-modules-values': [ '4.0.0' ],
91 silly audit   'postcss-normalize-charset': [ '6.0.2', '5.1.0' ],
91 silly audit   'postcss-normalize-display-values': [ '6.0.2', '5.1.0' ],
91 silly audit   'postcss-normalize-positions': [ '6.0.2', '5.1.1' ],
91 silly audit   'postcss-normalize-repeat-style': [ '6.0.2', '5.1.1' ],
91 silly audit   'postcss-normalize-string': [ '6.0.2', '5.1.0' ],
91 silly audit   'postcss-normalize-timing-functions': [ '6.0.2', '5.1.0' ],
91 silly audit   'postcss-normalize-unicode': [ '6.1.0', '5.1.1' ],
91 silly audit   'postcss-normalize-url': [ '6.0.2', '5.1.0' ],
91 silly audit   'postcss-normalize-whitespace': [ '6.0.2', '5.1.1' ],
91 silly audit   'postcss-ordered-values': [ '6.0.2', '5.1.3' ],
91 silly audit   'postcss-reduce-initial': [ '6.1.0', '5.1.2' ],
91 silly audit   'postcss-reduce-transforms': [ '6.0.2', '5.1.0' ],
91 silly audit   'postcss-svgo': [ '6.0.3', '5.1.0' ],
91 silly audit   'postcss-unique-selectors': [ '6.0.4', '5.1.1' ],
91 silly audit   'postcss-value-parser': [ '4.2.0' ],
91 silly audit   'prelude-ls': [ '1.2.1' ],
91 silly audit   'pretty-format': [ '30.2.0' ],
91 silly audit   'process-nextick-args': [ '2.0.1' ],
91 silly audit   'promise.series': [ '0.2.0' ],
91 silly audit   'proxy-addr': [ '2.0.7' ],
91 silly audit   'proxy-from-env': [ '1.1.0' ],
91 silly audit   prr: [ '1.0.1' ],
91 silly audit   punycode: [ '2.3.1' ],
91 silly audit   qs: [ '6.14.1' ],
91 silly audit   'queue-microtask': [ '1.2.3' ],
91 silly audit   rambda: [ '9.4.2' ],
91 silly audit   randombytes: [ '2.1.0' ],
91 silly audit   'range-parser': [ '1.2.1' ],
91 silly audit   'raw-body': [ '2.5.3' ],
91 silly audit   'react-is': [ '18.3.1' ],
91 silly audit   'react-refresh': [ '0.18.0' ],
91 silly audit   'read-cache': [ '1.0.0' ],
91 silly audit   regenerate: [ '1.4.2' ],
91 silly audit   'regenerate-unicode-properties': [ '10.2.2' ],
91 silly audit   'regexpu-core': [ '6.4.0' ],
91 silly audit   regjsgen: [ '0.8.0' ],
91 silly audit   regjsparser: [ '0.13.0' ],
91 silly audit   'require-directory': [ '2.1.1' ],
91 silly audit   'require-from-string': [ '2.0.2' ],
91 silly audit   'requires-port': [ '1.0.0' ],
91 silly audit   'resolve-dir': [ '1.0.1' ],
91 silly audit   'resolve.exports': [ '2.0.3' ],
91 silly audit   retry: [ '0.13.1' ],
91 silly audit   reusify: [ '1.1.0' ],
91 silly audit   rfdc: [ '1.4.1' ],
91 silly audit   rollup: [ '4.55.1' ],
91 silly audit   'rollup-plugin-postcss': [ '4.0.2' ],
91 silly audit   stylehacks: [ '5.1.1', '6.1.1' ],
91 silly audit   svgo: [ '2.8.0', '3.3.2' ],
91 silly audit   'rollup-plugin-typescript2': [ '0.36.0' ],
91 silly audit   'rollup-pluginutils': [ '2.8.2' ],
91 silly audit   'run-applescript': [ '7.1.0' ],
91 silly audit   'run-parallel': [ '1.2.0' ],
91 silly audit   rxjs: [ '7.8.2' ],
91 silly audit   'safe-identifier': [ '0.4.2' ],
91 silly audit   'safer-buffer': [ '2.1.2' ],
91 silly audit   sass: [ '1.97.1' ],
91 silly audit   'sass-embedded': [ '1.97.1' ],
91 silly audit   'sass-embedded-all-unknown': [ '1.97.1' ],
91 silly audit   'sass-embedded-android-arm': [ '1.97.1' ],
91 silly audit   'sass-embedded-android-arm64': [ '1.97.1' ],
91 silly audit   'sass-embedded-android-riscv64': [ '1.97.1' ],
91 silly audit   'sass-embedded-android-x64': [ '1.97.1' ],
91 silly audit   'sass-embedded-darwin-arm64': [ '1.97.1' ],
91 silly audit   'sass-embedded-darwin-x64': [ '1.97.1' ],
91 silly audit   'sass-embedded-linux-arm': [ '1.97.1' ],
91 silly audit   'sass-embedded-linux-arm64': [ '1.97.1' ],
91 silly audit   'sass-embedded-linux-musl-arm': [ '1.97.1' ],
91 silly audit   'sass-embedded-linux-musl-arm64': [ '1.97.1' ],
91 silly audit   'sass-embedded-linux-musl-riscv64': [ '1.97.1' ],
91 silly audit   'sass-embedded-linux-musl-x64': [ '1.97.1' ],
91 silly audit   'sass-embedded-linux-riscv64': [ '1.97.1' ],
91 silly audit   'sass-embedded-linux-x64': [ '1.97.1' ],
91 silly audit   'sass-embedded-unknown-all': [ '1.97.1' ],
91 silly audit   'sass-embedded-win32-arm64': [ '1.97.1' ],
91 silly audit   'sass-embedded-win32-x64': [ '1.97.1' ],
91 silly audit   'sass-loader': [ '16.0.6' ],
91 silly audit   sax: [ '1.4.3' ],
91 silly audit   scheduler: [ '0.27.0' ],
91 silly audit   'secure-compare': [ '3.0.1' ],
91 silly audit   'select-hose': [ '2.0.0' ],
91 silly audit   selfsigned: [ '2.4.1' ],
91 silly audit   send: [ '0.19.2' ],
91 silly audit   'serialize-javascript': [ '6.0.2' ],
91 silly audit   'serve-index': [ '1.9.1' ],
91 silly audit   setprototypeof: [ '1.1.0', '1.2.0' ],
91 silly audit   'serve-static': [ '1.16.3' ],
91 silly audit   'shallow-clone': [ '3.0.1' ],
91 silly audit   'shebang-command': [ '2.0.0' ],
91 silly audit   'shebang-regex': [ '3.0.0' ],
91 silly audit   'shell-quote': [ '1.8.3' ],
91 silly audit   'side-channel': [ '1.1.0' ],
91 silly audit   'side-channel-list': [ '1.0.0' ],
91 silly audit   'side-channel-map': [ '1.0.1' ],
91 silly audit   'side-channel-weakmap': [ '1.0.2' ],
91 silly audit   siginfo: [ '2.0.0' ],
91 silly audit   slash: [ '4.0.0' ],
91 silly audit   'snake-case': [ '3.0.4' ],
91 silly audit   sockjs: [ '0.3.24' ],
91 silly audit   'sorted-array-functions': [ '1.3.0' ],
91 silly audit   'source-map-js': [ '1.2.1' ],
91 silly audit   'source-map-loader': [ '5.0.0' ],
91 silly audit   'source-map-support': [ '0.5.19', '0.5.21' ],
91 silly audit   spdy: [ '4.0.2' ],
91 silly audit   'spdy-transport': [ '3.0.0' ],
91 silly audit   'sprintf-js': [ '1.0.3' ],
91 silly audit   stable: [ '0.1.8' ],
91 silly audit   stackback: [ '0.0.2' ],
91 silly audit   stackframe: [ '1.3.4' ],
91 silly audit   'std-env': [ '3.10.0' ],
91 silly audit   'stdin-discarder': [ '0.2.2' ],
91 silly audit   streamroller: [ '3.1.5' ],
91 silly audit   universalify: [ '0.1.2', '2.0.1' ],
91 silly audit   'string-hash': [ '1.1.3' ],
91 silly audit   'strip-bom': [ '3.0.0' ],
91 silly audit   'strip-json-comments': [ '3.1.1' ],
91 silly audit   'style-inject': [ '0.3.0' ],
91 silly audit   'style-loader': [ '3.3.4' ],
91 silly audit   'supports-preserve-symlinks-flag': [ '1.0.0' ],
91 silly audit   'svg-parser': [ '2.0.4' ],
91 silly audit   'sync-child-process': [ '1.0.2' ],
91 silly audit   'sync-message-port': [ '1.1.3' ],
91 silly audit   'tailwind-merge': [ '3.4.0' ],
91 silly audit   tailwindcss: [ '4.1.18' ],
91 silly audit   tapable: [ '2.3.0' ],
91 silly audit   'tar-stream': [ '2.2.0' ],
91 silly audit   terser: [ '5.44.1' ],
91 silly audit   'terser-webpack-plugin': [ '5.3.16' ],
91 silly audit   thingies: [ '2.5.0' ],
91 silly audit   thunky: [ '1.1.0' ],
91 silly audit   tinybench: [ '2.9.0' ],
91 silly audit   tinyexec: [ '1.0.2' ],
91 silly audit   tinyglobby: [ '0.2.15' ],
91 silly audit   tinyrainbow: [ '3.0.3' ],
91 silly audit   tmp: [ '0.2.5' ],
91 silly audit   'to-regex-range': [ '5.0.1' ],
91 silly audit   toidentifier: [ '1.0.1' ],
91 silly audit   tr46: [ '0.0.3' ],
91 silly audit   'tree-dump': [ '1.1.0' ],
91 silly audit   'tree-kill': [ '1.2.2' ],
91 silly audit   'ts-api-utils': [ '2.4.0' ],
91 silly audit   'ts-checker-rspack-plugin': [ '1.2.3' ],
91 silly audit   'ts-loader': [ '9.5.4' ],
91 silly audit   'tsconfig-paths': [ '4.2.0' ],
91 silly audit   'tsconfig-paths-webpack-plugin': [ '4.2.0' ],
91 silly audit   tslib: [ '2.8.1' ],
91 silly audit   tsscmp: [ '1.0.6' ],
91 silly audit   'type-check': [ '0.4.0' ],
91 silly audit   'typed-assert': [ '1.0.9' ],
91 silly audit   'undici-types': [ '7.16.0' ],
91 silly audit   'unicode-canonical-property-names-ecmascript': [ '2.0.1' ],
91 silly audit   'unicode-match-property-ecmascript': [ '2.0.0' ],
91 silly audit   'unicode-match-property-value-ecmascript': [ '2.2.1' ],
91 silly audit   'unicode-property-aliases-ecmascript': [ '2.2.0' ],
91 silly audit   union: [ '0.5.0' ],
91 silly audit   unpipe: [ '1.0.0' ],
91 silly audit   upath: [ '2.0.1' ],
91 silly audit   'update-browserslist-db': [ '1.2.3' ],
91 silly audit   'uri-js': [ '4.4.1' ],
91 silly audit   'url-join': [ '4.0.1' ],
91 silly audit   'use-isomorphic-layout-effect': [ '1.2.1' ],
91 silly audit   'use-sync-external-store': [ '1.6.0' ],
91 silly audit   'util-deprecate': [ '1.0.2' ],
91 silly audit   'utils-merge': [ '1.0.1' ],
91 silly audit   uuid: [ '8.3.2' ],
91 silly audit   varint: [ '6.0.0' ],
91 silly audit   vary: [ '1.1.2' ],
91 silly audit   vite: [ '7.3.0' ],
91 silly audit   vitest: [ '4.0.16' ],
91 silly audit   watchpack: [ '2.5.0' ],
91 silly audit   wbuf: [ '1.7.3' ],
91 silly audit   wcwidth: [ '1.0.1' ],
91 silly audit   'webidl-conversions': [ '3.0.1' ],
91 silly audit   webpack: [ '5.104.1' ],
91 silly audit   'webpack-dev-middleware': [ '7.4.5' ],
91 silly audit   'webpack-dev-server': [ '5.2.2' ],
91 silly audit   'webpack-merge': [ '5.10.0' ],
91 silly audit   'webpack-node-externals': [ '3.0.0' ],
91 silly audit   'webpack-sources': [ '3.3.3' ],
91 silly audit   'webpack-subresource-integrity': [ '5.1.0' ],
91 silly audit   'websocket-driver': [ '0.7.4' ],
91 silly audit   'websocket-extensions': [ '0.1.4' ],
91 silly audit   'whatwg-encoding': [ '2.0.0' ],
91 silly audit   'whatwg-url': [ '5.0.0' ],
91 silly audit   'why-is-node-running': [ '2.3.0' ],
91 silly audit   wildcard: [ '2.0.1' ],
91 silly audit   'word-wrap': [ '1.2.5' ],
91 silly audit   'wrap-ansi': [ '7.0.0' ],
91 silly audit   wrappy: [ '1.0.2' ],
91 silly audit   ws: [ '8.18.0' ],
91 silly audit   'wsl-utils': [ '0.1.0' ],
91 silly audit   xstate: [ '5.25.0' ],
91 silly audit   y18n: [ '5.0.8' ],
91 silly audit   yallist: [ '3.1.1' ],
91 silly audit   yargs: [ '17.7.2' ],
91 silly audit   'yargs-parser': [ '21.1.1' ],
91 silly audit   yoctocolors: [ '2.1.2' ],
91 silly audit   typescript: [ '5.3.3', '5.9.3' ],
91 silly audit   readdirp: [ '4.1.2', '3.6.0' ],
91 silly audit   anymatch: [ '3.1.3' ],
91 silly audit   'is-binary-path': [ '2.1.0' ],
91 silly audit   'binary-extensions': [ '2.3.0' ]
91 silly audit }
92 http cache readdirp@https://registry.npmjs.org/readdirp/-/readdirp-4.1.2.tgz 0ms (cache hit)
93 http cache chokidar@https://registry.npmjs.org/chokidar/-/chokidar-4.0.3.tgz 0ms (cache hit)
94 http cache fsevents@https://registry.npmjs.org/fsevents/-/fsevents-2.3.3.tgz 0ms (cache hit)
95 http cache typescript@https://registry.npmjs.org/typescript/-/typescript-5.3.3.tgz 0ms (cache hit)
96 http cache readdirp@https://registry.npmjs.org/readdirp/-/readdirp-3.6.0.tgz 0ms (cache hit)
97 http cache chokidar@https://registry.npmjs.org/chokidar/-/chokidar-3.6.0.tgz 0ms (cache hit)
98 http cache picomatch@https://registry.npmjs.org/picomatch/-/picomatch-2.3.1.tgz 0ms (cache hit)
99 http cache glob-parent@https://registry.npmjs.org/glob-parent/-/glob-parent-5.1.2.tgz 0ms (cache hit)
100 http cache glob-parent@https://registry.npmjs.org/glob-parent/-/glob-parent-5.1.2.tgz 0ms (cache hit)
101 http cache chokidar@https://registry.npmjs.org/chokidar/-/chokidar-3.6.0.tgz 0ms (cache hit)
102 http cache readdirp@https://registry.npmjs.org/readdirp/-/readdirp-3.6.0.tgz 0ms (cache hit)
103 http cache picomatch@https://registry.npmjs.org/picomatch/-/picomatch-2.3.1.tgz 0ms (cache hit)
104 http cache readdirp@https://registry.npmjs.org/readdirp/-/readdirp-3.6.0.tgz 0ms (cache hit)
105 http cache picomatch@https://registry.npmjs.org/picomatch/-/picomatch-2.3.1.tgz 0ms (cache hit)
106 http cache chokidar@https://registry.npmjs.org/chokidar/-/chokidar-3.6.0.tgz 0ms (cache hit)
107 http cache glob-parent@https://registry.npmjs.org/glob-parent/-/glob-parent-5.1.2.tgz 0ms (cache hit)
108 http cache picomatch@https://registry.npmjs.org/picomatch/-/picomatch-2.3.1.tgz 0ms (cache hit)
109 http cache readdirp@https://registry.npmjs.org/readdirp/-/readdirp-3.6.0.tgz 0ms (cache hit)
110 http cache glob-parent@https://registry.npmjs.org/glob-parent/-/glob-parent-5.1.2.tgz 0ms (cache hit)
111 http cache chokidar@https://registry.npmjs.org/chokidar/-/chokidar-3.6.0.tgz 0ms (cache hit)
112 silly tarball no local data for typescript@https://registry.npmjs.org/typescript/-/typescript-5.3.3.tgz. Extracting by manifest.
113 http cache typescript@https://registry.npmjs.org/typescript/-/typescript-5.9.3.tgz 0ms (cache hit)
114 http fetch POST 200 https://registry.npmjs.org/-/npm/v1/security/advisories/bulk 640ms
115 silly audit report {}
116 http fetch GET 200 https://registry.npmjs.org/typescript/-/typescript-5.3.3.tgz 5141ms (cache miss)
117 silly ADD node_modules/fsevents
118 silly ADD node_modules/webpack-dev-server/node_modules/picomatch
119 silly ADD node_modules/webpack-dev-server/node_modules/readdirp
120 silly ADD node_modules/webpack-dev-server/node_modules/glob-parent
121 silly ADD node_modules/webpack-dev-server/node_modules/chokidar
122 silly CHANGE node_modules/typescript
123 silly ADD node_modules/ts-checker-rspack-plugin/node_modules/picomatch
124 silly ADD node_modules/ts-checker-rspack-plugin/node_modules/readdirp
125 silly ADD node_modules/ts-checker-rspack-plugin/node_modules/glob-parent
126 silly ADD node_modules/ts-checker-rspack-plugin/node_modules/chokidar
127 silly REMOVE node_modules/sass/node_modules/readdirp
128 silly REMOVE node_modules/sass/node_modules/chokidar
129 silly CHANGE node_modules/readdirp
130 silly REMOVE node_modules/readdirp/node_modules/picomatch
131 silly ADD node_modules/fork-ts-checker-webpack-plugin/node_modules/picomatch
132 silly ADD node_modules/fork-ts-checker-webpack-plugin/node_modules/readdirp
133 silly ADD node_modules/fork-ts-checker-webpack-plugin/node_modules/glob-parent
134 silly ADD node_modules/fork-ts-checker-webpack-plugin/node_modules/chokidar
135 silly CHANGE node_modules/chokidar
136 silly REMOVE node_modules/chokidar/node_modules/glob-parent
137 silly ADD node_modules/@rspack/dev-server/node_modules/picomatch
138 silly ADD node_modules/@rspack/dev-server/node_modules/readdirp
139 silly ADD node_modules/@rspack/dev-server/node_modules/glob-parent
140 silly ADD node_modules/@rspack/dev-server/node_modules/chokidar
141 silly ADD node_modules/@nx/eslint/node_modules/typescript
142 verbose cwd /Users/somanathkambar/IdeaProjects/OrderManagement
143 verbose os Darwin 25.2.0
144 verbose node v24.12.0
145 verbose npm  v11.6.2
146 verbose exit 0
147 info ok
